Component: ARM Compiler 5.06 (build 20) Tool: armlink [4d35a3]

==============================================================================

Section Cross References

    main.o(.text) refers to led.o(.text) for led_close
    main.o(.text) refers to main.o(.text) for SetAdvParams
    main.o(.text) refers to memcpya.o(.text) for __aeabi_memcpy
    main.o(.text) refers to main.o(.data) for PW_CTRL
    main.o(.text) refers to main.o(.bss) for march_state
    main.o(.text) refers to syd8801_gpio.o(.data) for PIN_CONFIG
    main.o(.text) refers to key.o(.text) for key_config
    main.o(.text) refers to syd8801_timer.o(.text) for timer_0_enable
    main.o(.text) refers to uwrite4.o(.text) for __aeabi_uwrite4
    main.o(.text) refers to main.o(i.__ARM_common_switch8) for __ARM_common_switch8
    main.o(.text) refers to syd8801_debug.o(.text) for dbg_printf
    main.o(.text) refers to syd8801_delay.o(.text) for delay_ms
    main.o(.text) refers to syd8801_gpio.o(.text) for io_irq_enable
    main.o(.text) refers to main.o(.text) for GATTDataSend
    main.o(.text) refers to main.o(.data) for start_tx
    key.o(.text) refers to syd8801_gpio.o(.text) for GPIO_Set_Input
    key.o(.text) refers to key.o(.data) for time_cnt
    key.o(.text) refers to syd8801_gpio.o(.text) for GPIO_Set_Input
    key.o(.text) refers to syd8801_timer.o(.text) for timer_0_enable
    key.o(.text) refers to key.o(.text) for timer0_callback
    led.o(.text) refers to syd8801_gpio.o(.text) for GPIO_Set_Output
    ota.o(.text) refers to memcpya.o(.text) for __aeabi_memcpy
    ota.o(.text) refers to main.o(.text) for CodeErase
    ota.o(.text) refers to ota.o(.data) for pevt
    ota.o(.text) refers to ota.o(.text) for CmdFwErase
    ota.o(.text) refers to memcpya.o(.text) for __aeabi_memcpy
    ota.o(.text) refers to ota.o(.data) for pevt
    syd8801_debug.o(.text) refers to syd8801_uart.o(.text) for uart_0_init
    syd8801_debug.o(.text) refers to printfa.o(i.__0vsprintf) for __c89vsprintf
    syd8801_debug.o(.text) refers to syd8801_debug.o(.bss) for s_formatBuffer
    syd8801_gpio.o(.text) refers to syd8801_gpio.o(.data) for PIN_CONFIG
    syd8801_gpio.o(.text) refers to syd8801_gpio.o(.data) for GPIO_IRQ_CTRL
    syd8801_timer.o(.text) refers to syd8801_delay.o(.text) for delay_us
    syd8801_timer.o(.text) refers to syd8801_timer.o(.data) for TIMER_CTRL
    syd8801_timer.o(.text) refers to syd8801_timer.o(.bss) for timer0_callback
    syd8801_timer.o(.text) refers to syd8801_timer.o(.data) for TIMER_CTRL
    syd8801_timer.o(.text) refers to syd8801_delay.o(.text) for delay_us
    syd8801_timer.o(.text) refers to syd8801_timer.o(.text) for NVIC_EnableIRQ
    syd8801_timer.o(.text) refers to syd8801_timer.o(.data) for TIMER_CTRL
    syd8801_timer.o(.text) refers to syd8801_timer.o(.bss) for timer0_callback
    syd8801_timer.o(.text) refers to syd8801_timer.o(.text) for NVIC_DisableIRQ
    syd8801_timer.o(.text) refers to syd8801_timer.o(.data) for TIMER_CTRL
    syd8801_timer.o(.text) refers to syd8801_delay.o(.text) for delay_us
    syd8801_timer.o(.text) refers to syd8801_timer.o(.text) for NVIC_EnableIRQ
    syd8801_timer.o(.text) refers to syd8801_timer.o(.data) for TIMER_CTRL
    syd8801_timer.o(.text) refers to syd8801_timer.o(.bss) for timer0_callback
    syd8801_timer.o(.text) refers to syd8801_timer.o(.text) for NVIC_DisableIRQ
    syd8801_timer.o(.text) refers to syd8801_timer.o(.data) for TIMER_CTRL
    syd8801_uart.o(.text) refers to syd8801_gpio.o(.data) for PIN_CONFIG
    syd8801_uart.o(.text) refers to syd8801_uart.o(.data) for UART_0_CTRL
    syd8801_uart.o(.text) refers to syd8801_uart.o(.data) for UART_0_CTRL
    syd8801_uart.o(.text) refers to syd8801_uart.o(.text) for NVIC_DisableIRQ
    syd8801_uart.o(.text) refers to syd8801_uart.o(.text) for NVIC_EnableIRQ
    syd8801_uart.o(.text) refers to syd8801_gpio.o(.data) for PIN_CONFIG
    syd8801_uart.o(.text) refers to syd8801_uart.o(.data) for UART_1_CTRL
    syd8801_uart.o(.text) refers to syd8801_uart.o(.data) for UART_1_CTRL
    syd8801_uart.o(.text) refers to syd8801_uart.o(.data) for UART_1_CTRL
    syd8801_uart.o(.text) refers to syd8801_uart.o(.text) for NVIC_DisableIRQ
    syd8801_uart.o(.text) refers to syd8801_uart.o(.text) for uart_0_write
    syd8801_uart.o(.text) refers to syd8801_uart.o(.text) for uart_1_write
    syd8801_ioi2c.o(.text) refers to syd8801_gpio.o(.text) for GPIO_Set_Output
    syd8801_ioi2c.o(.text) refers to syd8801_gpio.o(.text) for GPIO_Pin_Set
    syd8801_ioi2c.o(.text) refers to syd8801_gpio.o(.text) for GPIO_Pin_Clear
    syd8801_ioi2c.o(.text) refers to syd8801_gpio.o(.text) for GPIO_Pin_Clear
    syd8801_ioi2c.o(.text) refers to syd8801_gpio.o(.text) for GPIO_Pin_Clear
    syd8801_ioi2c.o(.text) refers to syd8801_gpio.o(.text) for GPIO_Set_Input
    syd8801_ioi2c.o(.text) refers to syd8801_ioi2c.o(.text) for start
    syd8801_ioi2c.o(.text) refers to syd8801_ioi2c.o(.text) for iic_sendid
    syd8801_ioi2c.o(.text) refers to syd8801_ioi2c.o(.text) for iic_senddata
    syd8801_ioi2c.o(.text) refers to syd8801_ioi2c.o(.text) for stop
    syd8801_ioi2c.o(.text) refers to syd8801_ioi2c.o(.text) for start
    syd8801_ioi2c.o(.text) refers to syd8801_ioi2c.o(.text) for iic_sendid
    syd8801_ioi2c.o(.text) refers to syd8801_ioi2c.o(.text) for iic_senddata
    syd8801_ioi2c.o(.text) refers to syd8801_ioi2c.o(.text) for iic_receivedata
    syd8801_ioi2c.o(.text) refers to syd8801_ioi2c.o(.text) for stop
    syd8801_adc.o(.text) refers to syd8801_adc.o(.data) for BI_CTRL
    syd8801_adc.o(.text) refers to syd8801_gpio.o(.data) for PIN_CONFIG
    syd8801_adc.o(.text) refers to syd8801_adc.o(.data) for BI_CTRL
    syd8801_adc.o(.text) refers to syd8801_adc.o(.data) for BI_CTRL
    syd8801_adc.o(.text) refers to syd8801_adc.o(.data) for BI_CTRL
    startup_armcm0.o(RESET) refers to startup_armcm0.o(STACK) for __initial_sp
    startup_armcm0.o(RESET) refers to startup_armcm0.o(.text) for Reset_Handler
    startup_armcm0.o(RESET) refers to syd8801_uart.o(.text) for UART0_IRQHandler
    startup_armcm0.o(RESET) refers to syd8801_timer.o(.text) for TIMER0_IRQHandler
    startup_armcm0.o(RESET) refers to syd8801_gpio.o(.text) for GPIO_IRQHandler
    startup_armcm0.o(.text) refers to system_armcm0.o(.text) for SystemInit
    startup_armcm0.o(.text) refers to entry.o(.ARM.Collect$$$$00000000) for __main
    system_armcm0.o(.text) refers to system_armcm0.o(.data) for SystemCoreClock
    system_armcm0.o(.text) refers to system_armcm0.o(.data) for SystemCoreClock
    main.o(.text) refers to memcpya.o(.text) for __aeabi_memcpy
    main.o(.text) refers to main.o(.data) for .data
    main.o(.text) refers to main.o(.bss) for .bss
    main.o(.text) refers to main.o(i.__ARM_common_switch8) for __ARM_common_switch8
    main.o(.text) refers to uread4.o(.text) for __aeabi_uread4
    main.o(.text) refers to uwrite4.o(.text) for __aeabi_uwrite4
    main.o(.text) refers to idiv.o(.text) for __aeabi_idivmod
    main.o(.text) refers to memseta.o(.text) for __aeabi_memset
    entry.o(.ARM.Collect$$$$00000000) refers (Special) to entry10a.o(.ARM.Collect$$$$0000000D) for __rt_final_cpp
    entry.o(.ARM.Collect$$$$00000000) refers (Special) to entry11a.o(.ARM.Collect$$$$0000000F) for __rt_final_exit
    entry.o(.ARM.Collect$$$$00000000) refers (Special) to entry7b.o(.ARM.Collect$$$$00000008) for _main_clock
    entry.o(.ARM.Collect$$$$00000000) refers (Special) to entry8b.o(.ARM.Collect$$$$0000000A) for _main_cpp_init
    entry.o(.ARM.Collect$$$$00000000) refers (Special) to entry9a.o(.ARM.Collect$$$$0000000B) for _main_init
    entry.o(.ARM.Collect$$$$00000000) refers (Special) to entry5.o(.ARM.Collect$$$$00000004) for _main_scatterload
    entry.o(.ARM.Collect$$$$00000000) refers (Special) to entry2.o(.ARM.Collect$$$$00000001) for _main_stk
    idiv.o(.text) refers to uidiv.o(.text) for __aeabi_uidivmod
    printfa.o(i.__0fprintf) refers (Special) to iusefp.o(.text) for __I$use$fp
    printfa.o(i.__0fprintf) refers to printfa.o(i._printf_core) for _printf_core
    printfa.o(i.__0fprintf) refers to fputc.o(i.fputc) for fputc
    printfa.o(i.__0printf) refers (Special) to iusefp.o(.text) for __I$use$fp
    printfa.o(i.__0printf) refers to printfa.o(i._printf_core) for _printf_core
    printfa.o(i.__0printf) refers to fputc.o(i.fputc) for fputc
    printfa.o(i.__0printf) refers to stdout.o(.data) for __stdout
    printfa.o(i.__0snprintf) refers (Special) to iusefp.o(.text) for __I$use$fp
    printfa.o(i.__0snprintf) refers to printfa.o(i._printf_core) for _printf_core
    printfa.o(i.__0snprintf) refers to printfa.o(i._snputc) for _snputc
    printfa.o(i.__0sprintf) refers (Special) to iusefp.o(.text) for __I$use$fp
    printfa.o(i.__0sprintf) refers to printfa.o(i._printf_core) for _printf_core
    printfa.o(i.__0sprintf) refers to printfa.o(i._sputc) for _sputc
    printfa.o(i.__0vfprintf) refers (Special) to iusefp.o(.text) for __I$use$fp
    printfa.o(i.__0vfprintf) refers to printfa.o(i._printf_core) for _printf_core
    printfa.o(i.__0vfprintf) refers to fputc.o(i.fputc) for fputc
    printfa.o(i.__0vprintf) refers (Special) to iusefp.o(.text) for __I$use$fp
    printfa.o(i.__0vprintf) refers to printfa.o(i._printf_core) for _printf_core
    printfa.o(i.__0vprintf) refers to fputc.o(i.fputc) for fputc
    printfa.o(i.__0vprintf) refers to stdout.o(.data) for __stdout
    printfa.o(i.__0vsnprintf) refers (Special) to iusefp.o(.text) for __I$use$fp
    printfa.o(i.__0vsnprintf) refers to printfa.o(i._printf_core) for _printf_core
    printfa.o(i.__0vsnprintf) refers to printfa.o(i._snputc) for _snputc
    printfa.o(i.__0vsprintf) refers (Special) to iusefp.o(.text) for __I$use$fp
    printfa.o(i.__0vsprintf) refers to printfa.o(i._printf_core) for _printf_core
    printfa.o(i.__0vsprintf) refers to printfa.o(i._sputc) for _sputc
    printfa.o(i._fp_digits) refers (Special) to iusefp.o(.text) for __I$use$fp
    printfa.o(i._fp_digits) refers to dmul.o(.text) for __aeabi_dmul
    printfa.o(i._fp_digits) refers to ddiv.o(.text) for __aeabi_ddiv
    printfa.o(i._fp_digits) refers to cdrcmple.o(.text) for __aeabi_cdrcmple
    printfa.o(i._fp_digits) refers to dadd.o(.text) for __aeabi_dadd
    printfa.o(i._fp_digits) refers to dfixul.o(.text) for __aeabi_d2ulz
    printfa.o(i._fp_digits) refers to uldiv.o(.text) for __aeabi_uldivmod
    printfa.o(i._printf_core) refers (Special) to iusefp.o(.text) for __I$use$fp
    printfa.o(i._printf_core) refers to printfa.o(i._printf_pre_padding) for _printf_pre_padding
    printfa.o(i._printf_core) refers to uldiv.o(.text) for __aeabi_uldivmod
    printfa.o(i._printf_core) refers to printfa.o(i._printf_post_padding) for _printf_post_padding
    printfa.o(i._printf_core) refers to printfa.o(i._fp_digits) for _fp_digits
    printfa.o(i._printf_core) refers to uidiv.o(.text) for __aeabi_uidivmod
    printfa.o(i._printf_post_padding) refers (Special) to iusefp.o(.text) for __I$use$fp
    printfa.o(i._printf_pre_padding) refers (Special) to iusefp.o(.text) for __I$use$fp
    printfa.o(i._snputc) refers (Special) to iusefp.o(.text) for __I$use$fp
    printfa.o(i._sputc) refers (Special) to iusefp.o(.text) for __I$use$fp
    entry2.o(.ARM.Collect$$$$00000001) refers to entry2.o(.ARM.Collect$$$$00002712) for __lit__00000000
    entry2.o(.ARM.Collect$$$$00002712) refers to startup_armcm0.o(STACK) for __initial_sp
    entry2.o(__vectab_stack_and_reset_area) refers to startup_armcm0.o(STACK) for __initial_sp
    entry2.o(__vectab_stack_and_reset_area) refers to entry.o(.ARM.Collect$$$$00000000) for __main
    entry5.o(.ARM.Collect$$$$00000004) refers to init.o(.text) for __scatterload
    entry9a.o(.ARM.Collect$$$$0000000B) refers to main.o(.text) for main
    entry9b.o(.ARM.Collect$$$$0000000C) refers to main.o(.text) for main
    fputc.o(i.fputc) refers (Special) to iusesemip.o(.text) for __I$use$semihosting$fputc
    fputc.o(i.fputc) refers (Special) to semi.o(.text) for __semihosting_library_function
    uldiv.o(.text) refers to llushr.o(.text) for __aeabi_llsr
    uldiv.o(.text) refers to llshl.o(.text) for __aeabi_llsl
    dadd.o(.text) refers to llshl.o(.text) for __aeabi_llsl
    dadd.o(.text) refers to llsshr.o(.text) for __aeabi_lasr
    dadd.o(.text) refers to depilogue.o(.text) for _double_epilogue
    dmul.o(.text) refers to depilogue.o(.text) for _double_epilogue
    ddiv.o(.text) refers to depilogue.o(.text) for _double_round
    dfixul.o(.text) refers to llushr.o(.text) for __aeabi_llsr
    dfixul.o(.text) refers to llshl.o(.text) for __aeabi_llsl
    init.o(.text) refers to entry5.o(.ARM.Collect$$$$00000004) for __main_after_scatterload
    depilogue.o(.text) refers to depilogue.o(i.__ARM_clz) for __ARM_clz
    depilogue.o(.text) refers to llshl.o(.text) for __aeabi_llsl
    depilogue.o(.text) refers to llushr.o(.text) for __aeabi_llsr


==============================================================================

Removing Unused input sections from the image.

    Removing main.o(.rev16_text), (4 bytes).
    Removing main.o(.revsh_text), (4 bytes).
    Removing main.o(.text), (52 bytes).
    Removing key.o(.rev16_text), (4 bytes).
    Removing key.o(.revsh_text), (4 bytes).
    Removing key.o(.text), (36 bytes).
    Removing led.o(.rev16_text), (4 bytes).
    Removing led.o(.revsh_text), (4 bytes).
    Removing ota.o(.rev16_text), (4 bytes).
    Removing ota.o(.revsh_text), (4 bytes).
    Removing ota.o(.text), (168 bytes).
    Removing ota.o(.text), (50 bytes).
    Removing ota.o(.text), (44 bytes).
    Removing ota.o(.data), (8 bytes).
    Removing syd8801_debug.o(.rev16_text), (4 bytes).
    Removing syd8801_debug.o(.revsh_text), (4 bytes).
    Removing syd8801_delay.o(.rev16_text), (4 bytes).
    Removing syd8801_delay.o(.revsh_text), (4 bytes).
    Removing syd8801_gpio.o(.rev16_text), (4 bytes).
    Removing syd8801_gpio.o(.revsh_text), (4 bytes).
    Removing syd8801_gpio.o(.text), (44 bytes).
    Removing syd8801_timer.o(.rev16_text), (4 bytes).
    Removing syd8801_timer.o(.revsh_text), (4 bytes).
    Removing syd8801_timer.o(.text), (128 bytes).
    Removing syd8801_timer.o(.text), (116 bytes).
    Removing syd8801_timer.o(.text), (32 bytes).
    Removing syd8801_timer.o(.text), (116 bytes).
    Removing syd8801_timer.o(.text), (32 bytes).
    Removing syd8801_uart.o(.rev16_text), (4 bytes).
    Removing syd8801_uart.o(.revsh_text), (4 bytes).
    Removing syd8801_uart.o(.text), (12 bytes).
    Removing syd8801_uart.o(.text), (10 bytes).
    Removing syd8801_uart.o(.text), (108 bytes).
    Removing syd8801_uart.o(.text), (44 bytes).
    Removing syd8801_uart.o(.text), (12 bytes).
    Removing syd8801_uart.o(.text), (10 bytes).
    Removing syd8801_uart.o(.text), (28 bytes).
    Removing syd8801_uart.o(.text), (28 bytes).
    Removing syd8801_uart.o(.text), (20 bytes).
    Removing syd8801_ioi2c.o(.rev16_text), (4 bytes).
    Removing syd8801_ioi2c.o(.revsh_text), (4 bytes).
    Removing syd8801_ioi2c.o(.text), (28 bytes).
    Removing syd8801_ioi2c.o(.text), (36 bytes).
    Removing syd8801_ioi2c.o(.text), (36 bytes).
    Removing syd8801_ioi2c.o(.text), (138 bytes).
    Removing syd8801_ioi2c.o(.text), (96 bytes).
    Removing syd8801_ioi2c.o(.text), (110 bytes).
    Removing syd8801_ioi2c.o(.text), (72 bytes).
    Removing syd8801_ioi2c.o(.text), (84 bytes).
    Removing syd8801_adc.o(.rev16_text), (4 bytes).
    Removing syd8801_adc.o(.revsh_text), (4 bytes).
    Removing syd8801_adc.o(.text), (120 bytes).
    Removing syd8801_adc.o(.text), (80 bytes).
    Removing syd8801_adc.o(.text), (40 bytes).
    Removing syd8801_adc.o(.text), (40 bytes).
    Removing syd8801_adc.o(.data), (4 bytes).
    Removing startup_armcm0.o(HEAP), (3072 bytes).
    Removing system_armcm0.o(.rev16_text), (4 bytes).
    Removing system_armcm0.o(.revsh_text), (4 bytes).
    Removing system_armcm0.o(.text), (16 bytes).
    Removing main.o(.rev16_text), (4 bytes).
    Removing main.o(.revsh_text), (4 bytes).

62 unused section(s) (total 5174 bytes) removed from the image.

==============================================================================

Image Symbol Table

    Local Symbols

    Symbol Name                              Value     Ov Type        Size  Object(Section)

    ../clib/microlib/division.c              0x00000000   Number         0  idiv.o ABSOLUTE
    ../clib/microlib/division.c              0x00000000   Number         0  uidiv.o ABSOLUTE
    ../clib/microlib/division.c              0x00000000   Number         0  uldiv.o ABSOLUTE
    ../clib/microlib/init/entry.s            0x00000000   Number         0  entry8a.o ABSOLUTE
    ../clib/microlib/init/entry.s            0x00000000   Number         0  entry8b.o ABSOLUTE
    ../clib/microlib/init/entry.s            0x00000000   Number         0  entry9a.o ABSOLUTE
    ../clib/microlib/init/entry.s            0x00000000   Number         0  entry9b.o ABSOLUTE
    ../clib/microlib/init/entry.s            0x00000000   Number         0  entry10a.o ABSOLUTE
    ../clib/microlib/init/entry.s            0x00000000   Number         0  entry.o ABSOLUTE
    ../clib/microlib/init/entry.s            0x00000000   Number         0  entry2.o ABSOLUTE
    ../clib/microlib/init/entry.s            0x00000000   Number         0  entry5.o ABSOLUTE
    ../clib/microlib/init/entry.s            0x00000000   Number         0  entry7a.o ABSOLUTE
    ../clib/microlib/init/entry.s            0x00000000   Number         0  entry7b.o ABSOLUTE
    ../clib/microlib/init/entry.s            0x00000000   Number         0  entry10b.o ABSOLUTE
    ../clib/microlib/init/entry.s            0x00000000   Number         0  entry11b.o ABSOLUTE
    ../clib/microlib/init/entry.s            0x00000000   Number         0  entry11a.o ABSOLUTE
    ../clib/microlib/longlong.c              0x00000000   Number         0  llsshr.o ABSOLUTE
    ../clib/microlib/longlong.c              0x00000000   Number         0  llushr.o ABSOLUTE
    ../clib/microlib/longlong.c              0x00000000   Number         0  llshl.o ABSOLUTE
    ../clib/microlib/printf/printf.c         0x00000000   Number         0  printfa.o ABSOLUTE
    ../clib/microlib/stdio/fputc.c           0x00000000   Number         0  fputc.o ABSOLUTE
    ../clib/microlib/stdio/semi.s            0x00000000   Number         0  semi.o ABSOLUTE
    ../clib/microlib/stdio/streams.c         0x00000000   Number         0  stdout.o ABSOLUTE
    ../clib/microlib/string/memcpy.c         0x00000000   Number         0  memcpyb.o ABSOLUTE
    ../clib/microlib/string/memcpy.c         0x00000000   Number         0  memcpya.o ABSOLUTE
    ../clib/microlib/string/memset.c         0x00000000   Number         0  memseta.o ABSOLUTE
    ../clib/microlib/stubs.s                 0x00000000   Number         0  iusefp.o ABSOLUTE
    ../clib/microlib/stubs.s                 0x00000000   Number         0  iusesemip.o ABSOLUTE
    ../clib/microlib/unhosted.c              0x00000000   Number         0  uread4.o ABSOLUTE
    ../clib/microlib/unhosted.c              0x00000000   Number         0  uwrite4.o ABSOLUTE
    ../fplib/microlib/fpadd.c                0x00000000   Number         0  dadd.o ABSOLUTE
    ../fplib/microlib/fpdiv.c                0x00000000   Number         0  ddiv.o ABSOLUTE
    ../fplib/microlib/fpepilogue.c           0x00000000   Number         0  depilogue.o ABSOLUTE
    ../fplib/microlib/fpfix.c                0x00000000   Number         0  dfixul.o ABSOLUTE
    ../fplib/microlib/fpmul.c                0x00000000   Number         0  dmul.o ABSOLUTE
    Driver\\ota.c                            0x00000000   Number         0  ota.o ABSOLUTE
    Driver\\syd8801_adc.c                    0x00000000   Number         0  syd8801_adc.o ABSOLUTE
    Driver\\syd8801_debug.c                  0x00000000   Number         0  syd8801_debug.o ABSOLUTE
    Driver\\syd8801_delay.c                  0x00000000   Number         0  syd8801_delay.o ABSOLUTE
    Driver\\syd8801_gpio.c                   0x00000000   Number         0  syd8801_gpio.o ABSOLUTE
    Driver\\syd8801_ioi2c.c                  0x00000000   Number         0  syd8801_ioi2c.o ABSOLUTE
    Driver\\syd8801_timer.c                  0x00000000   Number         0  syd8801_timer.o ABSOLUTE
    Driver\\syd8801_uart.c                   0x00000000   Number         0  syd8801_uart.o ABSOLUTE
    Driver\ota.c                             0x00000000   Number         0  ota.o ABSOLUTE
    Driver\syd8801_adc.c                     0x00000000   Number         0  syd8801_adc.o ABSOLUTE
    Driver\syd8801_debug.c                   0x00000000   Number         0  syd8801_debug.o ABSOLUTE
    Driver\syd8801_delay.c                   0x00000000   Number         0  syd8801_delay.o ABSOLUTE
    Driver\syd8801_gpio.c                    0x00000000   Number         0  syd8801_gpio.o ABSOLUTE
    Driver\syd8801_ioi2c.c                   0x00000000   Number         0  syd8801_ioi2c.o ABSOLUTE
    Driver\syd8801_timer.c                   0x00000000   Number         0  syd8801_timer.o ABSOLUTE
    Driver\syd8801_uart.c                    0x00000000   Number         0  syd8801_uart.o ABSOLUTE
    Main\\key.c                              0x00000000   Number         0  key.o ABSOLUTE
    Main\\led.c                              0x00000000   Number         0  led.o ABSOLUTE
    Main\\main.c                             0x00000000   Number         0  main.o ABSOLUTE
    Main\\main.c                             0x00000000   Number         0  main.o ABSOLUTE
    Main\key.c                               0x00000000   Number         0  key.o ABSOLUTE
    Main\led.c                               0x00000000   Number         0  led.o ABSOLUTE
    Main\main.c                              0x00000000   Number         0  main.o ABSOLUTE
    Main\main.c                              0x00000000   Number         0  main.o ABSOLUTE
    RTE\Device\ARMCM0\startup_ARMCM0.s       0x00000000   Number         0  startup_armcm0.o ABSOLUTE
    RTE\Device\ARMCM0\system_ARMCM0.c        0x00000000   Number         0  system_armcm0.o ABSOLUTE
    RTE\\Device\\ARMCM0\\system_ARMCM0.c     0x00000000   Number         0  system_armcm0.o ABSOLUTE
    cdrcmple.s                               0x00000000   Number         0  cdrcmple.o ABSOLUTE
    dc.s                                     0x00000000   Number         0  dc.o ABSOLUTE
    handlers.s                               0x00000000   Number         0  handlers.o ABSOLUTE
    init.s                                   0x00000000   Number         0  init.o ABSOLUTE
    RESET                                    0x00006000   Section      192  startup_armcm0.o(RESET)
    .ARM.Collect$$$$00000000                 0x000060c0   Section        0  entry.o(.ARM.Collect$$$$00000000)
    .ARM.Collect$$$$00000001                 0x000060c0   Section        4  entry2.o(.ARM.Collect$$$$00000001)
    .ARM.Collect$$$$00000004                 0x000060c4   Section        4  entry5.o(.ARM.Collect$$$$00000004)
    .ARM.Collect$$$$00000008                 0x000060c8   Section        0  entry7b.o(.ARM.Collect$$$$00000008)
    .ARM.Collect$$$$0000000A                 0x000060c8   Section        0  entry8b.o(.ARM.Collect$$$$0000000A)
    .ARM.Collect$$$$0000000B                 0x000060c8   Section        8  entry9a.o(.ARM.Collect$$$$0000000B)
    .ARM.Collect$$$$0000000D                 0x000060d0   Section        0  entry10a.o(.ARM.Collect$$$$0000000D)
    .ARM.Collect$$$$0000000F                 0x000060d0   Section        0  entry11a.o(.ARM.Collect$$$$0000000F)
    .ARM.Collect$$$$00002712                 0x000060d0   Section        4  entry2.o(.ARM.Collect$$$$00002712)
    __lit__00000000                          0x000060d0   Data           4  entry2.o(.ARM.Collect$$$$00002712)
    .text                                    0x000060d4   Section        0  main.o(.text)
    setup_adv_data                           0x00006197   Thumb Code    48  main.o(.text)
    ble_gatt_read                            0x000061c7   Thumb Code   324  main.o(.text)
    ble_gatt_write                           0x0000630b   Thumb Code    40  main.o(.text)
    gpio_init                                0x00006333   Thumb Code  1174  main.o(.text)
    ble_init                                 0x00006973   Thumb Code   146  main.o(.text)
    timer0_adv_callback                      0x00006a05   Thumb Code    96  main.o(.text)
    gpio_int_callback                        0x00006b4f   Thumb Code   184  main.o(.text)
    .text                                    0x00006dd4   Section        0  key.o(.text)
    timer0_callback                          0x00006e2f   Thumb Code   200  key.o(.text)
    .text                                    0x00006f08   Section        0  led.o(.text)
    .text                                    0x00006f40   Section        0  syd8801_debug.o(.text)
    .text                                    0x00007024   Section        0  syd8801_delay.o(.text)
    .text                                    0x00007060   Section        0  syd8801_gpio.o(.text)
    .text                                    0x00007478   Section        0  syd8801_timer.o(.text)
    NVIC_EnableIRQ                           0x00007595   Thumb Code    14  syd8801_timer.o(.text)
    NVIC_DisableIRQ                          0x000075a3   Thumb Code    16  syd8801_timer.o(.text)
    .text                                    0x000075c0   Section        0  syd8801_uart.o(.text)
    NVIC_EnableIRQ                           0x000076e5   Thumb Code    14  syd8801_uart.o(.text)
    .text                                    0x00007708   Section       28  startup_armcm0.o(.text)
    .text                                    0x00007724   Section        0  system_armcm0.o(.text)
    .text                                    0x00007734   Section        0  main.o(.text)
    AttGetHdlPrimary                         0x00007829   Thumb Code   192  main.o(.text)
    AttReadByTypeValRsp                      0x000078e9   Thumb Code   412  main.o(.text)
    AttReadByTypeReq                         0x00007a85   Thumb Code   120  main.o(.text)
    AttReadRsp                               0x00007afd   Thumb Code   324  main.o(.text)
    AttReadBlobRsp                           0x00007c41   Thumb Code   306  main.o(.text)
    AttWriteReq                              0x00007d73   Thumb Code   430  main.o(.text)
    AttWriteCmd                              0x00007f21   Thumb Code   336  main.o(.text)
    AttPrepareWriteReq                       0x00008071   Thumb Code   284  main.o(.text)
    flash_send_byte                          0x000091eb   Thumb Code    24  main.o(.text)
    flash_recv_byte                          0x00009245   Thumb Code    24  main.o(.text)
    flash_write_status                       0x0000925d   Thumb Code   170  main.o(.text)
    lib_ble_gatt_read                        0x00009d19   Thumb Code    90  main.o(.text)
    .text                                    0x00009d80   Section        0  idiv.o(.text)
    .text                                    0x00009da8   Section        0  memcpya.o(.text)
    .text                                    0x00009dcc   Section        0  memseta.o(.text)
    .text                                    0x00009df0   Section        0  uread4.o(.text)
    .text                                    0x00009e04   Section        0  uwrite4.o(.text)
    .text                                    0x00009e16   Section        0  uidiv.o(.text)
    .text                                    0x00009e42   Section        0  uldiv.o(.text)
    .text                                    0x00009ea2   Section        0  iusefp.o(.text)
    .text                                    0x00009ea4   Section        0  dadd.o(.text)
    .text                                    0x0000a008   Section        0  dmul.o(.text)
    .text                                    0x0000a0d8   Section        0  ddiv.o(.text)
    .text                                    0x0000a1c8   Section        0  dfixul.o(.text)
    .text                                    0x0000a208   Section       40  cdrcmple.o(.text)
    .text                                    0x0000a230   Section       36  init.o(.text)
    .text                                    0x0000a254   Section        0  llshl.o(.text)
    .text                                    0x0000a274   Section        0  llushr.o(.text)
    .text                                    0x0000a296   Section        0  llsshr.o(.text)
    .text                                    0x0000a2bc   Section        0  depilogue.o(.text)
    i.__0vsprintf                            0x0000a37c   Section        0  printfa.o(i.__0vsprintf)
    i.__ARM_clz                              0x0000a3a0   Section        0  depilogue.o(i.__ARM_clz)
    i.__ARM_common_switch8                   0x0000a3ce   Section        0  main.o(i.__ARM_common_switch8)
    i.__scatterload_copy                     0x0000a3e8   Section       14  handlers.o(i.__scatterload_copy)
    i.__scatterload_null                     0x0000a3f6   Section        2  handlers.o(i.__scatterload_null)
    i.__scatterload_zeroinit                 0x0000a3f8   Section       14  handlers.o(i.__scatterload_zeroinit)
    i._fp_digits                             0x0000a408   Section        0  printfa.o(i._fp_digits)
    _fp_digits                               0x0000a409   Thumb Code   316  printfa.o(i._fp_digits)
    i._printf_core                           0x0000a560   Section        0  printfa.o(i._printf_core)
    _printf_core                             0x0000a561   Thumb Code  1754  printfa.o(i._printf_core)
    i._printf_post_padding                   0x0000ac4c   Section        0  printfa.o(i._printf_post_padding)
    _printf_post_padding                     0x0000ac4d   Thumb Code    32  printfa.o(i._printf_post_padding)
    i._printf_pre_padding                    0x0000ac6c   Section        0  printfa.o(i._printf_pre_padding)
    _printf_pre_padding                      0x0000ac6d   Thumb Code    44  printfa.o(i._printf_pre_padding)
    i._sputc                                 0x0000ac98   Section        0  printfa.o(i._sputc)
    _sputc                                   0x0000ac99   Thumb Code    10  printfa.o(i._sputc)
    .data                                    0x20001000   Section       93  main.o(.data)
    g_report                                 0x20001008   Data           4  main.o(.data)
    start_tx                                 0x2000100c   Data           1  main.o(.data)
    start_adv                                0x2000100d   Data           1  main.o(.data)
    cnt_1s                                   0x20001010   Data           2  main.o(.data)
    adv_times                                0x2000102c   Data           4  main.o(.data)
    adv_timer_cnt                            0x20001030   Data           2  main.o(.data)
    PW_CTRL                                  0x20001034   Data           4  main.o(.data)
    j                                        0x2000105c   Data           1  main.o(.data)
    .data                                    0x2000105e   Section        8  key.o(.data)
    time_cnt                                 0x20001060   Data           2  key.o(.data)
    key_cnt                                  0x20001062   Data           2  key.o(.data)
    key_pre                                  0x20001064   Data           2  key.o(.data)
    .data                                    0x20001068   Section       20  syd8801_gpio.o(.data)
    gpio_callback                            0x20001078   Data           4  syd8801_gpio.o(.data)
    .data                                    0x2000107c   Section        4  syd8801_timer.o(.data)
    .data                                    0x20001080   Section       16  syd8801_uart.o(.data)
    uartrx_callback                          0x20001088   Data           8  syd8801_uart.o(.data)
    .data                                    0x20001090   Section        4  system_armcm0.o(.data)
    .data                                    0x20001094   Section       91  main.o(.data)
    fsm_sleep                                0x20001094   Data           1  main.o(.data)
    addr                                     0x20001095   Data           1  main.o(.data)
    addr_en                                  0x20001096   Data           1  main.o(.data)
    save_device_to_flash                     0x20001097   Data           1  main.o(.data)
    profile_data_to_flash                    0x20001098   Data           1  main.o(.data)
    del_bm_to_flash                          0x20001099   Data           1  main.o(.data)
    del_all_bm_to_flash                      0x2000109a   Data           1  main.o(.data)
    connection_update                        0x2000109b   Data           1  main.o(.data)
    isconnected                              0x2000109c   Data           1  main.o(.data)
    lib_Read_Call                            0x2000109d   Data           1  main.o(.data)
    lib_ReadRsp                              0x2000109e   Data           1  main.o(.data)
    lib_ReadRspLen                           0x2000109f   Data           1  main.o(.data)
    dump_pkt                                 0x200010a0   Data           1  main.o(.data)
    key_req                                  0x200010a1   Data           1  main.o(.data)
    auto_save_after_conn                     0x200010a2   Data           1  main.o(.data)
    profile_addr                             0x200010a3   Data           1  main.o(.data)
    profile_sz                               0x200010a4   Data           1  main.o(.data)
    bond_manager_index                       0x200010a5   Data           1  main.o(.data)
    BB_CTRL                                  0x200010a8   Data           4  main.o(.data)
    MISC_CTRL                                0x200010ac   Data           4  main.o(.data)
    PW_CTRL                                  0x200010b0   Data           4  main.o(.data)
    TIMER_CTRL                               0x200010b4   Data           4  main.o(.data)
    pd_cfg                                   0x200010b8   Data           4  main.o(.data)
    slp_cfg                                  0x200010bc   Data           4  main.o(.data)
    lclink                                   0x200010c0   Data           4  main.o(.data)
    flash_hdr                                0x200010c4   Data           4  main.o(.data)
    txpdu                                    0x200010c8   Data           4  main.o(.data)
    rxbuf                                    0x200010cc   Data           4  main.o(.data)
    g_lib_report                             0x200010d4   Data           4  main.o(.data)
    dly_map                                  0x200010dc   Data           5  main.o(.data)
    g_evt                                    0x200010e1   Data           6  main.o(.data)
    update_params                            0x200010e7   Data           8  main.o(.data)
    .bss                                     0x200010f0   Section       42  main.o(.bss)
    .bss                                     0x2000111a   Section      128  syd8801_debug.o(.bss)
    s_formatBuffer                           0x2000111a   Data         128  syd8801_debug.o(.bss)
    .bss                                     0x2000119c   Section       12  syd8801_timer.o(.bss)
    timer0_callback                          0x2000119c   Data          12  syd8801_timer.o(.bss)
    .bss                                     0x200011a8   Section     4321  main.o(.bss)
    evt                                      0x200011a8   Data          26  main.o(.bss)
    peer_bond                                0x200011c2   Data          49  main.o(.bss)
    flash                                    0x200011f3   Data        4096  main.o(.bss)
    profile                                  0x200021f3   Data         128  main.o(.bss)
    lib_ReadRspData                          0x20002273   Data          22  main.o(.bss)
    STACK                                    0x20002290   Section     1024  startup_armcm0.o(STACK)

    Global Symbols

    Symbol Name                              Value     Ov Type        Size  Object(Section)

    BuildAttributes$$THM_ISAv3M$S$PE$A:L22$X:L11$S22$IEEE1$IW$USESV6$~STKCKD$USESV7$~SHL$OSPACE$ROPI$EBA8$MICROLIB$REQ8$PRES8$EABIv2 0x00000000   Number         0  anon$$obj.o ABSOLUTE
    __ARM_use_no_argv                        0x00000000   Number         0  main.o ABSOLUTE
    __cpp_initialize__aeabi_                  - Undefined Weak Reference
    __cxa_finalize                            - Undefined Weak Reference
    __decompress                              - Undefined Weak Reference
    _clock_init                               - Undefined Weak Reference
    _microlib_exit                            - Undefined Weak Reference
    __Vectors_Size                           0x000000c0   Number         0  startup_armcm0.o ABSOLUTE
    __Vectors                                0x00006000   Data           4  startup_armcm0.o(RESET)
    __Vectors_End                            0x000060c0   Data           0  startup_armcm0.o(RESET)
    __main                                   0x000060c1   Thumb Code     0  entry.o(.ARM.Collect$$$$00000000)
    _main_stk                                0x000060c1   Thumb Code     0  entry2.o(.ARM.Collect$$$$00000001)
    _main_scatterload                        0x000060c5   Thumb Code     0  entry5.o(.ARM.Collect$$$$00000004)
    __main_after_scatterload                 0x000060c9   Thumb Code     0  entry5.o(.ARM.Collect$$$$00000004)
    _main_clock                              0x000060c9   Thumb Code     0  entry7b.o(.ARM.Collect$$$$00000008)
    _main_cpp_init                           0x000060c9   Thumb Code     0  entry8b.o(.ARM.Collect$$$$0000000A)
    _main_init                               0x000060c9   Thumb Code     0  entry9a.o(.ARM.Collect$$$$0000000B)
    __rt_final_cpp                           0x000060d1   Thumb Code     0  entry10a.o(.ARM.Collect$$$$0000000D)
    __rt_final_exit                          0x000060d1   Thumb Code     0  entry11a.o(.ARM.Collect$$$$0000000F)
    SystemSleepSYD                           0x000060d5   Thumb Code   194  main.o(.text)
    ble_evt_callback                         0x000067c9   Thumb Code   426  main.o(.text)
    march_state_process                      0x00006a65   Thumb Code   146  main.o(.text)
    Set_Aes_Key                              0x00006af7   Thumb Code    38  main.o(.text)
    Aes_Encrypt                              0x00006b1d   Thumb Code    50  main.o(.text)
    main                                     0x00006c07   Thumb Code   152  main.o(.text)
    key_config                               0x00006dd5   Thumb Code    20  key.o(.text)
    get_key                                  0x00006de9   Thumb Code    70  key.o(.text)
    led_config                               0x00006f09   Thumb Code    18  led.o(.text)
    led_open                                 0x00006f1b   Thumb Code    12  led.o(.text)
    led_close                                0x00006f27   Thumb Code    12  led.o(.text)
    led_turn                                 0x00006f33   Thumb Code    12  led.o(.text)
    dbg_init                                 0x00006f41   Thumb Code    14  syd8801_debug.o(.text)
    dbg_printf                               0x00006f4f   Thumb Code    78  syd8801_debug.o(.text)
    dbg_hexdump                              0x00006f9d   Thumb Code   108  syd8801_debug.o(.text)
    delay_ms                                 0x00007025   Thumb Code    28  syd8801_delay.o(.text)
    delay_us                                 0x00007041   Thumb Code    26  syd8801_delay.o(.text)
    GPIO_Set_Output                          0x00007061   Thumb Code   226  syd8801_gpio.o(.text)
    GPIO_Set_Input                           0x00007143   Thumb Code   394  syd8801_gpio.o(.text)
    GPIO_Pin_Set                             0x000072cd   Thumb Code    50  syd8801_gpio.o(.text)
    GPIO_Pin_Clear                           0x000072ff   Thumb Code    50  syd8801_gpio.o(.text)
    GPIO_Pin_Turn                            0x00007331   Thumb Code    16  syd8801_gpio.o(.text)
    GPIO_Pin_Read                            0x00007341   Thumb Code    44  syd8801_gpio.o(.text)
    io_irq_enable                            0x0000736d   Thumb Code   110  syd8801_gpio.o(.text)
    GPIO_IRQHandler                          0x000073db   Thumb Code   158  syd8801_gpio.o(.text)
    timer_0_enable                           0x00007479   Thumb Code   108  syd8801_timer.o(.text)
    timer_0_disable                          0x000074e5   Thumb Code    26  syd8801_timer.o(.text)
    TIMER0_IRQHandler                        0x000074ff   Thumb Code    50  syd8801_timer.o(.text)
    TIMER1_IRQHandler                        0x00007531   Thumb Code    50  syd8801_timer.o(.text)
    TIMER2_IRQHandler                        0x00007563   Thumb Code    50  syd8801_timer.o(.text)
    uart_0_init                              0x000075c1   Thumb Code   120  syd8801_uart.o(.text)
    uart_0_write                             0x00007639   Thumb Code    40  syd8801_uart.o(.text)
    UART0_IRQHandler                         0x00007661   Thumb Code    66  syd8801_uart.o(.text)
    UART1_IRQHandler                         0x000076a3   Thumb Code    66  syd8801_uart.o(.text)
    Reset_Handler                            0x00007709   Thumb Code     8  startup_armcm0.o(.text)
    NMI_Handler                              0x00007711   Thumb Code     2  startup_armcm0.o(.text)
    HardFault_Handler                        0x00007713   Thumb Code     2  startup_armcm0.o(.text)
    SVC_Handler                              0x00007715   Thumb Code     2  startup_armcm0.o(.text)
    PendSV_Handler                           0x00007717   Thumb Code     2  startup_armcm0.o(.text)
    SysTick_Handler                          0x00007719   Thumb Code     2  startup_armcm0.o(.text)
    I2C0_IRQHandler                          0x0000771b   Thumb Code     0  startup_armcm0.o(.text)
    I2C1_IRQHandler                          0x0000771b   Thumb Code     0  startup_armcm0.o(.text)
    LLC_IRQHandler                           0x0000771b   Thumb Code     0  startup_armcm0.o(.text)
    TIMER3_IRQHandler                        0x0000771b   Thumb Code     0  startup_armcm0.o(.text)
    SystemInit                               0x00007725   Thumb Code     8  system_armcm0.o(.text)
    DelayUS                                  0x00007735   Thumb Code    30  main.o(.text)
    _SetConnectionUpdate                     0x00007753   Thumb Code    90  main.o(.text)
    LCDisConnect                             0x000077ad   Thumb Code   124  main.o(.text)
    Protocol_Hook_Callback                   0x0000818d   Thumb Code   270  main.o(.text)
    AttTxPacket                              0x0000829b   Thumb Code    36  main.o(.text)
    ATTCCallback                             0x000082bf   Thumb Code    34  main.o(.text)
    LibL2capPacketHandle                     0x000082e1   Thumb Code   132  main.o(.text)
    LibLLPacketHandle                        0x00008365   Thumb Code   332  main.o(.text)
    BBRXFIFORead                             0x000084b1   Thumb Code   120  main.o(.text)
    LibRxPkt_Handler                         0x00008529   Thumb Code   144  main.o(.text)
    libLCTxPkt_Handler                       0x000085b9   Thumb Code   224  main.o(.text)
    LL_Evt_Callback                          0x00008699   Thumb Code   210  main.o(.text)
    BleInit                                  0x0000876b   Thumb Code   506  main.o(.text)
    DisConnect                               0x00008965   Thumb Code    26  main.o(.text)
    StartAdv                                 0x0000897f   Thumb Code   466  main.o(.text)
    SetDevAddr                               0x00008b51   Thumb Code    58  main.o(.text)
    GetDevAddr                               0x00008b8b   Thumb Code    18  main.o(.text)
    SetLEFeature                             0x00008b9d   Thumb Code    12  main.o(.text)
    SetAdvData                               0x00008ba9   Thumb Code    12  main.o(.text)
    SetAdvParams                             0x00008bb5   Thumb Code    12  main.o(.text)
    SetSecParams                             0x00008bc1   Thumb Code    12  main.o(.text)
    SetAdvAccCode                            0x00008bcd   Thumb Code    12  main.o(.text)
    SetConnectionUpdate                      0x00008bd9   Thumb Code    18  main.o(.text)
    GetLinkParameters                        0x00008beb   Thumb Code    12  main.o(.text)
    SetPasskey                               0x00008bf7   Thumb Code    12  main.o(.text)
    SetGATTReadRsp                           0x00008c03   Thumb Code    84  main.o(.text)
    LIB_Evt_Callback                         0x00008c57   Thumb Code   162  main.o(.text)
    SetEvtCallback                           0x00008cf9   Thumb Code    56  main.o(.text)
    SetLLEvtCallback                         0x00008d31   Thumb Code    12  main.o(.text)
    GetGATTReportHandle                      0x00008d3d   Thumb Code    12  main.o(.text)
    queryBufEnough                           0x00008d49   Thumb Code    58  main.o(.text)
    queryBufSpace                            0x00008d83   Thumb Code    50  main.o(.text)
    CheckFIFOFull                            0x00008db5   Thumb Code    18  main.o(.text)
    GATTDataSend                             0x00008dc7   Thumb Code    34  main.o(.text)
    LinkWakeup                               0x00008de9   Thumb Code    86  main.o(.text)
    ConnectionLatencyMode                    0x00008e3f   Thumb Code    20  main.o(.text)
    LPOCaliWaitUS                            0x00008e53   Thumb Code   172  main.o(.text)
    RCOSCCalibration                         0x00008eff   Thumb Code     6  main.o(.text)
    MCUClockSwitch                           0x00008f05   Thumb Code     6  main.o(.text)
    ClockSwitch                              0x00008f0b   Thumb Code    58  main.o(.text)
    GetMCUClock                              0x00008f45   Thumb Code    12  main.o(.text)
    GetClock                                 0x00008f51   Thumb Code    12  main.o(.text)
    WakeupConfig                             0x00008f5d   Thumb Code    42  main.o(.text)
    LLSleep                                  0x00008f87   Thumb Code    12  main.o(.text)
    SecurityReq                              0x00008f93   Thumb Code    46  main.o(.text)
    Rand                                     0x00008fc1   Thumb Code    10  main.o(.text)
    checkSlpCfg                              0x00008fcb   Thumb Code     2  main.o(.text)
    PCWaitForEvt                             0x00008fcd   Thumb Code   502  main.o(.text)
    SystemSleep                              0x000091c3   Thumb Code    40  main.o(.text)
    flash_enter_pd                           0x00009203   Thumb Code    66  main.o(.text)
    flash_release_pd                         0x00009307   Thumb Code    76  main.o(.text)
    flash_erase                              0x00009353   Thumb Code   214  main.o(.text)
    _DelBondDeviceByIndex                    0x00009429   Thumb Code   136  main.o(.text)
    _DelAllBondDevice                        0x000094b1   Thumb Code   128  main.o(.text)
    _AddBondDeviceByIndex                    0x00009531   Thumb Code    86  main.o(.text)
    ble_sched_execute                        0x00009587   Thumb Code   192  main.o(.text)
    SystemPowerDown                          0x00009647   Thumb Code   102  main.o(.text)
    SystemReset                              0x000096ad   Thumb Code   110  main.o(.text)
    RFSleep                                  0x0000971b   Thumb Code    10  main.o(.text)
    RFWakeup                                 0x00009725   Thumb Code    36  main.o(.text)
    LPOCalibration                           0x00009749   Thumb Code   122  main.o(.text)
    SetBondManagerIndex                      0x000097c3   Thumb Code    88  main.o(.text)
    GetBondDevice                            0x0000981b   Thumb Code    76  main.o(.text)
    AddBondDevice                            0x00009867   Thumb Code    22  main.o(.text)
    DelAllBondDevice                         0x0000987d   Thumb Code     8  main.o(.text)
    DelBondDevice                            0x00009885   Thumb Code     8  main.o(.text)
    ReadProfileData                          0x0000988d   Thumb Code    48  main.o(.text)
    WriteProfileData                         0x000098bd   Thumb Code   152  main.o(.text)
    ble_flash_erase                          0x00009955   Thumb Code     8  main.o(.text)
    ble_flash_read                           0x0000995d   Thumb Code     4  main.o(.text)
    ble_flash_write                          0x00009961   Thumb Code     4  main.o(.text)
    CodeErase                                0x00009965   Thumb Code    62  main.o(.text)
    CodeWrite                                0x000099a3   Thumb Code     4  main.o(.text)
    CodeUpdate                               0x000099a7   Thumb Code   386  main.o(.text)
    SetATTCCallback                          0x00009b29   Thumb Code     8  main.o(.text)
    ATTC_MTUReq                              0x00009b31   Thumb Code    22  main.o(.text)
    ATTC_FindInfoReq                         0x00009b47   Thumb Code    28  main.o(.text)
    ATTC_FindByTypeValueReq                  0x00009b63   Thumb Code    54  main.o(.text)
    ATTC_ReadByTypeReq                       0x00009b99   Thumb Code    48  main.o(.text)
    ATTC_ReadReq                             0x00009bc9   Thumb Code    22  main.o(.text)
    ATTC_ReadBlobReq                         0x00009bdf   Thumb Code    28  main.o(.text)
    ATTC_ReadMultipleReq                     0x00009bfb   Thumb Code    30  main.o(.text)
    ATTC_ReadByGroupTypeReq                  0x00009c19   Thumb Code    48  main.o(.text)
    ATTC_WriteReq                            0x00009c49   Thumb Code    44  main.o(.text)
    ATTC_WriteCmdReq                         0x00009c75   Thumb Code    44  main.o(.text)
    ATTC_PrepareWriteReq                     0x00009ca1   Thumb Code    80  main.o(.text)
    ATTC_ExecuteWriteReq                     0x00009cf1   Thumb Code    18  main.o(.text)
    ATTC_Confirmation                        0x00009d03   Thumb Code    16  main.o(.text)
    smp_aes_encrypt                          0x00009d13   Thumb Code     6  main.o(.text)
    __aeabi_idiv                             0x00009d81   Thumb Code     0  idiv.o(.text)
    __aeabi_idivmod                          0x00009d81   Thumb Code    40  idiv.o(.text)
    __aeabi_memcpy                           0x00009da9   Thumb Code    36  memcpya.o(.text)
    __aeabi_memcpy4                          0x00009da9   Thumb Code     0  memcpya.o(.text)
    __aeabi_memcpy8                          0x00009da9   Thumb Code     0  memcpya.o(.text)
    __aeabi_memset                           0x00009dcd   Thumb Code    14  memseta.o(.text)
    __aeabi_memset4                          0x00009dcd   Thumb Code     0  memseta.o(.text)
    __aeabi_memset8                          0x00009dcd   Thumb Code     0  memseta.o(.text)
    __aeabi_memclr                           0x00009ddb   Thumb Code     4  memseta.o(.text)
    __aeabi_memclr4                          0x00009ddb   Thumb Code     0  memseta.o(.text)
    __aeabi_memclr8                          0x00009ddb   Thumb Code     0  memseta.o(.text)
    _memset$wrapper                          0x00009ddf   Thumb Code    18  memseta.o(.text)
    __aeabi_uread4                           0x00009df1   Thumb Code    20  uread4.o(.text)
    __rt_uread4                              0x00009df1   Thumb Code     0  uread4.o(.text)
    _uread4                                  0x00009df1   Thumb Code     0  uread4.o(.text)
    __aeabi_uwrite4                          0x00009e05   Thumb Code    18  uwrite4.o(.text)
    __rt_uwrite4                             0x00009e05   Thumb Code     0  uwrite4.o(.text)
    _uwrite4                                 0x00009e05   Thumb Code     0  uwrite4.o(.text)
    __aeabi_uidiv                            0x00009e17   Thumb Code     0  uidiv.o(.text)
    __aeabi_uidivmod                         0x00009e17   Thumb Code    44  uidiv.o(.text)
    __aeabi_uldivmod                         0x00009e43   Thumb Code    96  uldiv.o(.text)
    __I$use$fp                               0x00009ea3   Thumb Code     0  iusefp.o(.text)
    __aeabi_dadd                             0x00009ea5   Thumb Code   328  dadd.o(.text)
    __aeabi_dsub                             0x00009fed   Thumb Code    12  dadd.o(.text)
    __aeabi_drsub                            0x00009ff9   Thumb Code    12  dadd.o(.text)
    __aeabi_dmul                             0x0000a009   Thumb Code   202  dmul.o(.text)
    __aeabi_ddiv                             0x0000a0d9   Thumb Code   234  ddiv.o(.text)
    __aeabi_d2ulz                            0x0000a1c9   Thumb Code    54  dfixul.o(.text)
    __aeabi_cdrcmple                         0x0000a209   Thumb Code    38  cdrcmple.o(.text)
    __scatterload                            0x0000a231   Thumb Code    28  init.o(.text)
    __scatterload_rt2                        0x0000a231   Thumb Code     0  init.o(.text)
    __aeabi_llsl                             0x0000a255   Thumb Code    32  llshl.o(.text)
    _ll_shift_l                              0x0000a255   Thumb Code     0  llshl.o(.text)
    __aeabi_llsr                             0x0000a275   Thumb Code    34  llushr.o(.text)
    _ll_ushift_r                             0x0000a275   Thumb Code     0  llushr.o(.text)
    __aeabi_lasr                             0x0000a297   Thumb Code    38  llsshr.o(.text)
    _ll_sshift_r                             0x0000a297   Thumb Code     0  llsshr.o(.text)
    _double_round                            0x0000a2bd   Thumb Code    26  depilogue.o(.text)
    _double_epilogue                         0x0000a2d7   Thumb Code   164  depilogue.o(.text)
    __0vsprintf                              0x0000a37d   Thumb Code    30  printfa.o(i.__0vsprintf)
    __1vsprintf                              0x0000a37d   Thumb Code     0  printfa.o(i.__0vsprintf)
    __2vsprintf                              0x0000a37d   Thumb Code     0  printfa.o(i.__0vsprintf)
    __c89vsprintf                            0x0000a37d   Thumb Code     0  printfa.o(i.__0vsprintf)
    vsprintf                                 0x0000a37d   Thumb Code     0  printfa.o(i.__0vsprintf)
    __ARM_clz                                0x0000a3a1   Thumb Code    46  depilogue.o(i.__ARM_clz)
    __ARM_common_switch8                     0x0000a3cf   Thumb Code    26  main.o(i.__ARM_common_switch8)
    __scatterload_copy                       0x0000a3e9   Thumb Code    14  handlers.o(i.__scatterload_copy)
    __scatterload_null                       0x0000a3f7   Thumb Code     2  handlers.o(i.__scatterload_null)
    __scatterload_zeroinit                   0x0000a3f9   Thumb Code    14  handlers.o(i.__scatterload_zeroinit)
    Region$$Table$$Base                      0x0000aca4   Number         0  anon$$obj.o(Region$$Table)
    Region$$Table$$Limit                     0x0000acc4   Number         0  anon$$obj.o(Region$$Table)
    local_Addr                               0x20001000   Data           7  main.o(.data)
    timer1s_inting                           0x2000100e   Data           1  main.o(.data)
    ADV_DATA                                 0x20001012   Data          19  main.o(.data)
    ADV_DATA_SZ                              0x20001026   Data           2  main.o(.data)
    SCAN_DATA                                0x20001028   Data           1  main.o(.data)
    SCAN_DATA_SZ                             0x2000102a   Data           2  main.o(.data)
    plaintext                                0x20001038   Data          16  main.o(.data)
    kEY                                      0x20001048   Data          16  main.o(.data)
    key_SendData                             0x20001058   Data           4  main.o(.data)
    key_sta                                  0x2000105e   Data           1  key.o(.data)
    PIN_CONFIG                               0x20001068   Data           4  syd8801_gpio.o(.data)
    GPO_CTRL                                 0x2000106c   Data           4  syd8801_gpio.o(.data)
    GPI_CTRL                                 0x20001070   Data           4  syd8801_gpio.o(.data)
    GPIO_IRQ_CTRL                            0x20001074   Data           4  syd8801_gpio.o(.data)
    TIMER_CTRL                               0x2000107c   Data           4  syd8801_timer.o(.data)
    UART_0_CTRL                              0x20001080   Data           4  syd8801_uart.o(.data)
    UART_1_CTRL                              0x20001084   Data           4  syd8801_uart.o(.data)
    SystemCoreClock                          0x20001090   Data           4  system_armcm0.o(.data)
    FLASH_CTRL                               0x200010d0   Data           4  main.o(.data)
    p_attc_callback                          0x200010d8   Data           4  main.o(.data)
    march_state                              0x200010f0   Data          26  main.o(.bss)
    encrypted                                0x2000110a   Data          16  main.o(.bss)
    __initial_sp                             0x20002690   Data           0  startup_armcm0.o(STACK)



==============================================================================

Memory Map of the image

  Image Entry point : 0x000060c1

  Load Region LR_IROM1 (Base: 0x00006000, Size: 0x00004db4, Max: 0x00008000, ABSOLUTE)

    Execution Region ER_IROM1 (Base: 0x00006000, Size: 0x00004cc4, Max: 0x00008000, ABSOLUTE)

    Base Addr    Size         Type   Attr      Idx    E Section Name        Object

    0x00006000   0x000000c0   Data   RO          512    RESET               startup_armcm0.o
    0x000060c0   0x00000000   Code   RO          620  * .ARM.Collect$$$$00000000  mc_p.l(entry.o)
    0x000060c0   0x00000004   Code   RO          663    .ARM.Collect$$$$00000001  mc_p.l(entry2.o)
    0x000060c4   0x00000004   Code   RO          666    .ARM.Collect$$$$00000004  mc_p.l(entry5.o)
    0x000060c8   0x00000000   Code   RO          668    .ARM.Collect$$$$00000008  mc_p.l(entry7b.o)
    0x000060c8   0x00000000   Code   RO          670    .ARM.Collect$$$$0000000A  mc_p.l(entry8b.o)
    0x000060c8   0x00000008   Code   RO          671    .ARM.Collect$$$$0000000B  mc_p.l(entry9a.o)
    0x000060d0   0x00000000   Code   RO          673    .ARM.Collect$$$$0000000D  mc_p.l(entry10a.o)
    0x000060d0   0x00000000   Code   RO          675    .ARM.Collect$$$$0000000F  mc_p.l(entry11a.o)
    0x000060d0   0x00000004   Code   RO          664    .ARM.Collect$$$$00002712  mc_p.l(entry2.o)
    0x000060d4   0x00000d00   Code   RO            3    .text               main.o
    0x00006dd4   0x00000134   Code   RO           93    .text               key.o
    0x00006f08   0x00000036   Code   RO          125    .text               led.o
    0x00006f3e   0x00000002   PAD
    0x00006f40   0x000000e4   Code   RO          179    .text               syd8801_debug.o
    0x00007024   0x0000003c   Code   RO          212    .text               syd8801_delay.o
    0x00007060   0x00000418   Code   RO          232    .text               syd8801_gpio.o
    0x00007478   0x00000148   Code   RO          267    .text               syd8801_timer.o
    0x000075c0   0x00000148   Code   RO          324    .text               syd8801_uart.o
    0x00007708   0x0000001c   Code   RO          513    .text               startup_armcm0.o
    0x00007724   0x00000010   Code   RO          520    .text               system_armcm0.o
    0x00007734   0x0000264c   Code   RO          551    .text               syd_ble_keil.lib(main.o)
    0x00009d80   0x00000028   Code   RO          623    .text               mc_p.l(idiv.o)
    0x00009da8   0x00000024   Code   RO          625    .text               mc_p.l(memcpya.o)
    0x00009dcc   0x00000024   Code   RO          627    .text               mc_p.l(memseta.o)
    0x00009df0   0x00000014   Code   RO          659    .text               mc_p.l(uread4.o)
    0x00009e04   0x00000012   Code   RO          661    .text               mc_p.l(uwrite4.o)
    0x00009e16   0x0000002c   Code   RO          680    .text               mc_p.l(uidiv.o)
    0x00009e42   0x00000060   Code   RO          682    .text               mc_p.l(uldiv.o)
    0x00009ea2   0x00000000   Code   RO          684    .text               mc_p.l(iusefp.o)
    0x00009ea2   0x00000002   PAD
    0x00009ea4   0x00000164   Code   RO          685    .text               mf_p.l(dadd.o)
    0x0000a008   0x000000d0   Code   RO          687    .text               mf_p.l(dmul.o)
    0x0000a0d8   0x000000f0   Code   RO          689    .text               mf_p.l(ddiv.o)
    0x0000a1c8   0x00000040   Code   RO          691    .text               mf_p.l(dfixul.o)
    0x0000a208   0x00000028   Code   RO          693    .text               mf_p.l(cdrcmple.o)
    0x0000a230   0x00000024   Code   RO          695    .text               mc_p.l(init.o)
    0x0000a254   0x00000020   Code   RO          698    .text               mc_p.l(llshl.o)
    0x0000a274   0x00000022   Code   RO          700    .text               mc_p.l(llushr.o)
    0x0000a296   0x00000026   Code   RO          702    .text               mc_p.l(llsshr.o)
    0x0000a2bc   0x000000be   Code   RO          705    .text               mf_p.l(depilogue.o)
    0x0000a37a   0x00000002   PAD
    0x0000a37c   0x00000024   Code   RO          638    i.__0vsprintf       mc_p.l(printfa.o)
    0x0000a3a0   0x0000002e   Code   RO          707    i.__ARM_clz         mf_p.l(depilogue.o)
    0x0000a3ce   0x0000001a   Code   RO          571    i.__ARM_common_switch8  syd_ble_keil.lib(main.o)
    0x0000a3e8   0x0000000e   Code   RO          710    i.__scatterload_copy  mc_p.l(handlers.o)
    0x0000a3f6   0x00000002   Code   RO          711    i.__scatterload_null  mc_p.l(handlers.o)
    0x0000a3f8   0x0000000e   Code   RO          712    i.__scatterload_zeroinit  mc_p.l(handlers.o)
    0x0000a406   0x00000002   PAD
    0x0000a408   0x00000158   Code   RO          639    i._fp_digits        mc_p.l(printfa.o)
    0x0000a560   0x000006ec   Code   RO          640    i._printf_core      mc_p.l(printfa.o)
    0x0000ac4c   0x00000020   Code   RO          641    i._printf_post_padding  mc_p.l(printfa.o)
    0x0000ac6c   0x0000002c   Code   RO          642    i._printf_pre_padding  mc_p.l(printfa.o)
    0x0000ac98   0x0000000a   Code   RO          644    i._sputc            mc_p.l(printfa.o)
    0x0000aca2   0x00000002   PAD
    0x0000aca4   0x00000020   Data   RO          709    Region$$Table       anon$$obj.o


    Execution Region RW_IRAM1 (Base: 0x20001000, Size: 0x00001690, Max: 0x00002000, ABSOLUTE)

    Base Addr    Size         Type   Attr      Idx    E Section Name        Object

    0x20001000   0x0000005d   Data   RW            6    .data               main.o
    0x2000105d   0x00000001   PAD
    0x2000105e   0x00000008   Data   RW           95    .data               key.o
    0x20001066   0x00000002   PAD
    0x20001068   0x00000014   Data   RW          234    .data               syd8801_gpio.o
    0x2000107c   0x00000004   Data   RW          274    .data               syd8801_timer.o
    0x20001080   0x00000010   Data   RW          334    .data               syd8801_uart.o
    0x20001090   0x00000004   Data   RW          521    .data               system_armcm0.o
    0x20001094   0x0000005b   Data   RW          553    .data               syd_ble_keil.lib(main.o)
    0x200010ef   0x00000001   PAD
    0x200010f0   0x0000002a   Zero   RW            5    .bss                main.o
    0x2000111a   0x00000080   Zero   RW          180    .bss                syd8801_debug.o
    0x2000119a   0x00000002   PAD
    0x2000119c   0x0000000c   Zero   RW          273    .bss                syd8801_timer.o
    0x200011a8   0x000010e1   Zero   RW          552    .bss                syd_ble_keil.lib(main.o)
    0x20002289   0x00000007   PAD
    0x20002290   0x00000400   Zero   RW          510    STACK               startup_armcm0.o


==============================================================================

Image component sizes


      Code (inc. data)   RO Data    RW Data    ZI Data      Debug   Object Name

       308         18          0          8          0       1119   key.o
        54          0          0          0          0        929   led.o
      3328        458          0         93         42      27684   main.o
        28          8        192          0       1024        608   startup_armcm0.o
       228         28          0          0        128       2318   syd8801_debug.o
        60          6          0          0          0        652   syd8801_delay.o
      1048         26          0         20          0       8904   syd8801_gpio.o
       328         14          0          4         12       1964   syd8801_timer.o
       328         22          0         16          0       1875   syd8801_uart.o
        16          8          0          4          0        655   system_armcm0.o

    ----------------------------------------------------------------------
      5728        588        224        148       1208      46708   Object Totals
         0          0         32          0          0          0   (incl. Generated)
         2          0          0          3          2          0   (incl. Padding)

    ----------------------------------------------------------------------

      Code (inc. data)   RO Data    RW Data    ZI Data      Debug   Library Member Name

         0          0          0          0          0          0   entry.o
         0          0          0          0          0          0   entry10a.o
         0          0          0          0          0          0   entry11a.o
         8          4          0          0          0          0   entry2.o
         4          0          0          0          0          0   entry5.o
         0          0          0          0          0          0   entry7b.o
         0          0          0          0          0          0   entry8b.o
         8          4          0          0          0          0   entry9a.o
        30          0          0          0          0          0   handlers.o
        40          0          0          0          0         72   idiv.o
        36          8          0          0          0         68   init.o
         0          0          0          0          0          0   iusefp.o
        32          0          0          0          0         68   llshl.o
        38          0          0          0          0         68   llsshr.o
        34          0          0          0          0         68   llushr.o
        36          0          0          0          0         60   memcpya.o
        36          0          0          0          0        100   memseta.o
      2238         96          0          0          0        460   printfa.o
        44          0          0          0          0         72   uidiv.o
        96          0          0          0          0         84   uldiv.o
        20          0          0          0          0         60   uread4.o
        18          0          0          0          0         60   uwrite4.o
        40          2          0          0          0         68   cdrcmple.o
       356          4          0          0          0        140   dadd.o
       240          6          0          0          0         84   ddiv.o
       236          0          0          0          0        216   depilogue.o
        64         10          0          0          0         68   dfixul.o
       208          6          0          0          0         88   dmul.o
      9830        452          0         91       4321      99237   main.o

    ----------------------------------------------------------------------
     13700        592          0         92       4328     101141   Library Totals
         8          0          0          1          7          0   (incl. Padding)

    ----------------------------------------------------------------------

      Code (inc. data)   RO Data    RW Data    ZI Data      Debug   Library Name

      2718        112          0          0          0       1240   mc_p.l
      1144         28          0          0          0        664   mf_p.l
      9830        452          0         91       4321      99237   syd_ble_keil.lib

    ----------------------------------------------------------------------
     13700        592          0         92       4328     101141   Library Totals

    ----------------------------------------------------------------------

==============================================================================


      Code (inc. data)   RO Data    RW Data    ZI Data      Debug   

     19428       1180        224        240       5536     146497   Grand Totals
     19428       1180        224        240       5536     146497   ELF Image Totals
     19428       1180        224        240          0          0   ROM Totals

==============================================================================

    Total RO  Size (Code + RO Data)                19652 (  19.19kB)
    Total RW  Size (RW Data + ZI Data)              5776 (   5.64kB)
    Total ROM Size (Code + RO Data + RW Data)      19892 (  19.43kB)

==============================================================================

