Component: ARM Compiler 5.06 (build 20) Tool: armlink [4d35a3]

==============================================================================

Section Cross References

    main.o(.text) refers to led.o(.text) for led_close
    main.o(.text) refers to main.o(.text) for SetAdvParams
    main.o(.text) refers to ota.o(.text) for ota_rsp
    main.o(.text) refers to memcpya.o(.text) for __aeabi_memcpy
    main.o(.text) refers to main.o(.data) for PW_CTRL
    main.o(.text) refers to main.o(.bss) for march_state
    main.o(.text) refers to syd8801_gpio.o(.data) for PIN_CONFIG
    main.o(.text) refers to key.o(.text) for key_config
    main.o(.text) refers to syd8801_timer.o(.text) for timer_0_enable
    main.o(.text) refers to uwrite4.o(.text) for __aeabi_uwrite4
    main.o(.text) refers to main.o(i.__ARM_common_switch8) for __ARM_common_switch8
    main.o(.text) refers to syd8801_gpio.o(.text) for io_irq_enable
    key.o(.text) refers to syd8801_gpio.o(.text) for GPIO_Set_Input
    key.o(.text) refers to key.o(.data) for time_cnt
    key.o(.text) refers to syd8801_gpio.o(.text) for GPIO_Set_Input
    key.o(.text) refers to syd8801_timer.o(.text) for timer_0_enable
    key.o(.text) refers to key.o(.text) for timer0_callback
    led.o(.text) refers to syd8801_gpio.o(.text) for GPIO_Set_Output
    led.o(.text) refers to syd8801_gpio.o(.text) for GPIO_Pin_Set
    led.o(.text) refers to syd8801_gpio.o(.text) for GPIO_Pin_Clear
    ota.o(.text) refers to memcpya.o(.text) for __aeabi_memcpy
    ota.o(.text) refers to main.o(.text) for CodeErase
    ota.o(.text) refers to ota.o(.data) for pevt
    syd8801_debug.o(.text) refers to syd8801_uart.o(.text) for uart_0_init
    syd8801_debug.o(.text) refers to printfa.o(i.__0vsprintf) for __c89vsprintf
    syd8801_debug.o(.text) refers to syd8801_uart.o(.text) for uart_0_write
    syd8801_debug.o(.text) refers to syd8801_debug.o(.bss) for s_formatBuffer
    syd8801_debug.o(.text) refers to syd8801_debug.o(.text) for dbg_printf
    syd8801_gpio.o(.text) refers to syd8801_gpio.o(.data) for PIN_CONFIG
    syd8801_gpio.o(.text) refers to syd8801_gpio.o(.data) for PIN_CONFIG
    syd8801_gpio.o(.text) refers to syd8801_gpio.o(.data) for GPIO_IRQ_CTRL
    syd8801_timer.o(.text) refers to syd8801_delay.o(.text) for delay_us
    syd8801_timer.o(.text) refers to syd8801_timer.o(.data) for TIMER_CTRL
    syd8801_timer.o(.text) refers to syd8801_timer.o(.bss) for timer0_callback
    syd8801_timer.o(.text) refers to syd8801_timer.o(.data) for TIMER_CTRL
    syd8801_timer.o(.text) refers to syd8801_delay.o(.text) for delay_us
    syd8801_timer.o(.text) refers to syd8801_timer.o(.text) for NVIC_EnableIRQ
    syd8801_timer.o(.text) refers to syd8801_timer.o(.data) for TIMER_CTRL
    syd8801_timer.o(.text) refers to syd8801_timer.o(.bss) for timer0_callback
    syd8801_timer.o(.text) refers to syd8801_timer.o(.text) for NVIC_DisableIRQ
    syd8801_timer.o(.text) refers to syd8801_timer.o(.data) for TIMER_CTRL
    syd8801_timer.o(.text) refers to syd8801_delay.o(.text) for delay_us
    syd8801_timer.o(.text) refers to syd8801_timer.o(.text) for NVIC_EnableIRQ
    syd8801_timer.o(.text) refers to syd8801_timer.o(.data) for TIMER_CTRL
    syd8801_timer.o(.text) refers to syd8801_timer.o(.bss) for timer0_callback
    syd8801_timer.o(.text) refers to syd8801_timer.o(.text) for NVIC_DisableIRQ
    syd8801_timer.o(.text) refers to syd8801_timer.o(.data) for TIMER_CTRL
    syd8801_uart.o(.text) refers to syd8801_uart.o(.text) for NVIC_EnableIRQ
    syd8801_uart.o(.text) refers to syd8801_gpio.o(.data) for PIN_CONFIG
    syd8801_uart.o(.text) refers to syd8801_uart.o(.data) for UART_0_CTRL
    syd8801_uart.o(.text) refers to syd8801_uart.o(.data) for UART_0_CTRL
    syd8801_uart.o(.text) refers to syd8801_uart.o(.data) for UART_0_CTRL
    syd8801_uart.o(.text) refers to syd8801_uart.o(.data) for UART_0_CTRL
    syd8801_uart.o(.text) refers to syd8801_uart.o(.text) for NVIC_DisableIRQ
    syd8801_uart.o(.text) refers to syd8801_uart.o(.text) for NVIC_EnableIRQ
    syd8801_uart.o(.text) refers to syd8801_gpio.o(.data) for PIN_CONFIG
    syd8801_uart.o(.text) refers to syd8801_uart.o(.data) for UART_1_CTRL
    syd8801_uart.o(.text) refers to syd8801_uart.o(.data) for UART_1_CTRL
    syd8801_uart.o(.text) refers to syd8801_uart.o(.data) for UART_1_CTRL
    syd8801_uart.o(.text) refers to syd8801_uart.o(.text) for NVIC_DisableIRQ
    syd8801_uart.o(.text) refers to syd8801_uart.o(.text) for uart_0_write
    syd8801_uart.o(.text) refers to syd8801_uart.o(.text) for uart_1_write
    syd8801_ioi2c.o(.text) refers to syd8801_gpio.o(.text) for GPIO_Set_Output
    syd8801_ioi2c.o(.text) refers to syd8801_gpio.o(.text) for GPIO_Pin_Set
    syd8801_ioi2c.o(.text) refers to syd8801_gpio.o(.text) for GPIO_Pin_Set
    syd8801_ioi2c.o(.text) refers to syd8801_gpio.o(.text) for GPIO_Pin_Clear
    syd8801_ioi2c.o(.text) refers to syd8801_gpio.o(.text) for GPIO_Pin_Clear
    syd8801_ioi2c.o(.text) refers to syd8801_gpio.o(.text) for GPIO_Pin_Clear
    syd8801_ioi2c.o(.text) refers to syd8801_gpio.o(.text) for GPIO_Set_Input
    syd8801_ioi2c.o(.text) refers to syd8801_gpio.o(.text) for GPIO_Set_Output
    syd8801_ioi2c.o(.text) refers to syd8801_ioi2c.o(.text) for start
    syd8801_ioi2c.o(.text) refers to syd8801_ioi2c.o(.text) for iic_sendid
    syd8801_ioi2c.o(.text) refers to syd8801_ioi2c.o(.text) for iic_senddata
    syd8801_ioi2c.o(.text) refers to syd8801_ioi2c.o(.text) for stop
    syd8801_ioi2c.o(.text) refers to syd8801_ioi2c.o(.text) for start
    syd8801_ioi2c.o(.text) refers to syd8801_ioi2c.o(.text) for iic_sendid
    syd8801_ioi2c.o(.text) refers to syd8801_ioi2c.o(.text) for iic_senddata
    syd8801_ioi2c.o(.text) refers to syd8801_ioi2c.o(.text) for iic_receivedata
    syd8801_ioi2c.o(.text) refers to syd8801_ioi2c.o(.text) for stop
    startup_armcm0.o(RESET) refers to startup_armcm0.o(STACK) for __initial_sp
    startup_armcm0.o(RESET) refers to startup_armcm0.o(.text) for Reset_Handler
    startup_armcm0.o(RESET) refers to syd8801_uart.o(.text) for UART0_IRQHandler
    startup_armcm0.o(RESET) refers to syd8801_timer.o(.text) for TIMER0_IRQHandler
    startup_armcm0.o(RESET) refers to syd8801_gpio.o(.text) for GPIO_IRQHandler
    startup_armcm0.o(.text) refers to system_armcm0.o(.text) for SystemInit
    startup_armcm0.o(.text) refers to entry.o(.ARM.Collect$$$$00000000) for __main
    system_armcm0.o(.text) refers to system_armcm0.o(.data) for SystemCoreClock
    system_armcm0.o(.text) refers to system_armcm0.o(.data) for SystemCoreClock
    main.o(.text) refers to memcpya.o(.text) for __aeabi_memcpy
    main.o(.text) refers to main.o(.data) for .data
    main.o(.text) refers to main.o(.bss) for .bss
    main.o(.text) refers to main.o(i.__ARM_common_switch8) for __ARM_common_switch8
    main.o(.text) refers to uread4.o(.text) for __aeabi_uread4
    main.o(.text) refers to uwrite4.o(.text) for __aeabi_uwrite4
    main.o(.text) refers to idiv.o(.text) for __aeabi_idivmod
    main.o(.text) refers to memseta.o(.text) for __aeabi_memset
    entry.o(.ARM.Collect$$$$00000000) refers (Special) to entry10a.o(.ARM.Collect$$$$0000000D) for __rt_final_cpp
    entry.o(.ARM.Collect$$$$00000000) refers (Special) to entry11a.o(.ARM.Collect$$$$0000000F) for __rt_final_exit
    entry.o(.ARM.Collect$$$$00000000) refers (Special) to entry7b.o(.ARM.Collect$$$$00000008) for _main_clock
    entry.o(.ARM.Collect$$$$00000000) refers (Special) to entry8b.o(.ARM.Collect$$$$0000000A) for _main_cpp_init
    entry.o(.ARM.Collect$$$$00000000) refers (Special) to entry9a.o(.ARM.Collect$$$$0000000B) for _main_init
    entry.o(.ARM.Collect$$$$00000000) refers (Special) to entry5.o(.ARM.Collect$$$$00000004) for _main_scatterload
    entry.o(.ARM.Collect$$$$00000000) refers (Special) to entry2.o(.ARM.Collect$$$$00000001) for _main_stk
    idiv.o(.text) refers to uidiv.o(.text) for __aeabi_uidivmod
    printfa.o(i.__0fprintf) refers (Special) to iusefp.o(.text) for __I$use$fp
    printfa.o(i.__0fprintf) refers to printfa.o(i._printf_core) for _printf_core
    printfa.o(i.__0fprintf) refers to fputc.o(i.fputc) for fputc
    printfa.o(i.__0printf) refers (Special) to iusefp.o(.text) for __I$use$fp
    printfa.o(i.__0printf) refers to printfa.o(i._printf_core) for _printf_core
    printfa.o(i.__0printf) refers to fputc.o(i.fputc) for fputc
    printfa.o(i.__0printf) refers to stdout.o(.data) for __stdout
    printfa.o(i.__0snprintf) refers (Special) to iusefp.o(.text) for __I$use$fp
    printfa.o(i.__0snprintf) refers to printfa.o(i._printf_core) for _printf_core
    printfa.o(i.__0snprintf) refers to printfa.o(i._snputc) for _snputc
    printfa.o(i.__0sprintf) refers (Special) to iusefp.o(.text) for __I$use$fp
    printfa.o(i.__0sprintf) refers to printfa.o(i._printf_core) for _printf_core
    printfa.o(i.__0sprintf) refers to printfa.o(i._sputc) for _sputc
    printfa.o(i.__0vfprintf) refers (Special) to iusefp.o(.text) for __I$use$fp
    printfa.o(i.__0vfprintf) refers to printfa.o(i._printf_core) for _printf_core
    printfa.o(i.__0vfprintf) refers to fputc.o(i.fputc) for fputc
    printfa.o(i.__0vprintf) refers (Special) to iusefp.o(.text) for __I$use$fp
    printfa.o(i.__0vprintf) refers to printfa.o(i._printf_core) for _printf_core
    printfa.o(i.__0vprintf) refers to fputc.o(i.fputc) for fputc
    printfa.o(i.__0vprintf) refers to stdout.o(.data) for __stdout
    printfa.o(i.__0vsnprintf) refers (Special) to iusefp.o(.text) for __I$use$fp
    printfa.o(i.__0vsnprintf) refers to printfa.o(i._printf_core) for _printf_core
    printfa.o(i.__0vsnprintf) refers to printfa.o(i._snputc) for _snputc
    printfa.o(i.__0vsprintf) refers (Special) to iusefp.o(.text) for __I$use$fp
    printfa.o(i.__0vsprintf) refers to printfa.o(i._printf_core) for _printf_core
    printfa.o(i.__0vsprintf) refers to printfa.o(i._sputc) for _sputc
    printfa.o(i._fp_digits) refers (Special) to iusefp.o(.text) for __I$use$fp
    printfa.o(i._fp_digits) refers to dmul.o(.text) for __aeabi_dmul
    printfa.o(i._fp_digits) refers to ddiv.o(.text) for __aeabi_ddiv
    printfa.o(i._fp_digits) refers to cdrcmple.o(.text) for __aeabi_cdrcmple
    printfa.o(i._fp_digits) refers to dadd.o(.text) for __aeabi_dadd
    printfa.o(i._fp_digits) refers to dfixul.o(.text) for __aeabi_d2ulz
    printfa.o(i._fp_digits) refers to uldiv.o(.text) for __aeabi_uldivmod
    printfa.o(i._printf_core) refers (Special) to iusefp.o(.text) for __I$use$fp
    printfa.o(i._printf_core) refers to printfa.o(i._printf_pre_padding) for _printf_pre_padding
    printfa.o(i._printf_core) refers to uldiv.o(.text) for __aeabi_uldivmod
    printfa.o(i._printf_core) refers to printfa.o(i._printf_post_padding) for _printf_post_padding
    printfa.o(i._printf_core) refers to printfa.o(i._fp_digits) for _fp_digits
    printfa.o(i._printf_core) refers to uidiv.o(.text) for __aeabi_uidivmod
    printfa.o(i._printf_post_padding) refers (Special) to iusefp.o(.text) for __I$use$fp
    printfa.o(i._printf_pre_padding) refers (Special) to iusefp.o(.text) for __I$use$fp
    printfa.o(i._snputc) refers (Special) to iusefp.o(.text) for __I$use$fp
    printfa.o(i._sputc) refers (Special) to iusefp.o(.text) for __I$use$fp
    entry2.o(.ARM.Collect$$$$00000001) refers to entry2.o(.ARM.Collect$$$$00002712) for __lit__00000000
    entry2.o(.ARM.Collect$$$$00002712) refers to startup_armcm0.o(STACK) for __initial_sp
    entry2.o(__vectab_stack_and_reset_area) refers to startup_armcm0.o(STACK) for __initial_sp
    entry2.o(__vectab_stack_and_reset_area) refers to entry.o(.ARM.Collect$$$$00000000) for __main
    entry5.o(.ARM.Collect$$$$00000004) refers to init.o(.text) for __scatterload
    entry9a.o(.ARM.Collect$$$$0000000B) refers to main.o(.text) for main
    entry9b.o(.ARM.Collect$$$$0000000C) refers to main.o(.text) for main
    fputc.o(i.fputc) refers (Special) to iusesemip.o(.text) for __I$use$semihosting$fputc
    fputc.o(i.fputc) refers (Special) to semi.o(.text) for __semihosting_library_function
    uldiv.o(.text) refers to llushr.o(.text) for __aeabi_llsr
    uldiv.o(.text) refers to llshl.o(.text) for __aeabi_llsl
    dadd.o(.text) refers to llshl.o(.text) for __aeabi_llsl
    dadd.o(.text) refers to llsshr.o(.text) for __aeabi_lasr
    dadd.o(.text) refers to depilogue.o(.text) for _double_epilogue
    dmul.o(.text) refers to depilogue.o(.text) for _double_epilogue
    ddiv.o(.text) refers to depilogue.o(.text) for _double_round
    dfixul.o(.text) refers to llushr.o(.text) for __aeabi_llsr
    dfixul.o(.text) refers to llshl.o(.text) for __aeabi_llsl
    init.o(.text) refers to entry5.o(.ARM.Collect$$$$00000004) for __main_after_scatterload
    depilogue.o(.text) refers to depilogue.o(i.__ARM_clz) for __ARM_clz
    depilogue.o(.text) refers to llshl.o(.text) for __aeabi_llsl
    depilogue.o(.text) refers to llushr.o(.text) for __aeabi_llsr


==============================================================================

Removing Unused input sections from the image.

    Removing main.o(.rev16_text), (4 bytes).
    Removing main.o(.revsh_text), (4 bytes).
    Removing key.o(.rev16_text), (4 bytes).
    Removing key.o(.revsh_text), (4 bytes).
    Removing key.o(.text), (36 bytes).
    Removing led.o(.rev16_text), (4 bytes).
    Removing led.o(.revsh_text), (4 bytes).
    Removing led.o(.text), (18 bytes).
    Removing ota.o(.rev16_text), (4 bytes).
    Removing ota.o(.revsh_text), (4 bytes).
    Removing syd8801_debug.o(.rev16_text), (4 bytes).
    Removing syd8801_debug.o(.revsh_text), (4 bytes).
    Removing syd8801_debug.o(.text), (14 bytes).
    Removing syd8801_debug.o(.text), (88 bytes).
    Removing syd8801_debug.o(.text), (128 bytes).
    Removing syd8801_debug.o(.bss), (128 bytes).
    Removing syd8801_delay.o(.rev16_text), (4 bytes).
    Removing syd8801_delay.o(.revsh_text), (4 bytes).
    Removing syd8801_delay.o(.text), (32 bytes).
    Removing syd8801_gpio.o(.rev16_text), (4 bytes).
    Removing syd8801_gpio.o(.revsh_text), (4 bytes).
    Removing syd8801_gpio.o(.text), (232 bytes).
    Removing syd8801_gpio.o(.text), (44 bytes).
    Removing syd8801_timer.o(.rev16_text), (4 bytes).
    Removing syd8801_timer.o(.revsh_text), (4 bytes).
    Removing syd8801_timer.o(.text), (128 bytes).
    Removing syd8801_timer.o(.text), (116 bytes).
    Removing syd8801_timer.o(.text), (32 bytes).
    Removing syd8801_timer.o(.text), (116 bytes).
    Removing syd8801_timer.o(.text), (32 bytes).
    Removing syd8801_uart.o(.rev16_text), (4 bytes).
    Removing syd8801_uart.o(.revsh_text), (4 bytes).
    Removing syd8801_uart.o(.text), (132 bytes).
    Removing syd8801_uart.o(.text), (44 bytes).
    Removing syd8801_uart.o(.text), (12 bytes).
    Removing syd8801_uart.o(.text), (10 bytes).
    Removing syd8801_uart.o(.text), (108 bytes).
    Removing syd8801_uart.o(.text), (44 bytes).
    Removing syd8801_uart.o(.text), (12 bytes).
    Removing syd8801_uart.o(.text), (10 bytes).
    Removing syd8801_uart.o(.text), (28 bytes).
    Removing syd8801_uart.o(.text), (28 bytes).
    Removing syd8801_uart.o(.text), (20 bytes).
    Removing syd8801_uart.o(.text), (20 bytes).
    Removing syd8801_ioi2c.o(.rev16_text), (4 bytes).
    Removing syd8801_ioi2c.o(.revsh_text), (4 bytes).
    Removing syd8801_ioi2c.o(.text), (28 bytes).
    Removing syd8801_ioi2c.o(.text), (36 bytes).
    Removing syd8801_ioi2c.o(.text), (36 bytes).
    Removing syd8801_ioi2c.o(.text), (138 bytes).
    Removing syd8801_ioi2c.o(.text), (96 bytes).
    Removing syd8801_ioi2c.o(.text), (110 bytes).
    Removing syd8801_ioi2c.o(.text), (72 bytes).
    Removing syd8801_ioi2c.o(.text), (84 bytes).
    Removing startup_armcm0.o(HEAP), (3072 bytes).
    Removing system_armcm0.o(.rev16_text), (4 bytes).
    Removing system_armcm0.o(.revsh_text), (4 bytes).
    Removing system_armcm0.o(.text), (16 bytes).
    Removing main.o(.rev16_text), (4 bytes).
    Removing main.o(.revsh_text), (4 bytes).
    Removing dadd.o(.text), (356 bytes).
    Removing dmul.o(.text), (208 bytes).
    Removing ddiv.o(.text), (240 bytes).
    Removing dfixul.o(.text), (64 bytes).
    Removing cdrcmple.o(.text), (40 bytes).
    Removing depilogue.o(.text), (190 bytes).
    Removing depilogue.o(i.__ARM_clz), (46 bytes).

67 unused section(s) (total 6540 bytes) removed from the image.

==============================================================================

Image Symbol Table

    Local Symbols

    Symbol Name                              Value     Ov Type        Size  Object(Section)

    ../clib/microlib/division.c              0x00000000   Number         0  uidiv.o ABSOLUTE
    ../clib/microlib/division.c              0x00000000   Number         0  uldiv.o ABSOLUTE
    ../clib/microlib/division.c              0x00000000   Number         0  idiv.o ABSOLUTE
    ../clib/microlib/init/entry.s            0x00000000   Number         0  entry9a.o ABSOLUTE
    ../clib/microlib/init/entry.s            0x00000000   Number         0  entry11a.o ABSOLUTE
    ../clib/microlib/init/entry.s            0x00000000   Number         0  entry8b.o ABSOLUTE
    ../clib/microlib/init/entry.s            0x00000000   Number         0  entry8a.o ABSOLUTE
    ../clib/microlib/init/entry.s            0x00000000   Number         0  entry10b.o ABSOLUTE
    ../clib/microlib/init/entry.s            0x00000000   Number         0  entry7b.o ABSOLUTE
    ../clib/microlib/init/entry.s            0x00000000   Number         0  entry5.o ABSOLUTE
    ../clib/microlib/init/entry.s            0x00000000   Number         0  entry7a.o ABSOLUTE
    ../clib/microlib/init/entry.s            0x00000000   Number         0  entry.o ABSOLUTE
    ../clib/microlib/init/entry.s            0x00000000   Number         0  entry2.o ABSOLUTE
    ../clib/microlib/init/entry.s            0x00000000   Number         0  entry10a.o ABSOLUTE
    ../clib/microlib/init/entry.s            0x00000000   Number         0  entry9b.o ABSOLUTE
    ../clib/microlib/init/entry.s            0x00000000   Number         0  entry11b.o ABSOLUTE
    ../clib/microlib/longlong.c              0x00000000   Number         0  llsshr.o ABSOLUTE
    ../clib/microlib/longlong.c              0x00000000   Number         0  llushr.o ABSOLUTE
    ../clib/microlib/longlong.c              0x00000000   Number         0  llshl.o ABSOLUTE
    ../clib/microlib/printf/printf.c         0x00000000   Number         0  printfa.o ABSOLUTE
    ../clib/microlib/stdio/fputc.c           0x00000000   Number         0  fputc.o ABSOLUTE
    ../clib/microlib/stdio/semi.s            0x00000000   Number         0  semi.o ABSOLUTE
    ../clib/microlib/stdio/streams.c         0x00000000   Number         0  stdout.o ABSOLUTE
    ../clib/microlib/string/memcpy.c         0x00000000   Number         0  memcpya.o ABSOLUTE
    ../clib/microlib/string/memcpy.c         0x00000000   Number         0  memcpyb.o ABSOLUTE
    ../clib/microlib/string/memset.c         0x00000000   Number         0  memseta.o ABSOLUTE
    ../clib/microlib/stubs.s                 0x00000000   Number         0  iusesemip.o ABSOLUTE
    ../clib/microlib/stubs.s                 0x00000000   Number         0  iusefp.o ABSOLUTE
    ../clib/microlib/unhosted.c              0x00000000   Number         0  uread4.o ABSOLUTE
    ../clib/microlib/unhosted.c              0x00000000   Number         0  uwrite4.o ABSOLUTE
    ../fplib/microlib/fpadd.c                0x00000000   Number         0  dadd.o ABSOLUTE
    ../fplib/microlib/fpdiv.c                0x00000000   Number         0  ddiv.o ABSOLUTE
    ../fplib/microlib/fpepilogue.c           0x00000000   Number         0  depilogue.o ABSOLUTE
    ../fplib/microlib/fpfix.c                0x00000000   Number         0  dfixul.o ABSOLUTE
    ../fplib/microlib/fpmul.c                0x00000000   Number         0  dmul.o ABSOLUTE
    Driver\\ota.c                            0x00000000   Number         0  ota.o ABSOLUTE
    Driver\\syd8801_debug.c                  0x00000000   Number         0  syd8801_debug.o ABSOLUTE
    Driver\\syd8801_delay.c                  0x00000000   Number         0  syd8801_delay.o ABSOLUTE
    Driver\\syd8801_gpio.c                   0x00000000   Number         0  syd8801_gpio.o ABSOLUTE
    Driver\\syd8801_ioi2c.c                  0x00000000   Number         0  syd8801_ioi2c.o ABSOLUTE
    Driver\\syd8801_timer.c                  0x00000000   Number         0  syd8801_timer.o ABSOLUTE
    Driver\\syd8801_uart.c                   0x00000000   Number         0  syd8801_uart.o ABSOLUTE
    Driver\ota.c                             0x00000000   Number         0  ota.o ABSOLUTE
    Driver\syd8801_debug.c                   0x00000000   Number         0  syd8801_debug.o ABSOLUTE
    Driver\syd8801_delay.c                   0x00000000   Number         0  syd8801_delay.o ABSOLUTE
    Driver\syd8801_gpio.c                    0x00000000   Number         0  syd8801_gpio.o ABSOLUTE
    Driver\syd8801_ioi2c.c                   0x00000000   Number         0  syd8801_ioi2c.o ABSOLUTE
    Driver\syd8801_timer.c                   0x00000000   Number         0  syd8801_timer.o ABSOLUTE
    Driver\syd8801_uart.c                    0x00000000   Number         0  syd8801_uart.o ABSOLUTE
    Main\\key.c                              0x00000000   Number         0  key.o ABSOLUTE
    Main\\led.c                              0x00000000   Number         0  led.o ABSOLUTE
    Main\\main.c                             0x00000000   Number         0  main.o ABSOLUTE
    Main\\main.c                             0x00000000   Number         0  main.o ABSOLUTE
    Main\key.c                               0x00000000   Number         0  key.o ABSOLUTE
    Main\led.c                               0x00000000   Number         0  led.o ABSOLUTE
    Main\main.c                              0x00000000   Number         0  main.o ABSOLUTE
    Main\main.c                              0x00000000   Number         0  main.o ABSOLUTE
    RTE\Device\ARMCM0\startup_ARMCM0.s       0x00000000   Number         0  startup_armcm0.o ABSOLUTE
    RTE\Device\ARMCM0\system_ARMCM0.c        0x00000000   Number         0  system_armcm0.o ABSOLUTE
    RTE\\Device\\ARMCM0\\system_ARMCM0.c     0x00000000   Number         0  system_armcm0.o ABSOLUTE
    cdrcmple.s                               0x00000000   Number         0  cdrcmple.o ABSOLUTE
    dc.s                                     0x00000000   Number         0  dc.o ABSOLUTE
    handlers.s                               0x00000000   Number         0  handlers.o ABSOLUTE
    init.s                                   0x00000000   Number         0  init.o ABSOLUTE
    RESET                                    0x00006000   Section      192  startup_armcm0.o(RESET)
    .ARM.Collect$$$$00000000                 0x000060c0   Section        0  entry.o(.ARM.Collect$$$$00000000)
    .ARM.Collect$$$$00000001                 0x000060c0   Section        4  entry2.o(.ARM.Collect$$$$00000001)
    .ARM.Collect$$$$00000004                 0x000060c4   Section        4  entry5.o(.ARM.Collect$$$$00000004)
    .ARM.Collect$$$$00000008                 0x000060c8   Section        0  entry7b.o(.ARM.Collect$$$$00000008)
    .ARM.Collect$$$$0000000A                 0x000060c8   Section        0  entry8b.o(.ARM.Collect$$$$0000000A)
    .ARM.Collect$$$$0000000B                 0x000060c8   Section        8  entry9a.o(.ARM.Collect$$$$0000000B)
    .ARM.Collect$$$$0000000D                 0x000060d0   Section        0  entry10a.o(.ARM.Collect$$$$0000000D)
    .ARM.Collect$$$$0000000F                 0x000060d0   Section        0  entry11a.o(.ARM.Collect$$$$0000000F)
    .ARM.Collect$$$$00002712                 0x000060d0   Section        4  entry2.o(.ARM.Collect$$$$00002712)
    __lit__00000000                          0x000060d0   Data           4  entry2.o(.ARM.Collect$$$$00002712)
    .text                                    0x000060d4   Section        0  main.o(.text)
    setup_adv_data                           0x00006197   Thumb Code    48  main.o(.text)
    ble_gatt_read                            0x000061c7   Thumb Code   362  main.o(.text)
    ble_gatt_write                           0x00006331   Thumb Code    68  main.o(.text)
    gpio_init                                0x000063a5   Thumb Code  1174  main.o(.text)
    ble_init                                 0x000069f3   Thumb Code   184  main.o(.text)
    timer0_adv_callback                      0x00006aab   Thumb Code    96  main.o(.text)
    gpio_int_callback                        0x00006b61   Thumb Code   124  main.o(.text)
    .text                                    0x00006ca4   Section        0  key.o(.text)
    timer0_callback                          0x00006cff   Thumb Code   200  key.o(.text)
    .text                                    0x00006dd8   Section        0  led.o(.text)
    .text                                    0x00006dfc   Section        0  ota.o(.text)
    EvtCommandComplete                       0x00006dfd   Thumb Code    46  ota.o(.text)
    CmdFwErase                               0x00006e2b   Thumb Code    22  ota.o(.text)
    CmdFwWrite                               0x00006e41   Thumb Code    38  ota.o(.text)
    CmdFwUpgrade                             0x00006e67   Thumb Code    54  ota.o(.text)
    .text                                    0x00006efc   Section        0  syd8801_delay.o(.text)
    .text                                    0x00006f18   Section        0  syd8801_gpio.o(.text)
    .text                                    0x0000724c   Section        0  syd8801_timer.o(.text)
    NVIC_EnableIRQ                           0x00007369   Thumb Code    14  syd8801_timer.o(.text)
    NVIC_DisableIRQ                          0x00007377   Thumb Code    16  syd8801_timer.o(.text)
    .text                                    0x00007394   Section        0  syd8801_uart.o(.text)
    .text                                    0x00007424   Section       28  startup_armcm0.o(.text)
    .text                                    0x00007440   Section        0  system_armcm0.o(.text)
    .text                                    0x00007450   Section        0  main.o(.text)
    AttGetHdlPrimary                         0x00007545   Thumb Code   192  main.o(.text)
    AttReadByTypeValRsp                      0x00007605   Thumb Code   412  main.o(.text)
    AttReadByTypeReq                         0x000077a1   Thumb Code   120  main.o(.text)
    AttReadRsp                               0x00007819   Thumb Code   324  main.o(.text)
    AttReadBlobRsp                           0x0000795d   Thumb Code   306  main.o(.text)
    AttWriteReq                              0x00007a8f   Thumb Code   430  main.o(.text)
    AttWriteCmd                              0x00007c3d   Thumb Code   336  main.o(.text)
    AttPrepareWriteReq                       0x00007d8d   Thumb Code   284  main.o(.text)
    flash_send_byte                          0x00008f47   Thumb Code    24  main.o(.text)
    flash_recv_byte                          0x00008fa1   Thumb Code    24  main.o(.text)
    flash_write_status                       0x00008fb9   Thumb Code   156  main.o(.text)
    lib_ble_gatt_read                        0x000099cb   Thumb Code   118  main.o(.text)
    .text                                    0x00009a40   Section        0  idiv.o(.text)
    .text                                    0x00009a68   Section        0  memcpya.o(.text)
    .text                                    0x00009a8c   Section        0  memseta.o(.text)
    .text                                    0x00009ab0   Section        0  uread4.o(.text)
    .text                                    0x00009ac4   Section        0  uwrite4.o(.text)
    .text                                    0x00009ad6   Section        0  uidiv.o(.text)
    .text                                    0x00009b04   Section       36  init.o(.text)
    i.__ARM_common_switch8                   0x00009b28   Section        0  main.o(i.__ARM_common_switch8)
    i.__scatterload_copy                     0x00009b42   Section       14  handlers.o(i.__scatterload_copy)
    i.__scatterload_null                     0x00009b50   Section        2  handlers.o(i.__scatterload_null)
    i.__scatterload_zeroinit                 0x00009b52   Section       14  handlers.o(i.__scatterload_zeroinit)
    .data                                    0x20001000   Section       45  main.o(.data)
    g_report                                 0x20001000   Data           4  main.o(.data)
    start_tx                                 0x20001004   Data           1  main.o(.data)
    start_adv                                0x20001005   Data           1  main.o(.data)
    cnt_1s                                   0x20001008   Data           2  main.o(.data)
    adv_times                                0x20001020   Data           4  main.o(.data)
    adv_timer_cnt                            0x20001024   Data           2  main.o(.data)
    PW_CTRL                                  0x20001028   Data           4  main.o(.data)
    j                                        0x2000102c   Data           1  main.o(.data)
    .data                                    0x2000102e   Section        8  key.o(.data)
    time_cnt                                 0x20001030   Data           2  key.o(.data)
    key_cnt                                  0x20001032   Data           2  key.o(.data)
    key_pre                                  0x20001034   Data           2  key.o(.data)
    .data                                    0x20001038   Section        8  ota.o(.data)
    EvtBuf                                   0x20001038   Data           4  ota.o(.data)
    .data                                    0x20001040   Section       20  syd8801_gpio.o(.data)
    gpio_callback                            0x20001050   Data           4  syd8801_gpio.o(.data)
    .data                                    0x20001054   Section        4  syd8801_timer.o(.data)
    .data                                    0x20001058   Section       16  syd8801_uart.o(.data)
    uartrx_callback                          0x20001060   Data           8  syd8801_uart.o(.data)
    .data                                    0x20001068   Section        4  system_armcm0.o(.data)
    .data                                    0x2000106c   Section       91  main.o(.data)
    fsm_sleep                                0x2000106c   Data           1  main.o(.data)
    addr                                     0x2000106d   Data           1  main.o(.data)
    addr_en                                  0x2000106e   Data           1  main.o(.data)
    save_device_to_flash                     0x2000106f   Data           1  main.o(.data)
    profile_data_to_flash                    0x20001070   Data           1  main.o(.data)
    del_bm_to_flash                          0x20001071   Data           1  main.o(.data)
    del_all_bm_to_flash                      0x20001072   Data           1  main.o(.data)
    connection_update                        0x20001073   Data           1  main.o(.data)
    isconnected                              0x20001074   Data           1  main.o(.data)
    lib_Read_Call                            0x20001075   Data           1  main.o(.data)
    lib_ReadRsp                              0x20001076   Data           1  main.o(.data)
    lib_ReadRspLen                           0x20001077   Data           1  main.o(.data)
    dump_pkt                                 0x20001078   Data           1  main.o(.data)
    key_req                                  0x20001079   Data           1  main.o(.data)
    auto_save_after_conn                     0x2000107a   Data           1  main.o(.data)
    profile_addr                             0x2000107b   Data           1  main.o(.data)
    profile_sz                               0x2000107c   Data           1  main.o(.data)
    bond_manager_index                       0x2000107d   Data           1  main.o(.data)
    BB_CTRL                                  0x20001080   Data           4  main.o(.data)
    MISC_CTRL                                0x20001084   Data           4  main.o(.data)
    PW_CTRL                                  0x20001088   Data           4  main.o(.data)
    TIMER_CTRL                               0x2000108c   Data           4  main.o(.data)
    pd_cfg                                   0x20001090   Data           4  main.o(.data)
    slp_cfg                                  0x20001094   Data           4  main.o(.data)
    lclink                                   0x20001098   Data           4  main.o(.data)
    flash_hdr                                0x2000109c   Data           4  main.o(.data)
    txpdu                                    0x200010a0   Data           4  main.o(.data)
    rxbuf                                    0x200010a4   Data           4  main.o(.data)
    g_lib_report                             0x200010ac   Data           4  main.o(.data)
    dly_map                                  0x200010b4   Data           5  main.o(.data)
    g_evt                                    0x200010b9   Data           6  main.o(.data)
    update_params                            0x200010bf   Data           8  main.o(.data)
    .bss                                     0x200010c8   Section       26  main.o(.bss)
    .bss                                     0x200010e4   Section       12  syd8801_timer.o(.bss)
    timer0_callback                          0x200010e4   Data          12  syd8801_timer.o(.bss)
    .bss                                     0x200010f0   Section     4321  main.o(.bss)
    evt                                      0x200010f0   Data          26  main.o(.bss)
    peer_bond                                0x2000110a   Data          49  main.o(.bss)
    flash                                    0x2000113b   Data        4096  main.o(.bss)
    profile                                  0x2000213b   Data         128  main.o(.bss)
    lib_ReadRspData                          0x200021bb   Data          22  main.o(.bss)
    STACK                                    0x200021d8   Section     1024  startup_armcm0.o(STACK)

    Global Symbols

    Symbol Name                              Value     Ov Type        Size  Object(Section)

    BuildAttributes$$THM_ISAv3M$S$PE$A:L22$X:L11$S22$IEEE1$IW$USESV6$~STKCKD$USESV7$~SHL$OSPACE$ROPI$EBA8$MICROLIB$REQ8$PRES8$EABIv2 0x00000000   Number         0  anon$$obj.o ABSOLUTE
    __ARM_use_no_argv                        0x00000000   Number         0  main.o ABSOLUTE
    __cpp_initialize__aeabi_                  - Undefined Weak Reference
    __cxa_finalize                            - Undefined Weak Reference
    __decompress                              - Undefined Weak Reference
    _clock_init                               - Undefined Weak Reference
    _microlib_exit                            - Undefined Weak Reference
    __Vectors_Size                           0x000000c0   Number         0  startup_armcm0.o ABSOLUTE
    __Vectors                                0x00006000   Data           4  startup_armcm0.o(RESET)
    __Vectors_End                            0x000060c0   Data           0  startup_armcm0.o(RESET)
    __main                                   0x000060c1   Thumb Code     0  entry.o(.ARM.Collect$$$$00000000)
    _main_stk                                0x000060c1   Thumb Code     0  entry2.o(.ARM.Collect$$$$00000001)
    _main_scatterload                        0x000060c5   Thumb Code     0  entry5.o(.ARM.Collect$$$$00000004)
    __main_after_scatterload                 0x000060c9   Thumb Code     0  entry5.o(.ARM.Collect$$$$00000004)
    _main_clock                              0x000060c9   Thumb Code     0  entry7b.o(.ARM.Collect$$$$00000008)
    _main_cpp_init                           0x000060c9   Thumb Code     0  entry8b.o(.ARM.Collect$$$$0000000A)
    _main_init                               0x000060c9   Thumb Code     0  entry9a.o(.ARM.Collect$$$$0000000B)
    __rt_final_cpp                           0x000060d1   Thumb Code     0  entry10a.o(.ARM.Collect$$$$0000000D)
    __rt_final_exit                          0x000060d1   Thumb Code     0  entry11a.o(.ARM.Collect$$$$0000000F)
    SystemSleepSYD                           0x000060d5   Thumb Code   194  main.o(.text)
    BLE_SendData                             0x00006375   Thumb Code    48  main.o(.text)
    ble_evt_callback                         0x0000683b   Thumb Code   440  main.o(.text)
    march_state_process                      0x00006b0b   Thumb Code    86  main.o(.text)
    main                                     0x00006bdd   Thumb Code   124  main.o(.text)
    key_config                               0x00006ca5   Thumb Code    20  key.o(.text)
    get_key                                  0x00006cb9   Thumb Code    70  key.o(.text)
    led_open                                 0x00006dd9   Thumb Code    12  led.o(.text)
    led_close                                0x00006de5   Thumb Code    12  led.o(.text)
    led_turn                                 0x00006df1   Thumb Code    12  led.o(.text)
    ota_cmd                                  0x00006e9d   Thumb Code    50  ota.o(.text)
    ota_rsp                                  0x00006ecf   Thumb Code    34  ota.o(.text)
    delay_us                                 0x00006efd   Thumb Code    26  syd8801_delay.o(.text)
    GPIO_Set_Input                           0x00006f19   Thumb Code   394  syd8801_gpio.o(.text)
    GPIO_Pin_Set                             0x000070a3   Thumb Code    50  syd8801_gpio.o(.text)
    GPIO_Pin_Clear                           0x000070d5   Thumb Code    50  syd8801_gpio.o(.text)
    GPIO_Pin_Turn                            0x00007107   Thumb Code    16  syd8801_gpio.o(.text)
    GPIO_Pin_Read                            0x00007117   Thumb Code    44  syd8801_gpio.o(.text)
    io_irq_enable                            0x00007143   Thumb Code   110  syd8801_gpio.o(.text)
    GPIO_IRQHandler                          0x000071b1   Thumb Code   132  syd8801_gpio.o(.text)
    timer_0_enable                           0x0000724d   Thumb Code   108  syd8801_timer.o(.text)
    timer_0_disable                          0x000072b9   Thumb Code    26  syd8801_timer.o(.text)
    TIMER0_IRQHandler                        0x000072d3   Thumb Code    50  syd8801_timer.o(.text)
    TIMER1_IRQHandler                        0x00007305   Thumb Code    50  syd8801_timer.o(.text)
    TIMER2_IRQHandler                        0x00007337   Thumb Code    50  syd8801_timer.o(.text)
    UART0_IRQHandler                         0x00007395   Thumb Code    66  syd8801_uart.o(.text)
    UART1_IRQHandler                         0x000073d7   Thumb Code    66  syd8801_uart.o(.text)
    Reset_Handler                            0x00007425   Thumb Code     8  startup_armcm0.o(.text)
    NMI_Handler                              0x0000742d   Thumb Code     2  startup_armcm0.o(.text)
    HardFault_Handler                        0x0000742f   Thumb Code     2  startup_armcm0.o(.text)
    SVC_Handler                              0x00007431   Thumb Code     2  startup_armcm0.o(.text)
    PendSV_Handler                           0x00007433   Thumb Code     2  startup_armcm0.o(.text)
    SysTick_Handler                          0x00007435   Thumb Code     2  startup_armcm0.o(.text)
    I2C0_IRQHandler                          0x00007437   Thumb Code     0  startup_armcm0.o(.text)
    I2C1_IRQHandler                          0x00007437   Thumb Code     0  startup_armcm0.o(.text)
    LLC_IRQHandler                           0x00007437   Thumb Code     0  startup_armcm0.o(.text)
    TIMER3_IRQHandler                        0x00007437   Thumb Code     0  startup_armcm0.o(.text)
    SystemInit                               0x00007441   Thumb Code     8  system_armcm0.o(.text)
    DelayUS                                  0x00007451   Thumb Code    30  main.o(.text)
    _SetConnectionUpdate                     0x0000746f   Thumb Code    90  main.o(.text)
    LCDisConnect                             0x000074c9   Thumb Code   124  main.o(.text)
    Protocol_Hook_Callback                   0x00007ea9   Thumb Code   270  main.o(.text)
    AttTxPacket                              0x00007fb7   Thumb Code    36  main.o(.text)
    ATTCCallback                             0x00007fdb   Thumb Code    34  main.o(.text)
    LibL2capPacketHandle                     0x00007ffd   Thumb Code   132  main.o(.text)
    LibLLPacketHandle                        0x00008081   Thumb Code   322  main.o(.text)
    BBRXFIFORead                             0x000081c3   Thumb Code   120  main.o(.text)
    LibRxPkt_Handler                         0x0000823b   Thumb Code   144  main.o(.text)
    libLCTxPkt_Handler                       0x000082cb   Thumb Code   224  main.o(.text)
    LL_Evt_Callback                          0x000083ab   Thumb Code   210  main.o(.text)
    BleInit                                  0x0000847d   Thumb Code   506  main.o(.text)
    DisConnect                               0x00008677   Thumb Code    26  main.o(.text)
    StartAdv                                 0x00008691   Thumb Code   460  main.o(.text)
    SetDevAddr                               0x0000885d   Thumb Code    58  main.o(.text)
    GetDevAddr                               0x00008897   Thumb Code    18  main.o(.text)
    SetLEFeature                             0x000088a9   Thumb Code    12  main.o(.text)
    SetAdvData                               0x000088b5   Thumb Code    12  main.o(.text)
    SetAdvParams                             0x000088c1   Thumb Code    12  main.o(.text)
    SetSecParams                             0x000088cd   Thumb Code    12  main.o(.text)
    SetAdvAccCode                            0x000088d9   Thumb Code    12  main.o(.text)
    SetConnectionUpdate                      0x000088e5   Thumb Code    18  main.o(.text)
    GetLinkParameters                        0x000088f7   Thumb Code    12  main.o(.text)
    SetPasskey                               0x00008903   Thumb Code    12  main.o(.text)
    SetGATTReadRsp                           0x0000890f   Thumb Code    86  main.o(.text)
    LIB_Evt_Callback                         0x00008965   Thumb Code   162  main.o(.text)
    SetEvtCallback                           0x00008a07   Thumb Code    56  main.o(.text)
    SetLLEvtCallback                         0x00008a3f   Thumb Code    12  main.o(.text)
    GetGATTReportHandle                      0x00008a4b   Thumb Code    12  main.o(.text)
    queryBufEnough                           0x00008a57   Thumb Code    58  main.o(.text)
    queryBufSpace                            0x00008a91   Thumb Code    50  main.o(.text)
    CheckFIFOFull                            0x00008ac3   Thumb Code    18  main.o(.text)
    GATTDataSend                             0x00008ad5   Thumb Code    34  main.o(.text)
    LinkWakeup                               0x00008af7   Thumb Code    86  main.o(.text)
    ConnectionLatencyMode                    0x00008b4d   Thumb Code    20  main.o(.text)
    LPOCaliWaitUS                            0x00008b61   Thumb Code   172  main.o(.text)
    LPOCalibration                           0x00008c0d   Thumb Code    82  main.o(.text)
    RCOSCCalibration                         0x00008c5f   Thumb Code     6  main.o(.text)
    MCUClockSwitch                           0x00008c65   Thumb Code     6  main.o(.text)
    ClockSwitch                              0x00008c6b   Thumb Code    58  main.o(.text)
    GetMCUClock                              0x00008ca5   Thumb Code    12  main.o(.text)
    GetClock                                 0x00008cb1   Thumb Code    12  main.o(.text)
    WakeupConfig                             0x00008cbd   Thumb Code    42  main.o(.text)
    LLSleep                                  0x00008ce7   Thumb Code    12  main.o(.text)
    SecurityReq                              0x00008cf3   Thumb Code    46  main.o(.text)
    Rand                                     0x00008d21   Thumb Code    10  main.o(.text)
    checkSlpCfg                              0x00008d2b   Thumb Code     2  main.o(.text)
    PCWaitForEvt                             0x00008d2d   Thumb Code   498  main.o(.text)
    SystemSleep                              0x00008f1f   Thumb Code    40  main.o(.text)
    flash_enter_pd                           0x00008f5f   Thumb Code    66  main.o(.text)
    flash_release_pd                         0x00009055   Thumb Code    76  main.o(.text)
    flash_erase                              0x000090a1   Thumb Code   214  main.o(.text)
    _DelBondDeviceByIndex                    0x00009177   Thumb Code   138  main.o(.text)
    _DelAllBondDevice                        0x00009201   Thumb Code   128  main.o(.text)
    _AddBondDeviceByIndex                    0x00009281   Thumb Code    86  main.o(.text)
    ble_sched_execute                        0x000092d7   Thumb Code   192  main.o(.text)
    SystemPowerDown                          0x00009397   Thumb Code   102  main.o(.text)
    SystemReset                              0x000093fd   Thumb Code   110  main.o(.text)
    RFSleep                                  0x0000946b   Thumb Code    10  main.o(.text)
    RFWakeup                                 0x00009475   Thumb Code    36  main.o(.text)
    SetBondManagerIndex                      0x00009499   Thumb Code    88  main.o(.text)
    GetBondDevice                            0x000094f1   Thumb Code    76  main.o(.text)
    AddBondDevice                            0x0000953d   Thumb Code    22  main.o(.text)
    DelAllBondDevice                         0x00009553   Thumb Code     8  main.o(.text)
    DelBondDevice                            0x0000955b   Thumb Code     8  main.o(.text)
    ReadProfileData                          0x00009563   Thumb Code     4  main.o(.text)
    WriteProfileData                         0x00009567   Thumb Code   198  main.o(.text)
    ble_flash_erase                          0x0000962d   Thumb Code     8  main.o(.text)
    ble_flash_read                           0x00009635   Thumb Code     4  main.o(.text)
    ble_flash_write                          0x00009639   Thumb Code     4  main.o(.text)
    CodeErase                                0x0000963d   Thumb Code    62  main.o(.text)
    CodeWrite                                0x0000967b   Thumb Code     4  main.o(.text)
    CodeUpdate                               0x0000967f   Thumb Code   386  main.o(.text)
    SetATTCCallback                          0x00009801   Thumb Code     8  main.o(.text)
    ATTC_MTUReq                              0x00009809   Thumb Code    22  main.o(.text)
    ATTC_FindInfoReq                         0x0000981f   Thumb Code    28  main.o(.text)
    ATTC_FindByTypeValueReq                  0x0000983b   Thumb Code    54  main.o(.text)
    ATTC_ReadByTypeReq                       0x00009871   Thumb Code    48  main.o(.text)
    ATTC_ReadReq                             0x000098a1   Thumb Code    22  main.o(.text)
    ATTC_ReadBlobReq                         0x000098b7   Thumb Code    28  main.o(.text)
    ATTC_ReadMultipleReq                     0x000098d3   Thumb Code    30  main.o(.text)
    ATTC_ReadByGroupTypeReq                  0x000098f1   Thumb Code    48  main.o(.text)
    ATTC_WriteReq                            0x00009921   Thumb Code    44  main.o(.text)
    ATTC_WriteCmdReq                         0x0000994d   Thumb Code    44  main.o(.text)
    ATTC_PrepareWriteReq                     0x00009979   Thumb Code    48  main.o(.text)
    ATTC_ExecuteWriteReq                     0x000099a9   Thumb Code    18  main.o(.text)
    ATTC_Confirmation                        0x000099bb   Thumb Code    16  main.o(.text)
    __aeabi_idiv                             0x00009a41   Thumb Code     0  idiv.o(.text)
    __aeabi_idivmod                          0x00009a41   Thumb Code    40  idiv.o(.text)
    __aeabi_memcpy                           0x00009a69   Thumb Code    36  memcpya.o(.text)
    __aeabi_memcpy4                          0x00009a69   Thumb Code     0  memcpya.o(.text)
    __aeabi_memcpy8                          0x00009a69   Thumb Code     0  memcpya.o(.text)
    __aeabi_memset                           0x00009a8d   Thumb Code    14  memseta.o(.text)
    __aeabi_memset4                          0x00009a8d   Thumb Code     0  memseta.o(.text)
    __aeabi_memset8                          0x00009a8d   Thumb Code     0  memseta.o(.text)
    __aeabi_memclr                           0x00009a9b   Thumb Code     4  memseta.o(.text)
    __aeabi_memclr4                          0x00009a9b   Thumb Code     0  memseta.o(.text)
    __aeabi_memclr8                          0x00009a9b   Thumb Code     0  memseta.o(.text)
    _memset$wrapper                          0x00009a9f   Thumb Code    18  memseta.o(.text)
    __aeabi_uread4                           0x00009ab1   Thumb Code    20  uread4.o(.text)
    __rt_uread4                              0x00009ab1   Thumb Code     0  uread4.o(.text)
    _uread4                                  0x00009ab1   Thumb Code     0  uread4.o(.text)
    __aeabi_uwrite4                          0x00009ac5   Thumb Code    18  uwrite4.o(.text)
    __rt_uwrite4                             0x00009ac5   Thumb Code     0  uwrite4.o(.text)
    _uwrite4                                 0x00009ac5   Thumb Code     0  uwrite4.o(.text)
    __aeabi_uidiv                            0x00009ad7   Thumb Code     0  uidiv.o(.text)
    __aeabi_uidivmod                         0x00009ad7   Thumb Code    44  uidiv.o(.text)
    __scatterload                            0x00009b05   Thumb Code    28  init.o(.text)
    __scatterload_rt2                        0x00009b05   Thumb Code     0  init.o(.text)
    __ARM_common_switch8                     0x00009b29   Thumb Code    26  main.o(i.__ARM_common_switch8)
    __scatterload_copy                       0x00009b43   Thumb Code    14  handlers.o(i.__scatterload_copy)
    __scatterload_null                       0x00009b51   Thumb Code     2  handlers.o(i.__scatterload_null)
    __scatterload_zeroinit                   0x00009b53   Thumb Code    14  handlers.o(i.__scatterload_zeroinit)
    Region$$Table$$Base                      0x00009b60   Number         0  anon$$obj.o(Region$$Table)
    Region$$Table$$Limit                     0x00009b80   Number         0  anon$$obj.o(Region$$Table)
    timer1s_inting                           0x20001006   Data           1  main.o(.data)
    ADV_DATA                                 0x2000100a   Data          16  main.o(.data)
    ADV_DATA_SZ                              0x2000101a   Data           2  main.o(.data)
    SCAN_DATA                                0x2000101c   Data           1  main.o(.data)
    SCAN_DATA_SZ                             0x2000101e   Data           2  main.o(.data)
    key_sta                                  0x2000102e   Data           1  key.o(.data)
    pevt                                     0x2000103c   Data           4  ota.o(.data)
    PIN_CONFIG                               0x20001040   Data           4  syd8801_gpio.o(.data)
    GPO_CTRL                                 0x20001044   Data           4  syd8801_gpio.o(.data)
    GPI_CTRL                                 0x20001048   Data           4  syd8801_gpio.o(.data)
    GPIO_IRQ_CTRL                            0x2000104c   Data           4  syd8801_gpio.o(.data)
    TIMER_CTRL                               0x20001054   Data           4  syd8801_timer.o(.data)
    UART_0_CTRL                              0x20001058   Data           4  syd8801_uart.o(.data)
    UART_1_CTRL                              0x2000105c   Data           4  syd8801_uart.o(.data)
    SystemCoreClock                          0x20001068   Data           4  system_armcm0.o(.data)
    FLASH_CTRL                               0x200010a8   Data           4  main.o(.data)
    p_attc_callback                          0x200010b0   Data           4  main.o(.data)
    march_state                              0x200010c8   Data          26  main.o(.bss)
    __initial_sp                             0x200025d8   Data           0  startup_armcm0.o(STACK)



==============================================================================

Memory Map of the image

  Image Entry point : 0x000060c1

  Load Region LR_IROM1 (Base: 0x00006000, Size: 0x00003c48, Max: 0x00008000, ABSOLUTE)

    Execution Region ER_IROM1 (Base: 0x00006000, Size: 0x00003b80, Max: 0x00008000, ABSOLUTE)

    Base Addr    Size         Type   Attr      Idx    E Section Name        Object

    0x00006000   0x000000c0   Data   RO          498    RESET               startup_armcm0.o
    0x000060c0   0x00000000   Code   RO          603  * .ARM.Collect$$$$00000000  mc_p.l(entry.o)
    0x000060c0   0x00000004   Code   RO          646    .ARM.Collect$$$$00000001  mc_p.l(entry2.o)
    0x000060c4   0x00000004   Code   RO          649    .ARM.Collect$$$$00000004  mc_p.l(entry5.o)
    0x000060c8   0x00000000   Code   RO          651    .ARM.Collect$$$$00000008  mc_p.l(entry7b.o)
    0x000060c8   0x00000000   Code   RO          653    .ARM.Collect$$$$0000000A  mc_p.l(entry8b.o)
    0x000060c8   0x00000008   Code   RO          654    .ARM.Collect$$$$0000000B  mc_p.l(entry9a.o)
    0x000060d0   0x00000000   Code   RO          656    .ARM.Collect$$$$0000000D  mc_p.l(entry10a.o)
    0x000060d0   0x00000000   Code   RO          658    .ARM.Collect$$$$0000000F  mc_p.l(entry11a.o)
    0x000060d0   0x00000004   Code   RO          647    .ARM.Collect$$$$00002712  mc_p.l(entry2.o)
    0x000060d4   0x00000bd0   Code   RO            3    .text               main.o
    0x00006ca4   0x00000134   Code   RO           87    .text               key.o
    0x00006dd8   0x00000024   Code   RO          120    .text               led.o
    0x00006dfc   0x00000100   Code   RO          145    .text               ota.o
    0x00006efc   0x0000001a   Code   RO          214    .text               syd8801_delay.o
    0x00006f16   0x00000002   PAD
    0x00006f18   0x00000334   Code   RO          240    .text               syd8801_gpio.o
    0x0000724c   0x00000148   Code   RO          280    .text               syd8801_timer.o
    0x00007394   0x00000090   Code   RO          340    .text               syd8801_uart.o
    0x00007424   0x0000001c   Code   RO          499    .text               startup_armcm0.o
    0x00007440   0x00000010   Code   RO          506    .text               system_armcm0.o
    0x00007450   0x000025f0   Code   RO          537    .text               syd_8801_lib.lib(main.o)
    0x00009a40   0x00000028   Code   RO          606    .text               mc_p.l(idiv.o)
    0x00009a68   0x00000024   Code   RO          608    .text               mc_p.l(memcpya.o)
    0x00009a8c   0x00000024   Code   RO          610    .text               mc_p.l(memseta.o)
    0x00009ab0   0x00000014   Code   RO          642    .text               mc_p.l(uread4.o)
    0x00009ac4   0x00000012   Code   RO          644    .text               mc_p.l(uwrite4.o)
    0x00009ad6   0x0000002c   Code   RO          663    .text               mc_p.l(uidiv.o)
    0x00009b02   0x00000002   PAD
    0x00009b04   0x00000024   Code   RO          678    .text               mc_p.l(init.o)
    0x00009b28   0x0000001a   Code   RO          557    i.__ARM_common_switch8  syd_8801_lib.lib(main.o)
    0x00009b42   0x0000000e   Code   RO          693    i.__scatterload_copy  mc_p.l(handlers.o)
    0x00009b50   0x00000002   Code   RO          694    i.__scatterload_null  mc_p.l(handlers.o)
    0x00009b52   0x0000000e   Code   RO          695    i.__scatterload_zeroinit  mc_p.l(handlers.o)
    0x00009b60   0x00000020   Data   RO          692    Region$$Table       anon$$obj.o


    Execution Region RW_IRAM1 (Base: 0x20001000, Size: 0x000015d8, Max: 0x00002000, ABSOLUTE)

    Base Addr    Size         Type   Attr      Idx    E Section Name        Object

    0x20001000   0x0000002d   Data   RW            5    .data               main.o
    0x2000102d   0x00000001   PAD
    0x2000102e   0x00000008   Data   RW           89    .data               key.o
    0x20001036   0x00000002   PAD
    0x20001038   0x00000008   Data   RW          146    .data               ota.o
    0x20001040   0x00000014   Data   RW          242    .data               syd8801_gpio.o
    0x20001054   0x00000004   Data   RW          287    .data               syd8801_timer.o
    0x20001058   0x00000010   Data   RW          350    .data               syd8801_uart.o
    0x20001068   0x00000004   Data   RW          507    .data               system_armcm0.o
    0x2000106c   0x0000005b   Data   RW          539    .data               syd_8801_lib.lib(main.o)
    0x200010c7   0x00000001   PAD
    0x200010c8   0x0000001a   Zero   RW            4    .bss                main.o
    0x200010e2   0x00000002   PAD
    0x200010e4   0x0000000c   Zero   RW          286    .bss                syd8801_timer.o
    0x200010f0   0x000010e1   Zero   RW          538    .bss                syd_8801_lib.lib(main.o)
    0x200021d1   0x00000007   PAD
    0x200021d8   0x00000400   Zero   RW          496    STACK               startup_armcm0.o


==============================================================================

Image component sizes


      Code (inc. data)   RO Data    RW Data    ZI Data      Debug   Object Name

       308         18          0          8          0       1119   key.o
        36          0          0          0          0        762   led.o
      3024        232          0         45         26      28413   main.o
       256         12          0          8          0       2053   ota.o
        28          8        192          0       1024        612   startup_armcm0.o
        26          0          0          0          0        479   syd8801_delay.o
       820         24          0         20          0       8644   syd8801_gpio.o
       328         14          0          4         12       1964   syd8801_timer.o
       144         12          0         16          0       1226   syd8801_uart.o
        16          8          0          4          0        659   system_armcm0.o

    ----------------------------------------------------------------------
      4988        328        224        108       1064      45931   Object Totals
         0          0         32          0          0          0   (incl. Generated)
         2          0          0          3          2          0   (incl. Padding)

    ----------------------------------------------------------------------

      Code (inc. data)   RO Data    RW Data    ZI Data      Debug   Library Member Name

         0          0          0          0          0          0   entry.o
         0          0          0          0          0          0   entry10a.o
         0          0          0          0          0          0   entry11a.o
         8          4          0          0          0          0   entry2.o
         4          0          0          0          0          0   entry5.o
         0          0          0          0          0          0   entry7b.o
         0          0          0          0          0          0   entry8b.o
         8          4          0          0          0          0   entry9a.o
        30          0          0          0          0          0   handlers.o
        40          0          0          0          0         72   idiv.o
        36          8          0          0          0         68   init.o
        36          0          0          0          0         60   memcpya.o
        36          0          0          0          0        100   memseta.o
        44          0          0          0          0         72   uidiv.o
        20          0          0          0          0         60   uread4.o
        18          0          0          0          0         60   uwrite4.o
      9738        438          0         91       4321      98681   main.o

    ----------------------------------------------------------------------
     10020        454          0         92       4328      99173   Library Totals
         2          0          0          1          7          0   (incl. Padding)

    ----------------------------------------------------------------------

      Code (inc. data)   RO Data    RW Data    ZI Data      Debug   Library Name

       280         16          0          0          0        492   mc_p.l
      9738        438          0         91       4321      98681   syd_8801_lib.lib

    ----------------------------------------------------------------------
     10020        454          0         92       4328      99173   Library Totals

    ----------------------------------------------------------------------

==============================================================================


      Code (inc. data)   RO Data    RW Data    ZI Data      Debug   

     15008        782        224        200       5392     144596   Grand Totals
     15008        782        224        200       5392     144596   ELF Image Totals
     15008        782        224        200          0          0   ROM Totals

==============================================================================

    Total RO  Size (Code + RO Data)                15232 (  14.88kB)
    Total RW  Size (RW Data + ZI Data)              5592 (   5.46kB)
    Total ROM Size (Code + RO Data + RW Data)      15432 (  15.07kB)

==============================================================================

