Component: ARM Compiler 5.06 (build 20) Tool: armlink [4d35a3]

==============================================================================

Section Cross References

    main.o(.text) refers to led.o(.text) for led_close
    main.o(.text) refers to main.o(.text) for SetAdvParams
    main.o(.text) refers to memcpya.o(.text) for __aeabi_memcpy
    main.o(.text) refers to main.o(.data) for PW_CTRL
    main.o(.text) refers to main.o(.bss) for march_state
    main.o(.text) refers to syd8801_gpio.o(.data) for PIN_CONFIG
    main.o(.text) refers to key.o(.text) for key_config
    main.o(.text) refers to syd8801_timer.o(.text) for timer_0_enable
    main.o(.text) refers to uwrite4.o(.text) for __aeabi_uwrite4
    main.o(.text) refers to main.o(i.__ARM_common_switch8) for __ARM_common_switch8
    main.o(.text) refers to syd8801_delay.o(.text) for delay_ms
    main.o(.text) refers to syd8801_gpio.o(.text) for io_irq_enable
    key.o(.text) refers to syd8801_gpio.o(.text) for GPIO_Set_Input
    key.o(.text) refers to key.o(.data) for time_cnt
    key.o(.text) refers to syd8801_gpio.o(.text) for GPIO_Set_Input
    key.o(.text) refers to syd8801_timer.o(.text) for timer_0_enable
    key.o(.text) refers to key.o(.text) for timer0_callback
    led.o(.text) refers to syd8801_gpio.o(.text) for GPIO_Set_Output
    ota.o(.text) refers to memcpya.o(.text) for __aeabi_memcpy
    ota.o(.text) refers to main.o(.text) for CodeErase
    ota.o(.text) refers to ota.o(.data) for pevt
    ota.o(.text) refers to ota.o(.text) for CmdFwErase
    ota.o(.text) refers to memcpya.o(.text) for __aeabi_memcpy
    ota.o(.text) refers to ota.o(.data) for pevt
    syd8801_debug.o(.text) refers to syd8801_uart.o(.text) for uart_0_init
    syd8801_debug.o(.text) refers to printfa.o(i.__0vsprintf) for __c89vsprintf
    syd8801_debug.o(.text) refers to syd8801_uart.o(.text) for uart_0_write
    syd8801_debug.o(.text) refers to syd8801_debug.o(.bss) for s_formatBuffer
    syd8801_debug.o(.text) refers to syd8801_debug.o(.text) for dbg_printf
    syd8801_gpio.o(.text) refers to syd8801_gpio.o(.data) for PIN_CONFIG
    syd8801_gpio.o(.text) refers to syd8801_gpio.o(.data) for GPIO_IRQ_CTRL
    syd8801_timer.o(.text) refers to syd8801_delay.o(.text) for delay_us
    syd8801_timer.o(.text) refers to syd8801_timer.o(.data) for TIMER_CTRL
    syd8801_timer.o(.text) refers to syd8801_timer.o(.bss) for timer0_callback
    syd8801_timer.o(.text) refers to syd8801_timer.o(.data) for TIMER_CTRL
    syd8801_timer.o(.text) refers to syd8801_delay.o(.text) for delay_us
    syd8801_timer.o(.text) refers to syd8801_timer.o(.text) for NVIC_EnableIRQ
    syd8801_timer.o(.text) refers to syd8801_timer.o(.data) for TIMER_CTRL
    syd8801_timer.o(.text) refers to syd8801_timer.o(.bss) for timer0_callback
    syd8801_timer.o(.text) refers to syd8801_timer.o(.text) for NVIC_DisableIRQ
    syd8801_timer.o(.text) refers to syd8801_timer.o(.data) for TIMER_CTRL
    syd8801_timer.o(.text) refers to syd8801_delay.o(.text) for delay_us
    syd8801_timer.o(.text) refers to syd8801_timer.o(.text) for NVIC_EnableIRQ
    syd8801_timer.o(.text) refers to syd8801_timer.o(.data) for TIMER_CTRL
    syd8801_timer.o(.text) refers to syd8801_timer.o(.bss) for timer0_callback
    syd8801_timer.o(.text) refers to syd8801_timer.o(.text) for NVIC_DisableIRQ
    syd8801_timer.o(.text) refers to syd8801_timer.o(.data) for TIMER_CTRL
    syd8801_uart.o(.text) refers to syd8801_uart.o(.text) for NVIC_EnableIRQ
    syd8801_uart.o(.text) refers to syd8801_gpio.o(.data) for PIN_CONFIG
    syd8801_uart.o(.text) refers to syd8801_uart.o(.data) for UART_0_CTRL
    syd8801_uart.o(.text) refers to syd8801_uart.o(.data) for UART_0_CTRL
    syd8801_uart.o(.text) refers to syd8801_uart.o(.data) for UART_0_CTRL
    syd8801_uart.o(.text) refers to syd8801_uart.o(.data) for UART_0_CTRL
    syd8801_uart.o(.text) refers to syd8801_uart.o(.text) for NVIC_DisableIRQ
    syd8801_uart.o(.text) refers to syd8801_uart.o(.text) for NVIC_EnableIRQ
    syd8801_uart.o(.text) refers to syd8801_gpio.o(.data) for PIN_CONFIG
    syd8801_uart.o(.text) refers to syd8801_uart.o(.data) for UART_1_CTRL
    syd8801_uart.o(.text) refers to syd8801_uart.o(.data) for UART_1_CTRL
    syd8801_uart.o(.text) refers to syd8801_uart.o(.data) for UART_1_CTRL
    syd8801_uart.o(.text) refers to syd8801_uart.o(.text) for NVIC_DisableIRQ
    syd8801_uart.o(.text) refers to syd8801_uart.o(.text) for uart_0_write
    syd8801_uart.o(.text) refers to syd8801_uart.o(.text) for uart_1_write
    syd8801_ioi2c.o(.text) refers to syd8801_gpio.o(.text) for GPIO_Set_Output
    syd8801_ioi2c.o(.text) refers to syd8801_gpio.o(.text) for GPIO_Pin_Set
    syd8801_ioi2c.o(.text) refers to syd8801_gpio.o(.text) for GPIO_Pin_Clear
    syd8801_ioi2c.o(.text) refers to syd8801_gpio.o(.text) for GPIO_Pin_Clear
    syd8801_ioi2c.o(.text) refers to syd8801_gpio.o(.text) for GPIO_Pin_Clear
    syd8801_ioi2c.o(.text) refers to syd8801_gpio.o(.text) for GPIO_Set_Input
    syd8801_ioi2c.o(.text) refers to syd8801_ioi2c.o(.text) for start
    syd8801_ioi2c.o(.text) refers to syd8801_ioi2c.o(.text) for iic_sendid
    syd8801_ioi2c.o(.text) refers to syd8801_ioi2c.o(.text) for iic_senddata
    syd8801_ioi2c.o(.text) refers to syd8801_ioi2c.o(.text) for stop
    syd8801_ioi2c.o(.text) refers to syd8801_ioi2c.o(.text) for start
    syd8801_ioi2c.o(.text) refers to syd8801_ioi2c.o(.text) for iic_sendid
    syd8801_ioi2c.o(.text) refers to syd8801_ioi2c.o(.text) for iic_senddata
    syd8801_ioi2c.o(.text) refers to syd8801_ioi2c.o(.text) for iic_receivedata
    syd8801_ioi2c.o(.text) refers to syd8801_ioi2c.o(.text) for stop
    syd8801_adc.o(.text) refers to syd8801_adc.o(.data) for BI_CTRL
    syd8801_adc.o(.text) refers to syd8801_gpio.o(.data) for PIN_CONFIG
    syd8801_adc.o(.text) refers to syd8801_adc.o(.data) for BI_CTRL
    syd8801_adc.o(.text) refers to syd8801_adc.o(.data) for BI_CTRL
    syd8801_adc.o(.text) refers to syd8801_adc.o(.data) for BI_CTRL
    startup_armcm0.o(RESET) refers to startup_armcm0.o(STACK) for __initial_sp
    startup_armcm0.o(RESET) refers to startup_armcm0.o(.text) for Reset_Handler
    startup_armcm0.o(RESET) refers to syd8801_uart.o(.text) for UART0_IRQHandler
    startup_armcm0.o(RESET) refers to syd8801_timer.o(.text) for TIMER0_IRQHandler
    startup_armcm0.o(RESET) refers to syd8801_gpio.o(.text) for GPIO_IRQHandler
    startup_armcm0.o(.text) refers to system_armcm0.o(.text) for SystemInit
    startup_armcm0.o(.text) refers to entry.o(.ARM.Collect$$$$00000000) for __main
    system_armcm0.o(.text) refers to system_armcm0.o(.data) for SystemCoreClock
    system_armcm0.o(.text) refers to system_armcm0.o(.data) for SystemCoreClock
    main.o(.text) refers to memcpya.o(.text) for __aeabi_memcpy
    main.o(.text) refers to main.o(.data) for .data
    main.o(.text) refers to main.o(.bss) for .bss
    main.o(.text) refers to main.o(i.__ARM_common_switch8) for __ARM_common_switch8
    main.o(.text) refers to uread4.o(.text) for __aeabi_uread4
    main.o(.text) refers to uwrite4.o(.text) for __aeabi_uwrite4
    main.o(.text) refers to idiv.o(.text) for __aeabi_idivmod
    main.o(.text) refers to memseta.o(.text) for __aeabi_memset
    entry.o(.ARM.Collect$$$$00000000) refers (Special) to entry10a.o(.ARM.Collect$$$$0000000D) for __rt_final_cpp
    entry.o(.ARM.Collect$$$$00000000) refers (Special) to entry11a.o(.ARM.Collect$$$$0000000F) for __rt_final_exit
    entry.o(.ARM.Collect$$$$00000000) refers (Special) to entry7b.o(.ARM.Collect$$$$00000008) for _main_clock
    entry.o(.ARM.Collect$$$$00000000) refers (Special) to entry8b.o(.ARM.Collect$$$$0000000A) for _main_cpp_init
    entry.o(.ARM.Collect$$$$00000000) refers (Special) to entry9a.o(.ARM.Collect$$$$0000000B) for _main_init
    entry.o(.ARM.Collect$$$$00000000) refers (Special) to entry5.o(.ARM.Collect$$$$00000004) for _main_scatterload
    entry.o(.ARM.Collect$$$$00000000) refers (Special) to entry2.o(.ARM.Collect$$$$00000001) for _main_stk
    idiv.o(.text) refers to uidiv.o(.text) for __aeabi_uidivmod
    printfa.o(i.__0fprintf) refers (Special) to iusefp.o(.text) for __I$use$fp
    printfa.o(i.__0fprintf) refers to printfa.o(i._printf_core) for _printf_core
    printfa.o(i.__0fprintf) refers to fputc.o(i.fputc) for fputc
    printfa.o(i.__0printf) refers (Special) to iusefp.o(.text) for __I$use$fp
    printfa.o(i.__0printf) refers to printfa.o(i._printf_core) for _printf_core
    printfa.o(i.__0printf) refers to fputc.o(i.fputc) for fputc
    printfa.o(i.__0printf) refers to stdout.o(.data) for __stdout
    printfa.o(i.__0snprintf) refers (Special) to iusefp.o(.text) for __I$use$fp
    printfa.o(i.__0snprintf) refers to printfa.o(i._printf_core) for _printf_core
    printfa.o(i.__0snprintf) refers to printfa.o(i._snputc) for _snputc
    printfa.o(i.__0sprintf) refers (Special) to iusefp.o(.text) for __I$use$fp
    printfa.o(i.__0sprintf) refers to printfa.o(i._printf_core) for _printf_core
    printfa.o(i.__0sprintf) refers to printfa.o(i._sputc) for _sputc
    printfa.o(i.__0vfprintf) refers (Special) to iusefp.o(.text) for __I$use$fp
    printfa.o(i.__0vfprintf) refers to printfa.o(i._printf_core) for _printf_core
    printfa.o(i.__0vfprintf) refers to fputc.o(i.fputc) for fputc
    printfa.o(i.__0vprintf) refers (Special) to iusefp.o(.text) for __I$use$fp
    printfa.o(i.__0vprintf) refers to printfa.o(i._printf_core) for _printf_core
    printfa.o(i.__0vprintf) refers to fputc.o(i.fputc) for fputc
    printfa.o(i.__0vprintf) refers to stdout.o(.data) for __stdout
    printfa.o(i.__0vsnprintf) refers (Special) to iusefp.o(.text) for __I$use$fp
    printfa.o(i.__0vsnprintf) refers to printfa.o(i._printf_core) for _printf_core
    printfa.o(i.__0vsnprintf) refers to printfa.o(i._snputc) for _snputc
    printfa.o(i.__0vsprintf) refers (Special) to iusefp.o(.text) for __I$use$fp
    printfa.o(i.__0vsprintf) refers to printfa.o(i._printf_core) for _printf_core
    printfa.o(i.__0vsprintf) refers to printfa.o(i._sputc) for _sputc
    printfa.o(i._fp_digits) refers (Special) to iusefp.o(.text) for __I$use$fp
    printfa.o(i._fp_digits) refers to dmul.o(.text) for __aeabi_dmul
    printfa.o(i._fp_digits) refers to ddiv.o(.text) for __aeabi_ddiv
    printfa.o(i._fp_digits) refers to cdrcmple.o(.text) for __aeabi_cdrcmple
    printfa.o(i._fp_digits) refers to dadd.o(.text) for __aeabi_dadd
    printfa.o(i._fp_digits) refers to dfixul.o(.text) for __aeabi_d2ulz
    printfa.o(i._fp_digits) refers to uldiv.o(.text) for __aeabi_uldivmod
    printfa.o(i._printf_core) refers (Special) to iusefp.o(.text) for __I$use$fp
    printfa.o(i._printf_core) refers to printfa.o(i._printf_pre_padding) for _printf_pre_padding
    printfa.o(i._printf_core) refers to uldiv.o(.text) for __aeabi_uldivmod
    printfa.o(i._printf_core) refers to printfa.o(i._printf_post_padding) for _printf_post_padding
    printfa.o(i._printf_core) refers to printfa.o(i._fp_digits) for _fp_digits
    printfa.o(i._printf_core) refers to uidiv.o(.text) for __aeabi_uidivmod
    printfa.o(i._printf_post_padding) refers (Special) to iusefp.o(.text) for __I$use$fp
    printfa.o(i._printf_pre_padding) refers (Special) to iusefp.o(.text) for __I$use$fp
    printfa.o(i._snputc) refers (Special) to iusefp.o(.text) for __I$use$fp
    printfa.o(i._sputc) refers (Special) to iusefp.o(.text) for __I$use$fp
    entry2.o(.ARM.Collect$$$$00000001) refers to entry2.o(.ARM.Collect$$$$00002712) for __lit__00000000
    entry2.o(.ARM.Collect$$$$00002712) refers to startup_armcm0.o(STACK) for __initial_sp
    entry2.o(__vectab_stack_and_reset_area) refers to startup_armcm0.o(STACK) for __initial_sp
    entry2.o(__vectab_stack_and_reset_area) refers to entry.o(.ARM.Collect$$$$00000000) for __main
    entry5.o(.ARM.Collect$$$$00000004) refers to init.o(.text) for __scatterload
    entry9a.o(.ARM.Collect$$$$0000000B) refers to main.o(.text) for main
    entry9b.o(.ARM.Collect$$$$0000000C) refers to main.o(.text) for main
    fputc.o(i.fputc) refers (Special) to iusesemip.o(.text) for __I$use$semihosting$fputc
    fputc.o(i.fputc) refers (Special) to semi.o(.text) for __semihosting_library_function
    uldiv.o(.text) refers to llushr.o(.text) for __aeabi_llsr
    uldiv.o(.text) refers to llshl.o(.text) for __aeabi_llsl
    dadd.o(.text) refers to llshl.o(.text) for __aeabi_llsl
    dadd.o(.text) refers to llsshr.o(.text) for __aeabi_lasr
    dadd.o(.text) refers to depilogue.o(.text) for _double_epilogue
    dmul.o(.text) refers to depilogue.o(.text) for _double_epilogue
    ddiv.o(.text) refers to depilogue.o(.text) for _double_round
    dfixul.o(.text) refers to llushr.o(.text) for __aeabi_llsr
    dfixul.o(.text) refers to llshl.o(.text) for __aeabi_llsl
    init.o(.text) refers to entry5.o(.ARM.Collect$$$$00000004) for __main_after_scatterload
    depilogue.o(.text) refers to depilogue.o(i.__ARM_clz) for __ARM_clz
    depilogue.o(.text) refers to llshl.o(.text) for __aeabi_llsl
    depilogue.o(.text) refers to llushr.o(.text) for __aeabi_llsr


==============================================================================

Removing Unused input sections from the image.

    Removing main.o(.rev16_text), (4 bytes).
    Removing main.o(.revsh_text), (4 bytes).
    Removing key.o(.rev16_text), (4 bytes).
    Removing key.o(.revsh_text), (4 bytes).
    Removing key.o(.text), (36 bytes).
    Removing led.o(.rev16_text), (4 bytes).
    Removing led.o(.revsh_text), (4 bytes).
    Removing ota.o(.rev16_text), (4 bytes).
    Removing ota.o(.revsh_text), (4 bytes).
    Removing ota.o(.text), (168 bytes).
    Removing ota.o(.text), (50 bytes).
    Removing ota.o(.text), (44 bytes).
    Removing ota.o(.data), (8 bytes).
    Removing syd8801_debug.o(.rev16_text), (4 bytes).
    Removing syd8801_debug.o(.revsh_text), (4 bytes).
    Removing syd8801_debug.o(.text), (14 bytes).
    Removing syd8801_debug.o(.text), (88 bytes).
    Removing syd8801_debug.o(.text), (128 bytes).
    Removing syd8801_debug.o(.bss), (128 bytes).
    Removing syd8801_delay.o(.rev16_text), (4 bytes).
    Removing syd8801_delay.o(.revsh_text), (4 bytes).
    Removing syd8801_gpio.o(.rev16_text), (4 bytes).
    Removing syd8801_gpio.o(.revsh_text), (4 bytes).
    Removing syd8801_gpio.o(.text), (44 bytes).
    Removing syd8801_timer.o(.rev16_text), (4 bytes).
    Removing syd8801_timer.o(.revsh_text), (4 bytes).
    Removing syd8801_timer.o(.text), (128 bytes).
    Removing syd8801_timer.o(.text), (116 bytes).
    Removing syd8801_timer.o(.text), (32 bytes).
    Removing syd8801_timer.o(.text), (116 bytes).
    Removing syd8801_timer.o(.text), (32 bytes).
    Removing syd8801_uart.o(.rev16_text), (4 bytes).
    Removing syd8801_uart.o(.revsh_text), (4 bytes).
    Removing syd8801_uart.o(.text), (132 bytes).
    Removing syd8801_uart.o(.text), (44 bytes).
    Removing syd8801_uart.o(.text), (12 bytes).
    Removing syd8801_uart.o(.text), (10 bytes).
    Removing syd8801_uart.o(.text), (108 bytes).
    Removing syd8801_uart.o(.text), (44 bytes).
    Removing syd8801_uart.o(.text), (12 bytes).
    Removing syd8801_uart.o(.text), (10 bytes).
    Removing syd8801_uart.o(.text), (28 bytes).
    Removing syd8801_uart.o(.text), (28 bytes).
    Removing syd8801_uart.o(.text), (20 bytes).
    Removing syd8801_uart.o(.text), (20 bytes).
    Removing syd8801_ioi2c.o(.rev16_text), (4 bytes).
    Removing syd8801_ioi2c.o(.revsh_text), (4 bytes).
    Removing syd8801_ioi2c.o(.text), (28 bytes).
    Removing syd8801_ioi2c.o(.text), (36 bytes).
    Removing syd8801_ioi2c.o(.text), (36 bytes).
    Removing syd8801_ioi2c.o(.text), (138 bytes).
    Removing syd8801_ioi2c.o(.text), (96 bytes).
    Removing syd8801_ioi2c.o(.text), (110 bytes).
    Removing syd8801_ioi2c.o(.text), (72 bytes).
    Removing syd8801_ioi2c.o(.text), (84 bytes).
    Removing syd8801_adc.o(.rev16_text), (4 bytes).
    Removing syd8801_adc.o(.revsh_text), (4 bytes).
    Removing syd8801_adc.o(.text), (120 bytes).
    Removing syd8801_adc.o(.text), (80 bytes).
    Removing syd8801_adc.o(.text), (40 bytes).
    Removing syd8801_adc.o(.text), (40 bytes).
    Removing syd8801_adc.o(.data), (4 bytes).
    Removing startup_armcm0.o(HEAP), (3072 bytes).
    Removing system_armcm0.o(.rev16_text), (4 bytes).
    Removing system_armcm0.o(.revsh_text), (4 bytes).
    Removing system_armcm0.o(.text), (16 bytes).
    Removing main.o(.rev16_text), (4 bytes).
    Removing main.o(.revsh_text), (4 bytes).
    Removing dadd.o(.text), (356 bytes).
    Removing dmul.o(.text), (208 bytes).
    Removing ddiv.o(.text), (240 bytes).
    Removing dfixul.o(.text), (64 bytes).
    Removing cdrcmple.o(.text), (40 bytes).
    Removing depilogue.o(.text), (190 bytes).
    Removing depilogue.o(i.__ARM_clz), (46 bytes).

75 unused section(s) (total 6820 bytes) removed from the image.

==============================================================================

Image Symbol Table

    Local Symbols

    Symbol Name                              Value     Ov Type        Size  Object(Section)

    ../clib/microlib/division.c              0x00000000   Number         0  uldiv.o ABSOLUTE
    ../clib/microlib/division.c              0x00000000   Number         0  idiv.o ABSOLUTE
    ../clib/microlib/division.c              0x00000000   Number         0  uidiv.o ABSOLUTE
    ../clib/microlib/init/entry.s            0x00000000   Number         0  entry10a.o ABSOLUTE
    ../clib/microlib/init/entry.s            0x00000000   Number         0  entry11a.o ABSOLUTE
    ../clib/microlib/init/entry.s            0x00000000   Number         0  entry11b.o ABSOLUTE
    ../clib/microlib/init/entry.s            0x00000000   Number         0  entry10b.o ABSOLUTE
    ../clib/microlib/init/entry.s            0x00000000   Number         0  entry2.o ABSOLUTE
    ../clib/microlib/init/entry.s            0x00000000   Number         0  entry9b.o ABSOLUTE
    ../clib/microlib/init/entry.s            0x00000000   Number         0  entry9a.o ABSOLUTE
    ../clib/microlib/init/entry.s            0x00000000   Number         0  entry.o ABSOLUTE
    ../clib/microlib/init/entry.s            0x00000000   Number         0  entry8b.o ABSOLUTE
    ../clib/microlib/init/entry.s            0x00000000   Number         0  entry8a.o ABSOLUTE
    ../clib/microlib/init/entry.s            0x00000000   Number         0  entry5.o ABSOLUTE
    ../clib/microlib/init/entry.s            0x00000000   Number         0  entry7b.o ABSOLUTE
    ../clib/microlib/init/entry.s            0x00000000   Number         0  entry7a.o ABSOLUTE
    ../clib/microlib/longlong.c              0x00000000   Number         0  llsshr.o ABSOLUTE
    ../clib/microlib/longlong.c              0x00000000   Number         0  llushr.o ABSOLUTE
    ../clib/microlib/longlong.c              0x00000000   Number         0  llshl.o ABSOLUTE
    ../clib/microlib/printf/printf.c         0x00000000   Number         0  printfa.o ABSOLUTE
    ../clib/microlib/stdio/fputc.c           0x00000000   Number         0  fputc.o ABSOLUTE
    ../clib/microlib/stdio/semi.s            0x00000000   Number         0  semi.o ABSOLUTE
    ../clib/microlib/stdio/streams.c         0x00000000   Number         0  stdout.o ABSOLUTE
    ../clib/microlib/string/memcpy.c         0x00000000   Number         0  memcpya.o ABSOLUTE
    ../clib/microlib/string/memcpy.c         0x00000000   Number         0  memcpyb.o ABSOLUTE
    ../clib/microlib/string/memset.c         0x00000000   Number         0  memseta.o ABSOLUTE
    ../clib/microlib/stubs.s                 0x00000000   Number         0  iusefp.o ABSOLUTE
    ../clib/microlib/stubs.s                 0x00000000   Number         0  iusesemip.o ABSOLUTE
    ../clib/microlib/unhosted.c              0x00000000   Number         0  uread4.o ABSOLUTE
    ../clib/microlib/unhosted.c              0x00000000   Number         0  uwrite4.o ABSOLUTE
    ../fplib/microlib/fpadd.c                0x00000000   Number         0  dadd.o ABSOLUTE
    ../fplib/microlib/fpdiv.c                0x00000000   Number         0  ddiv.o ABSOLUTE
    ../fplib/microlib/fpepilogue.c           0x00000000   Number         0  depilogue.o ABSOLUTE
    ../fplib/microlib/fpfix.c                0x00000000   Number         0  dfixul.o ABSOLUTE
    ../fplib/microlib/fpmul.c                0x00000000   Number         0  dmul.o ABSOLUTE
    Driver\\ota.c                            0x00000000   Number         0  ota.o ABSOLUTE
    Driver\\syd8801_adc.c                    0x00000000   Number         0  syd8801_adc.o ABSOLUTE
    Driver\\syd8801_debug.c                  0x00000000   Number         0  syd8801_debug.o ABSOLUTE
    Driver\\syd8801_delay.c                  0x00000000   Number         0  syd8801_delay.o ABSOLUTE
    Driver\\syd8801_gpio.c                   0x00000000   Number         0  syd8801_gpio.o ABSOLUTE
    Driver\\syd8801_ioi2c.c                  0x00000000   Number         0  syd8801_ioi2c.o ABSOLUTE
    Driver\\syd8801_timer.c                  0x00000000   Number         0  syd8801_timer.o ABSOLUTE
    Driver\\syd8801_uart.c                   0x00000000   Number         0  syd8801_uart.o ABSOLUTE
    Driver\ota.c                             0x00000000   Number         0  ota.o ABSOLUTE
    Driver\syd8801_adc.c                     0x00000000   Number         0  syd8801_adc.o ABSOLUTE
    Driver\syd8801_debug.c                   0x00000000   Number         0  syd8801_debug.o ABSOLUTE
    Driver\syd8801_delay.c                   0x00000000   Number         0  syd8801_delay.o ABSOLUTE
    Driver\syd8801_gpio.c                    0x00000000   Number         0  syd8801_gpio.o ABSOLUTE
    Driver\syd8801_ioi2c.c                   0x00000000   Number         0  syd8801_ioi2c.o ABSOLUTE
    Driver\syd8801_timer.c                   0x00000000   Number         0  syd8801_timer.o ABSOLUTE
    Driver\syd8801_uart.c                    0x00000000   Number         0  syd8801_uart.o ABSOLUTE
    Main\\key.c                              0x00000000   Number         0  key.o ABSOLUTE
    Main\\led.c                              0x00000000   Number         0  led.o ABSOLUTE
    Main\\main.c                             0x00000000   Number         0  main.o ABSOLUTE
    Main\\main.c                             0x00000000   Number         0  main.o ABSOLUTE
    Main\key.c                               0x00000000   Number         0  key.o ABSOLUTE
    Main\led.c                               0x00000000   Number         0  led.o ABSOLUTE
    Main\main.c                              0x00000000   Number         0  main.o ABSOLUTE
    Main\main.c                              0x00000000   Number         0  main.o ABSOLUTE
    RTE\Device\ARMCM0\startup_ARMCM0.s       0x00000000   Number         0  startup_armcm0.o ABSOLUTE
    RTE\Device\ARMCM0\system_ARMCM0.c        0x00000000   Number         0  system_armcm0.o ABSOLUTE
    RTE\\Device\\ARMCM0\\system_ARMCM0.c     0x00000000   Number         0  system_armcm0.o ABSOLUTE
    cdrcmple.s                               0x00000000   Number         0  cdrcmple.o ABSOLUTE
    dc.s                                     0x00000000   Number         0  dc.o ABSOLUTE
    handlers.s                               0x00000000   Number         0  handlers.o ABSOLUTE
    init.s                                   0x00000000   Number         0  init.o ABSOLUTE
    RESET                                    0x00006000   Section      192  startup_armcm0.o(RESET)
    .ARM.Collect$$$$00000000                 0x000060c0   Section        0  entry.o(.ARM.Collect$$$$00000000)
    .ARM.Collect$$$$00000001                 0x000060c0   Section        4  entry2.o(.ARM.Collect$$$$00000001)
    .ARM.Collect$$$$00000004                 0x000060c4   Section        4  entry5.o(.ARM.Collect$$$$00000004)
    .ARM.Collect$$$$00000008                 0x000060c8   Section        0  entry7b.o(.ARM.Collect$$$$00000008)
    .ARM.Collect$$$$0000000A                 0x000060c8   Section        0  entry8b.o(.ARM.Collect$$$$0000000A)
    .ARM.Collect$$$$0000000B                 0x000060c8   Section        8  entry9a.o(.ARM.Collect$$$$0000000B)
    .ARM.Collect$$$$0000000D                 0x000060d0   Section        0  entry10a.o(.ARM.Collect$$$$0000000D)
    .ARM.Collect$$$$0000000F                 0x000060d0   Section        0  entry11a.o(.ARM.Collect$$$$0000000F)
    .ARM.Collect$$$$00002712                 0x000060d0   Section        4  entry2.o(.ARM.Collect$$$$00002712)
    __lit__00000000                          0x000060d0   Data           4  entry2.o(.ARM.Collect$$$$00002712)
    .text                                    0x000060d4   Section        0  main.o(.text)
    setup_adv_data                           0x00006197   Thumb Code    48  main.o(.text)
    ble_gatt_read                            0x000061c7   Thumb Code   324  main.o(.text)
    ble_gatt_write                           0x0000630b   Thumb Code    40  main.o(.text)
    gpio_init                                0x00006363   Thumb Code  1178  main.o(.text)
    ble_init                                 0x000069a7   Thumb Code   146  main.o(.text)
    timer0_adv_callback                      0x00006a39   Thumb Code    96  main.o(.text)
    gpio_int_callback                        0x00006ae7   Thumb Code   190  main.o(.text)
    .text                                    0x00006c64   Section        0  key.o(.text)
    timer0_callback                          0x00006cbf   Thumb Code   200  key.o(.text)
    .text                                    0x00006d98   Section        0  led.o(.text)
    .text                                    0x00006dd0   Section        0  syd8801_delay.o(.text)
    .text                                    0x00006e0c   Section        0  syd8801_gpio.o(.text)
    .text                                    0x00007224   Section        0  syd8801_timer.o(.text)
    NVIC_EnableIRQ                           0x00007341   Thumb Code    14  syd8801_timer.o(.text)
    NVIC_DisableIRQ                          0x0000734f   Thumb Code    16  syd8801_timer.o(.text)
    .text                                    0x0000736c   Section        0  syd8801_uart.o(.text)
    .text                                    0x000073fc   Section       28  startup_armcm0.o(.text)
    .text                                    0x00007418   Section        0  system_armcm0.o(.text)
    .text                                    0x00007428   Section        0  main.o(.text)
    AttGetHdlPrimary                         0x0000751d   Thumb Code   192  main.o(.text)
    AttReadByTypeValRsp                      0x000075dd   Thumb Code   412  main.o(.text)
    AttReadByTypeReq                         0x00007779   Thumb Code   120  main.o(.text)
    AttReadRsp                               0x000077f1   Thumb Code   324  main.o(.text)
    AttReadBlobRsp                           0x00007935   Thumb Code   306  main.o(.text)
    AttWriteReq                              0x00007a67   Thumb Code   430  main.o(.text)
    AttWriteCmd                              0x00007c15   Thumb Code   336  main.o(.text)
    AttPrepareWriteReq                       0x00007d65   Thumb Code   284  main.o(.text)
    flash_send_byte                          0x00008f1f   Thumb Code    24  main.o(.text)
    flash_recv_byte                          0x00008f79   Thumb Code    24  main.o(.text)
    flash_write_status                       0x00008f91   Thumb Code   156  main.o(.text)
    lib_ble_gatt_read                        0x000099a3   Thumb Code   118  main.o(.text)
    .text                                    0x00009a18   Section        0  idiv.o(.text)
    .text                                    0x00009a40   Section        0  memcpya.o(.text)
    .text                                    0x00009a64   Section        0  memseta.o(.text)
    .text                                    0x00009a88   Section        0  uread4.o(.text)
    .text                                    0x00009a9c   Section        0  uwrite4.o(.text)
    .text                                    0x00009aae   Section        0  uidiv.o(.text)
    .text                                    0x00009adc   Section       36  init.o(.text)
    i.__ARM_common_switch8                   0x00009b00   Section        0  main.o(i.__ARM_common_switch8)
    i.__scatterload_copy                     0x00009b1a   Section       14  handlers.o(i.__scatterload_copy)
    i.__scatterload_null                     0x00009b28   Section        2  handlers.o(i.__scatterload_null)
    i.__scatterload_zeroinit                 0x00009b2a   Section       14  handlers.o(i.__scatterload_zeroinit)
    .data                                    0x20001000   Section       53  main.o(.data)
    g_report                                 0x20001000   Data           4  main.o(.data)
    start_tx                                 0x20001004   Data           1  main.o(.data)
    start_adv                                0x20001005   Data           1  main.o(.data)
    cnt_1s                                   0x20001008   Data           2  main.o(.data)
    adv_times                                0x20001024   Data           4  main.o(.data)
    adv_timer_cnt                            0x20001028   Data           2  main.o(.data)
    PW_CTRL                                  0x2000102c   Data           4  main.o(.data)
    j                                        0x20001034   Data           1  main.o(.data)
    .data                                    0x20001036   Section        8  key.o(.data)
    time_cnt                                 0x20001038   Data           2  key.o(.data)
    key_cnt                                  0x2000103a   Data           2  key.o(.data)
    key_pre                                  0x2000103c   Data           2  key.o(.data)
    .data                                    0x20001040   Section       20  syd8801_gpio.o(.data)
    gpio_callback                            0x20001050   Data           4  syd8801_gpio.o(.data)
    .data                                    0x20001054   Section        4  syd8801_timer.o(.data)
    .data                                    0x20001058   Section       16  syd8801_uart.o(.data)
    uartrx_callback                          0x20001060   Data           8  syd8801_uart.o(.data)
    .data                                    0x20001068   Section        4  system_armcm0.o(.data)
    .data                                    0x2000106c   Section       91  main.o(.data)
    fsm_sleep                                0x2000106c   Data           1  main.o(.data)
    addr                                     0x2000106d   Data           1  main.o(.data)
    addr_en                                  0x2000106e   Data           1  main.o(.data)
    save_device_to_flash                     0x2000106f   Data           1  main.o(.data)
    profile_data_to_flash                    0x20001070   Data           1  main.o(.data)
    del_bm_to_flash                          0x20001071   Data           1  main.o(.data)
    del_all_bm_to_flash                      0x20001072   Data           1  main.o(.data)
    connection_update                        0x20001073   Data           1  main.o(.data)
    isconnected                              0x20001074   Data           1  main.o(.data)
    lib_Read_Call                            0x20001075   Data           1  main.o(.data)
    lib_ReadRsp                              0x20001076   Data           1  main.o(.data)
    lib_ReadRspLen                           0x20001077   Data           1  main.o(.data)
    dump_pkt                                 0x20001078   Data           1  main.o(.data)
    key_req                                  0x20001079   Data           1  main.o(.data)
    auto_save_after_conn                     0x2000107a   Data           1  main.o(.data)
    profile_addr                             0x2000107b   Data           1  main.o(.data)
    profile_sz                               0x2000107c   Data           1  main.o(.data)
    bond_manager_index                       0x2000107d   Data           1  main.o(.data)
    BB_CTRL                                  0x20001080   Data           4  main.o(.data)
    MISC_CTRL                                0x20001084   Data           4  main.o(.data)
    PW_CTRL                                  0x20001088   Data           4  main.o(.data)
    TIMER_CTRL                               0x2000108c   Data           4  main.o(.data)
    pd_cfg                                   0x20001090   Data           4  main.o(.data)
    slp_cfg                                  0x20001094   Data           4  main.o(.data)
    lclink                                   0x20001098   Data           4  main.o(.data)
    flash_hdr                                0x2000109c   Data           4  main.o(.data)
    txpdu                                    0x200010a0   Data           4  main.o(.data)
    rxbuf                                    0x200010a4   Data           4  main.o(.data)
    g_lib_report                             0x200010ac   Data           4  main.o(.data)
    dly_map                                  0x200010b4   Data           5  main.o(.data)
    g_evt                                    0x200010b9   Data           6  main.o(.data)
    update_params                            0x200010bf   Data           8  main.o(.data)
    .bss                                     0x200010c8   Section       26  main.o(.bss)
    .bss                                     0x200010e4   Section       12  syd8801_timer.o(.bss)
    timer0_callback                          0x200010e4   Data          12  syd8801_timer.o(.bss)
    .bss                                     0x200010f0   Section     4321  main.o(.bss)
    evt                                      0x200010f0   Data          26  main.o(.bss)
    peer_bond                                0x2000110a   Data          49  main.o(.bss)
    flash                                    0x2000113b   Data        4096  main.o(.bss)
    profile                                  0x2000213b   Data         128  main.o(.bss)
    lib_ReadRspData                          0x200021bb   Data          22  main.o(.bss)
    STACK                                    0x200021d8   Section     1024  startup_armcm0.o(STACK)

    Global Symbols

    Symbol Name                              Value     Ov Type        Size  Object(Section)

    BuildAttributes$$THM_ISAv3M$S$PE$A:L22$X:L11$S22$IEEE1$IW$USESV6$~STKCKD$USESV7$~SHL$OSPACE$ROPI$EBA8$MICROLIB$REQ8$PRES8$EABIv2 0x00000000   Number         0  anon$$obj.o ABSOLUTE
    __ARM_use_no_argv                        0x00000000   Number         0  main.o ABSOLUTE
    __cpp_initialize__aeabi_                  - Undefined Weak Reference
    __cxa_finalize                            - Undefined Weak Reference
    __decompress                              - Undefined Weak Reference
    _clock_init                               - Undefined Weak Reference
    _microlib_exit                            - Undefined Weak Reference
    __Vectors_Size                           0x000000c0   Number         0  startup_armcm0.o ABSOLUTE
    __Vectors                                0x00006000   Data           4  startup_armcm0.o(RESET)
    __Vectors_End                            0x000060c0   Data           0  startup_armcm0.o(RESET)
    __main                                   0x000060c1   Thumb Code     0  entry.o(.ARM.Collect$$$$00000000)
    _main_stk                                0x000060c1   Thumb Code     0  entry2.o(.ARM.Collect$$$$00000001)
    _main_scatterload                        0x000060c5   Thumb Code     0  entry5.o(.ARM.Collect$$$$00000004)
    __main_after_scatterload                 0x000060c9   Thumb Code     0  entry5.o(.ARM.Collect$$$$00000004)
    _main_clock                              0x000060c9   Thumb Code     0  entry7b.o(.ARM.Collect$$$$00000008)
    _main_cpp_init                           0x000060c9   Thumb Code     0  entry8b.o(.ARM.Collect$$$$0000000A)
    _main_init                               0x000060c9   Thumb Code     0  entry9a.o(.ARM.Collect$$$$0000000B)
    __rt_final_cpp                           0x000060d1   Thumb Code     0  entry10a.o(.ARM.Collect$$$$0000000D)
    __rt_final_exit                          0x000060d1   Thumb Code     0  entry11a.o(.ARM.Collect$$$$0000000F)
    SystemSleepSYD                           0x000060d5   Thumb Code   194  main.o(.text)
    BLE_SendData                             0x00006333   Thumb Code    48  main.o(.text)
    ble_evt_callback                         0x000067fd   Thumb Code   426  main.o(.text)
    march_state_process                      0x00006a99   Thumb Code    78  main.o(.text)
    main                                     0x00006ba5   Thumb Code   138  main.o(.text)
    key_config                               0x00006c65   Thumb Code    20  key.o(.text)
    get_key                                  0x00006c79   Thumb Code    70  key.o(.text)
    led_config                               0x00006d99   Thumb Code    18  led.o(.text)
    led_open                                 0x00006dab   Thumb Code    12  led.o(.text)
    led_close                                0x00006db7   Thumb Code    12  led.o(.text)
    led_turn                                 0x00006dc3   Thumb Code    12  led.o(.text)
    delay_ms                                 0x00006dd1   Thumb Code    28  syd8801_delay.o(.text)
    delay_us                                 0x00006ded   Thumb Code    26  syd8801_delay.o(.text)
    GPIO_Set_Output                          0x00006e0d   Thumb Code   226  syd8801_gpio.o(.text)
    GPIO_Set_Input                           0x00006eef   Thumb Code   394  syd8801_gpio.o(.text)
    GPIO_Pin_Set                             0x00007079   Thumb Code    50  syd8801_gpio.o(.text)
    GPIO_Pin_Clear                           0x000070ab   Thumb Code    50  syd8801_gpio.o(.text)
    GPIO_Pin_Turn                            0x000070dd   Thumb Code    16  syd8801_gpio.o(.text)
    GPIO_Pin_Read                            0x000070ed   Thumb Code    44  syd8801_gpio.o(.text)
    io_irq_enable                            0x00007119   Thumb Code   110  syd8801_gpio.o(.text)
    GPIO_IRQHandler                          0x00007187   Thumb Code   158  syd8801_gpio.o(.text)
    timer_0_enable                           0x00007225   Thumb Code   108  syd8801_timer.o(.text)
    timer_0_disable                          0x00007291   Thumb Code    26  syd8801_timer.o(.text)
    TIMER0_IRQHandler                        0x000072ab   Thumb Code    50  syd8801_timer.o(.text)
    TIMER1_IRQHandler                        0x000072dd   Thumb Code    50  syd8801_timer.o(.text)
    TIMER2_IRQHandler                        0x0000730f   Thumb Code    50  syd8801_timer.o(.text)
    UART0_IRQHandler                         0x0000736d   Thumb Code    66  syd8801_uart.o(.text)
    UART1_IRQHandler                         0x000073af   Thumb Code    66  syd8801_uart.o(.text)
    Reset_Handler                            0x000073fd   Thumb Code     8  startup_armcm0.o(.text)
    NMI_Handler                              0x00007405   Thumb Code     2  startup_armcm0.o(.text)
    HardFault_Handler                        0x00007407   Thumb Code     2  startup_armcm0.o(.text)
    SVC_Handler                              0x00007409   Thumb Code     2  startup_armcm0.o(.text)
    PendSV_Handler                           0x0000740b   Thumb Code     2  startup_armcm0.o(.text)
    SysTick_Handler                          0x0000740d   Thumb Code     2  startup_armcm0.o(.text)
    I2C0_IRQHandler                          0x0000740f   Thumb Code     0  startup_armcm0.o(.text)
    I2C1_IRQHandler                          0x0000740f   Thumb Code     0  startup_armcm0.o(.text)
    LLC_IRQHandler                           0x0000740f   Thumb Code     0  startup_armcm0.o(.text)
    TIMER3_IRQHandler                        0x0000740f   Thumb Code     0  startup_armcm0.o(.text)
    SystemInit                               0x00007419   Thumb Code     8  system_armcm0.o(.text)
    DelayUS                                  0x00007429   Thumb Code    30  main.o(.text)
    _SetConnectionUpdate                     0x00007447   Thumb Code    90  main.o(.text)
    LCDisConnect                             0x000074a1   Thumb Code   124  main.o(.text)
    Protocol_Hook_Callback                   0x00007e81   Thumb Code   270  main.o(.text)
    AttTxPacket                              0x00007f8f   Thumb Code    36  main.o(.text)
    ATTCCallback                             0x00007fb3   Thumb Code    34  main.o(.text)
    LibL2capPacketHandle                     0x00007fd5   Thumb Code   132  main.o(.text)
    LibLLPacketHandle                        0x00008059   Thumb Code   322  main.o(.text)
    BBRXFIFORead                             0x0000819b   Thumb Code   120  main.o(.text)
    LibRxPkt_Handler                         0x00008213   Thumb Code   144  main.o(.text)
    libLCTxPkt_Handler                       0x000082a3   Thumb Code   224  main.o(.text)
    LL_Evt_Callback                          0x00008383   Thumb Code   210  main.o(.text)
    BleInit                                  0x00008455   Thumb Code   506  main.o(.text)
    DisConnect                               0x0000864f   Thumb Code    26  main.o(.text)
    StartAdv                                 0x00008669   Thumb Code   460  main.o(.text)
    SetDevAddr                               0x00008835   Thumb Code    58  main.o(.text)
    GetDevAddr                               0x0000886f   Thumb Code    18  main.o(.text)
    SetLEFeature                             0x00008881   Thumb Code    12  main.o(.text)
    SetAdvData                               0x0000888d   Thumb Code    12  main.o(.text)
    SetAdvParams                             0x00008899   Thumb Code    12  main.o(.text)
    SetSecParams                             0x000088a5   Thumb Code    12  main.o(.text)
    SetAdvAccCode                            0x000088b1   Thumb Code    12  main.o(.text)
    SetConnectionUpdate                      0x000088bd   Thumb Code    18  main.o(.text)
    GetLinkParameters                        0x000088cf   Thumb Code    12  main.o(.text)
    SetPasskey                               0x000088db   Thumb Code    12  main.o(.text)
    SetGATTReadRsp                           0x000088e7   Thumb Code    86  main.o(.text)
    LIB_Evt_Callback                         0x0000893d   Thumb Code   162  main.o(.text)
    SetEvtCallback                           0x000089df   Thumb Code    56  main.o(.text)
    SetLLEvtCallback                         0x00008a17   Thumb Code    12  main.o(.text)
    GetGATTReportHandle                      0x00008a23   Thumb Code    12  main.o(.text)
    queryBufEnough                           0x00008a2f   Thumb Code    58  main.o(.text)
    queryBufSpace                            0x00008a69   Thumb Code    50  main.o(.text)
    CheckFIFOFull                            0x00008a9b   Thumb Code    18  main.o(.text)
    GATTDataSend                             0x00008aad   Thumb Code    34  main.o(.text)
    LinkWakeup                               0x00008acf   Thumb Code    86  main.o(.text)
    ConnectionLatencyMode                    0x00008b25   Thumb Code    20  main.o(.text)
    LPOCaliWaitUS                            0x00008b39   Thumb Code   172  main.o(.text)
    LPOCalibration                           0x00008be5   Thumb Code    82  main.o(.text)
    RCOSCCalibration                         0x00008c37   Thumb Code     6  main.o(.text)
    MCUClockSwitch                           0x00008c3d   Thumb Code     6  main.o(.text)
    ClockSwitch                              0x00008c43   Thumb Code    58  main.o(.text)
    GetMCUClock                              0x00008c7d   Thumb Code    12  main.o(.text)
    GetClock                                 0x00008c89   Thumb Code    12  main.o(.text)
    WakeupConfig                             0x00008c95   Thumb Code    42  main.o(.text)
    LLSleep                                  0x00008cbf   Thumb Code    12  main.o(.text)
    SecurityReq                              0x00008ccb   Thumb Code    46  main.o(.text)
    Rand                                     0x00008cf9   Thumb Code    10  main.o(.text)
    checkSlpCfg                              0x00008d03   Thumb Code     2  main.o(.text)
    PCWaitForEvt                             0x00008d05   Thumb Code   498  main.o(.text)
    SystemSleep                              0x00008ef7   Thumb Code    40  main.o(.text)
    flash_enter_pd                           0x00008f37   Thumb Code    66  main.o(.text)
    flash_release_pd                         0x0000902d   Thumb Code    76  main.o(.text)
    flash_erase                              0x00009079   Thumb Code   214  main.o(.text)
    _DelBondDeviceByIndex                    0x0000914f   Thumb Code   138  main.o(.text)
    _DelAllBondDevice                        0x000091d9   Thumb Code   128  main.o(.text)
    _AddBondDeviceByIndex                    0x00009259   Thumb Code    86  main.o(.text)
    ble_sched_execute                        0x000092af   Thumb Code   192  main.o(.text)
    SystemPowerDown                          0x0000936f   Thumb Code   102  main.o(.text)
    SystemReset                              0x000093d5   Thumb Code   110  main.o(.text)
    RFSleep                                  0x00009443   Thumb Code    10  main.o(.text)
    RFWakeup                                 0x0000944d   Thumb Code    36  main.o(.text)
    SetBondManagerIndex                      0x00009471   Thumb Code    88  main.o(.text)
    GetBondDevice                            0x000094c9   Thumb Code    76  main.o(.text)
    AddBondDevice                            0x00009515   Thumb Code    22  main.o(.text)
    DelAllBondDevice                         0x0000952b   Thumb Code     8  main.o(.text)
    DelBondDevice                            0x00009533   Thumb Code     8  main.o(.text)
    ReadProfileData                          0x0000953b   Thumb Code     4  main.o(.text)
    WriteProfileData                         0x0000953f   Thumb Code   198  main.o(.text)
    ble_flash_erase                          0x00009605   Thumb Code     8  main.o(.text)
    ble_flash_read                           0x0000960d   Thumb Code     4  main.o(.text)
    ble_flash_write                          0x00009611   Thumb Code     4  main.o(.text)
    CodeErase                                0x00009615   Thumb Code    62  main.o(.text)
    CodeWrite                                0x00009653   Thumb Code     4  main.o(.text)
    CodeUpdate                               0x00009657   Thumb Code   386  main.o(.text)
    SetATTCCallback                          0x000097d9   Thumb Code     8  main.o(.text)
    ATTC_MTUReq                              0x000097e1   Thumb Code    22  main.o(.text)
    ATTC_FindInfoReq                         0x000097f7   Thumb Code    28  main.o(.text)
    ATTC_FindByTypeValueReq                  0x00009813   Thumb Code    54  main.o(.text)
    ATTC_ReadByTypeReq                       0x00009849   Thumb Code    48  main.o(.text)
    ATTC_ReadReq                             0x00009879   Thumb Code    22  main.o(.text)
    ATTC_ReadBlobReq                         0x0000988f   Thumb Code    28  main.o(.text)
    ATTC_ReadMultipleReq                     0x000098ab   Thumb Code    30  main.o(.text)
    ATTC_ReadByGroupTypeReq                  0x000098c9   Thumb Code    48  main.o(.text)
    ATTC_WriteReq                            0x000098f9   Thumb Code    44  main.o(.text)
    ATTC_WriteCmdReq                         0x00009925   Thumb Code    44  main.o(.text)
    ATTC_PrepareWriteReq                     0x00009951   Thumb Code    48  main.o(.text)
    ATTC_ExecuteWriteReq                     0x00009981   Thumb Code    18  main.o(.text)
    ATTC_Confirmation                        0x00009993   Thumb Code    16  main.o(.text)
    __aeabi_idiv                             0x00009a19   Thumb Code     0  idiv.o(.text)
    __aeabi_idivmod                          0x00009a19   Thumb Code    40  idiv.o(.text)
    __aeabi_memcpy                           0x00009a41   Thumb Code    36  memcpya.o(.text)
    __aeabi_memcpy4                          0x00009a41   Thumb Code     0  memcpya.o(.text)
    __aeabi_memcpy8                          0x00009a41   Thumb Code     0  memcpya.o(.text)
    __aeabi_memset                           0x00009a65   Thumb Code    14  memseta.o(.text)
    __aeabi_memset4                          0x00009a65   Thumb Code     0  memseta.o(.text)
    __aeabi_memset8                          0x00009a65   Thumb Code     0  memseta.o(.text)
    __aeabi_memclr                           0x00009a73   Thumb Code     4  memseta.o(.text)
    __aeabi_memclr4                          0x00009a73   Thumb Code     0  memseta.o(.text)
    __aeabi_memclr8                          0x00009a73   Thumb Code     0  memseta.o(.text)
    _memset$wrapper                          0x00009a77   Thumb Code    18  memseta.o(.text)
    __aeabi_uread4                           0x00009a89   Thumb Code    20  uread4.o(.text)
    __rt_uread4                              0x00009a89   Thumb Code     0  uread4.o(.text)
    _uread4                                  0x00009a89   Thumb Code     0  uread4.o(.text)
    __aeabi_uwrite4                          0x00009a9d   Thumb Code    18  uwrite4.o(.text)
    __rt_uwrite4                             0x00009a9d   Thumb Code     0  uwrite4.o(.text)
    _uwrite4                                 0x00009a9d   Thumb Code     0  uwrite4.o(.text)
    __aeabi_uidiv                            0x00009aaf   Thumb Code     0  uidiv.o(.text)
    __aeabi_uidivmod                         0x00009aaf   Thumb Code    44  uidiv.o(.text)
    __scatterload                            0x00009add   Thumb Code    28  init.o(.text)
    __scatterload_rt2                        0x00009add   Thumb Code     0  init.o(.text)
    __ARM_common_switch8                     0x00009b01   Thumb Code    26  main.o(i.__ARM_common_switch8)
    __scatterload_copy                       0x00009b1b   Thumb Code    14  handlers.o(i.__scatterload_copy)
    __scatterload_null                       0x00009b29   Thumb Code     2  handlers.o(i.__scatterload_null)
    __scatterload_zeroinit                   0x00009b2b   Thumb Code    14  handlers.o(i.__scatterload_zeroinit)
    Region$$Table$$Base                      0x00009b38   Number         0  anon$$obj.o(Region$$Table)
    Region$$Table$$Limit                     0x00009b58   Number         0  anon$$obj.o(Region$$Table)
    timer1s_inting                           0x20001006   Data           1  main.o(.data)
    ADV_DATA                                 0x2000100a   Data          19  main.o(.data)
    ADV_DATA_SZ                              0x2000101e   Data           2  main.o(.data)
    SCAN_DATA                                0x20001020   Data           1  main.o(.data)
    SCAN_DATA_SZ                             0x20001022   Data           2  main.o(.data)
    key_SendData                             0x20001030   Data           4  main.o(.data)
    key_sta                                  0x20001036   Data           1  key.o(.data)
    PIN_CONFIG                               0x20001040   Data           4  syd8801_gpio.o(.data)
    GPO_CTRL                                 0x20001044   Data           4  syd8801_gpio.o(.data)
    GPI_CTRL                                 0x20001048   Data           4  syd8801_gpio.o(.data)
    GPIO_IRQ_CTRL                            0x2000104c   Data           4  syd8801_gpio.o(.data)
    TIMER_CTRL                               0x20001054   Data           4  syd8801_timer.o(.data)
    UART_0_CTRL                              0x20001058   Data           4  syd8801_uart.o(.data)
    UART_1_CTRL                              0x2000105c   Data           4  syd8801_uart.o(.data)
    SystemCoreClock                          0x20001068   Data           4  system_armcm0.o(.data)
    FLASH_CTRL                               0x200010a8   Data           4  main.o(.data)
    p_attc_callback                          0x200010b0   Data           4  main.o(.data)
    march_state                              0x200010c8   Data          26  main.o(.bss)
    __initial_sp                             0x200025d8   Data           0  startup_armcm0.o(STACK)



==============================================================================

Memory Map of the image

  Image Entry point : 0x000060c1

  Load Region LR_IROM1 (Base: 0x00006000, Size: 0x00003c20, Max: 0x00008000, ABSOLUTE)

    Execution Region ER_IROM1 (Base: 0x00006000, Size: 0x00003b58, Max: 0x00008000, ABSOLUTE)

    Base Addr    Size         Type   Attr      Idx    E Section Name        Object

    0x00006000   0x000000c0   Data   RO          535    RESET               startup_armcm0.o
    0x000060c0   0x00000000   Code   RO          640  * .ARM.Collect$$$$00000000  mc_p.l(entry.o)
    0x000060c0   0x00000004   Code   RO          683    .ARM.Collect$$$$00000001  mc_p.l(entry2.o)
    0x000060c4   0x00000004   Code   RO          686    .ARM.Collect$$$$00000004  mc_p.l(entry5.o)
    0x000060c8   0x00000000   Code   RO          688    .ARM.Collect$$$$00000008  mc_p.l(entry7b.o)
    0x000060c8   0x00000000   Code   RO          690    .ARM.Collect$$$$0000000A  mc_p.l(entry8b.o)
    0x000060c8   0x00000008   Code   RO          691    .ARM.Collect$$$$0000000B  mc_p.l(entry9a.o)
    0x000060d0   0x00000000   Code   RO          693    .ARM.Collect$$$$0000000D  mc_p.l(entry10a.o)
    0x000060d0   0x00000000   Code   RO          695    .ARM.Collect$$$$0000000F  mc_p.l(entry11a.o)
    0x000060d0   0x00000004   Code   RO          684    .ARM.Collect$$$$00002712  mc_p.l(entry2.o)
    0x000060d4   0x00000b90   Code   RO            3    .text               main.o
    0x00006c64   0x00000134   Code   RO           87    .text               key.o
    0x00006d98   0x00000036   Code   RO          119    .text               led.o
    0x00006dce   0x00000002   PAD
    0x00006dd0   0x0000003c   Code   RO          218    .text               syd8801_delay.o
    0x00006e0c   0x00000418   Code   RO          238    .text               syd8801_gpio.o
    0x00007224   0x00000148   Code   RO          273    .text               syd8801_timer.o
    0x0000736c   0x00000090   Code   RO          333    .text               syd8801_uart.o
    0x000073fc   0x0000001c   Code   RO          536    .text               startup_armcm0.o
    0x00007418   0x00000010   Code   RO          543    .text               system_armcm0.o
    0x00007428   0x000025f0   Code   RO          574    .text               syd_8801_lib.lib(main.o)
    0x00009a18   0x00000028   Code   RO          643    .text               mc_p.l(idiv.o)
    0x00009a40   0x00000024   Code   RO          645    .text               mc_p.l(memcpya.o)
    0x00009a64   0x00000024   Code   RO          647    .text               mc_p.l(memseta.o)
    0x00009a88   0x00000014   Code   RO          679    .text               mc_p.l(uread4.o)
    0x00009a9c   0x00000012   Code   RO          681    .text               mc_p.l(uwrite4.o)
    0x00009aae   0x0000002c   Code   RO          700    .text               mc_p.l(uidiv.o)
    0x00009ada   0x00000002   PAD
    0x00009adc   0x00000024   Code   RO          715    .text               mc_p.l(init.o)
    0x00009b00   0x0000001a   Code   RO          594    i.__ARM_common_switch8  syd_8801_lib.lib(main.o)
    0x00009b1a   0x0000000e   Code   RO          730    i.__scatterload_copy  mc_p.l(handlers.o)
    0x00009b28   0x00000002   Code   RO          731    i.__scatterload_null  mc_p.l(handlers.o)
    0x00009b2a   0x0000000e   Code   RO          732    i.__scatterload_zeroinit  mc_p.l(handlers.o)
    0x00009b38   0x00000020   Data   RO          729    Region$$Table       anon$$obj.o


    Execution Region RW_IRAM1 (Base: 0x20001000, Size: 0x000015d8, Max: 0x00002000, ABSOLUTE)

    Base Addr    Size         Type   Attr      Idx    E Section Name        Object

    0x20001000   0x00000035   Data   RW            5    .data               main.o
    0x20001035   0x00000001   PAD
    0x20001036   0x00000008   Data   RW           89    .data               key.o
    0x2000103e   0x00000002   PAD
    0x20001040   0x00000014   Data   RW          240    .data               syd8801_gpio.o
    0x20001054   0x00000004   Data   RW          280    .data               syd8801_timer.o
    0x20001058   0x00000010   Data   RW          343    .data               syd8801_uart.o
    0x20001068   0x00000004   Data   RW          544    .data               system_armcm0.o
    0x2000106c   0x0000005b   Data   RW          576    .data               syd_8801_lib.lib(main.o)
    0x200010c7   0x00000001   PAD
    0x200010c8   0x0000001a   Zero   RW            4    .bss                main.o
    0x200010e2   0x00000002   PAD
    0x200010e4   0x0000000c   Zero   RW          279    .bss                syd8801_timer.o
    0x200010f0   0x000010e1   Zero   RW          575    .bss                syd_8801_lib.lib(main.o)
    0x200021d1   0x00000007   PAD
    0x200021d8   0x00000400   Zero   RW          533    STACK               startup_armcm0.o


==============================================================================

Image component sizes


      Code (inc. data)   RO Data    RW Data    ZI Data      Debug   Object Name

       308         18          0          8          0       1099   key.o
        54          0          0          0          0        917   led.o
      2960        206          0         53         26      27358   main.o
        28          8        192          0       1024        600   startup_armcm0.o
        60          6          0          0          0        640   syd8801_delay.o
      1048         26          0         20          0       8876   syd8801_gpio.o
       328         14          0          4         12       1932   syd8801_timer.o
       144         12          0         16          0       1202   syd8801_uart.o
        16          8          0          4          0        635   system_armcm0.o

    ----------------------------------------------------------------------
      4948        298        224        108       1064      43259   Object Totals
         0          0         32          0          0          0   (incl. Generated)
         2          0          0          3          2          0   (incl. Padding)

    ----------------------------------------------------------------------

      Code (inc. data)   RO Data    RW Data    ZI Data      Debug   Library Member Name

         0          0          0          0          0          0   entry.o
         0          0          0          0          0          0   entry10a.o
         0          0          0          0          0          0   entry11a.o
         8          4          0          0          0          0   entry2.o
         4          0          0          0          0          0   entry5.o
         0          0          0          0          0          0   entry7b.o
         0          0          0          0          0          0   entry8b.o
         8          4          0          0          0          0   entry9a.o
        30          0          0          0          0          0   handlers.o
        40          0          0          0          0         72   idiv.o
        36          8          0          0          0         68   init.o
        36          0          0          0          0         60   memcpya.o
        36          0          0          0          0        100   memseta.o
        44          0          0          0          0         72   uidiv.o
        20          0          0          0          0         60   uread4.o
        18          0          0          0          0         60   uwrite4.o
      9738        438          0         91       4321      98681   main.o

    ----------------------------------------------------------------------
     10020        454          0         92       4328      99173   Library Totals
         2          0          0          1          7          0   (incl. Padding)

    ----------------------------------------------------------------------

      Code (inc. data)   RO Data    RW Data    ZI Data      Debug   Library Name

       280         16          0          0          0        492   mc_p.l
      9738        438          0         91       4321      98681   syd_8801_lib.lib

    ----------------------------------------------------------------------
     10020        454          0         92       4328      99173   Library Totals

    ----------------------------------------------------------------------

==============================================================================


      Code (inc. data)   RO Data    RW Data    ZI Data      Debug   

     14968        752        224        200       5392     141968   Grand Totals
     14968        752        224        200       5392     141968   ELF Image Totals
     14968        752        224        200          0          0   ROM Totals

==============================================================================

    Total RO  Size (Code + RO Data)                15192 (  14.84kB)
    Total RW  Size (RW Data + ZI Data)              5592 (   5.46kB)
    Total ROM Size (Code + RO Data + RW Data)      15392 (  15.03kB)

==============================================================================

