Component: ARM Compiler 5.06 (build 20) Tool: armlink [4d35a3]

==============================================================================

Section Cross References

    main.o(.text) refers to led.o(.text) for led_close
    main.o(.text) refers to main.o(.text) for SetAdvParams
    main.o(.text) refers to ota.o(.text) for ota_rsp
    main.o(.text) refers to memcpya.o(.text) for __aeabi_memcpy
    main.o(.text) refers to main.o(.data) for PW_CTRL
    main.o(.text) refers to main.o(.bss) for march_state
    main.o(.text) refers to syd8801_gpio.o(.data) for PIN_CONFIG
    main.o(.text) refers to key.o(.text) for key_config
    main.o(.text) refers to syd8801_timer.o(.text) for timer_0_enable
    main.o(.text) refers to uwrite4.o(.text) for __aeabi_uwrite4
    main.o(.text) refers to main.o(i.__ARM_common_switch8) for __ARM_common_switch8
    main.o(.text) refers to syd8801_debug.o(.text) for dbg_printf
    main.o(.text) refers to syd8801_gpio.o(.text) for io_irq_enable
    main.o(.text) refers to syd8801_adc.o(.text) for adc_init
    main.o(.text) refers to ffltui.o(.text) for __aeabi_ui2f
    main.o(.text) refers to f2d.o(.text) for __aeabi_f2d
    main.o(.text) refers to dmul.o(.text) for __aeabi_dmul
    main.o(.text) refers to ddiv.o(.text) for __aeabi_ddiv
    main.o(.text) refers to d2f.o(.text) for __aeabi_d2f
    key.o(.text) refers to syd8801_gpio.o(.text) for GPIO_Set_Input
    key.o(.text) refers to key.o(.data) for time_cnt
    key.o(.text) refers to syd8801_gpio.o(.text) for GPIO_Set_Input
    key.o(.text) refers to syd8801_timer.o(.text) for timer_0_enable
    key.o(.text) refers to key.o(.text) for timer0_callback
    led.o(.text) refers to syd8801_gpio.o(.text) for GPIO_Set_Output
    led.o(.text) refers to syd8801_gpio.o(.text) for GPIO_Pin_Set
    led.o(.text) refers to syd8801_gpio.o(.text) for GPIO_Pin_Clear
    ota.o(.text) refers to memcpya.o(.text) for __aeabi_memcpy
    ota.o(.text) refers to main.o(.text) for CodeErase
    ota.o(.text) refers to ota.o(.data) for pevt
    syd8801_debug.o(.text) refers to syd8801_uart.o(.text) for uart_0_init
    syd8801_debug.o(.text) refers to printfa.o(i.__0vsprintf) for __c89vsprintf
    syd8801_debug.o(.text) refers to syd8801_debug.o(.bss) for s_formatBuffer
    syd8801_gpio.o(.text) refers to syd8801_gpio.o(.data) for PIN_CONFIG
    syd8801_gpio.o(.text) refers to syd8801_gpio.o(.data) for PIN_CONFIG
    syd8801_gpio.o(.text) refers to syd8801_gpio.o(.data) for GPIO_IRQ_CTRL
    syd8801_timer.o(.text) refers to syd8801_delay.o(.text) for delay_us
    syd8801_timer.o(.text) refers to syd8801_timer.o(.data) for TIMER_CTRL
    syd8801_timer.o(.text) refers to syd8801_timer.o(.bss) for timer0_callback
    syd8801_timer.o(.text) refers to syd8801_timer.o(.data) for TIMER_CTRL
    syd8801_timer.o(.text) refers to syd8801_delay.o(.text) for delay_us
    syd8801_timer.o(.text) refers to syd8801_timer.o(.text) for NVIC_EnableIRQ
    syd8801_timer.o(.text) refers to syd8801_timer.o(.data) for TIMER_CTRL
    syd8801_timer.o(.text) refers to syd8801_timer.o(.bss) for timer0_callback
    syd8801_timer.o(.text) refers to syd8801_timer.o(.text) for NVIC_DisableIRQ
    syd8801_timer.o(.text) refers to syd8801_timer.o(.data) for TIMER_CTRL
    syd8801_timer.o(.text) refers to syd8801_delay.o(.text) for delay_us
    syd8801_timer.o(.text) refers to syd8801_timer.o(.text) for NVIC_EnableIRQ
    syd8801_timer.o(.text) refers to syd8801_timer.o(.data) for TIMER_CTRL
    syd8801_timer.o(.text) refers to syd8801_timer.o(.bss) for timer0_callback
    syd8801_timer.o(.text) refers to syd8801_timer.o(.text) for NVIC_DisableIRQ
    syd8801_timer.o(.text) refers to syd8801_timer.o(.data) for TIMER_CTRL
    syd8801_uart.o(.text) refers to syd8801_gpio.o(.data) for PIN_CONFIG
    syd8801_uart.o(.text) refers to syd8801_uart.o(.data) for UART_0_CTRL
    syd8801_uart.o(.text) refers to syd8801_uart.o(.data) for UART_0_CTRL
    syd8801_uart.o(.text) refers to syd8801_uart.o(.text) for NVIC_DisableIRQ
    syd8801_uart.o(.text) refers to syd8801_uart.o(.text) for NVIC_EnableIRQ
    syd8801_uart.o(.text) refers to syd8801_gpio.o(.data) for PIN_CONFIG
    syd8801_uart.o(.text) refers to syd8801_uart.o(.data) for UART_1_CTRL
    syd8801_uart.o(.text) refers to syd8801_uart.o(.data) for UART_1_CTRL
    syd8801_uart.o(.text) refers to syd8801_uart.o(.data) for UART_1_CTRL
    syd8801_uart.o(.text) refers to syd8801_uart.o(.text) for NVIC_DisableIRQ
    syd8801_uart.o(.text) refers to syd8801_uart.o(.text) for uart_0_write
    syd8801_uart.o(.text) refers to syd8801_uart.o(.text) for uart_1_write
    syd8801_ioi2c.o(.text) refers to syd8801_gpio.o(.text) for GPIO_Set_Output
    syd8801_ioi2c.o(.text) refers to syd8801_gpio.o(.text) for GPIO_Pin_Set
    syd8801_ioi2c.o(.text) refers to syd8801_gpio.o(.text) for GPIO_Pin_Set
    syd8801_ioi2c.o(.text) refers to syd8801_gpio.o(.text) for GPIO_Pin_Clear
    syd8801_ioi2c.o(.text) refers to syd8801_gpio.o(.text) for GPIO_Pin_Clear
    syd8801_ioi2c.o(.text) refers to syd8801_gpio.o(.text) for GPIO_Pin_Clear
    syd8801_ioi2c.o(.text) refers to syd8801_gpio.o(.text) for GPIO_Set_Input
    syd8801_ioi2c.o(.text) refers to syd8801_gpio.o(.text) for GPIO_Set_Output
    syd8801_ioi2c.o(.text) refers to syd8801_ioi2c.o(.text) for start
    syd8801_ioi2c.o(.text) refers to syd8801_ioi2c.o(.text) for iic_sendid
    syd8801_ioi2c.o(.text) refers to syd8801_ioi2c.o(.text) for iic_senddata
    syd8801_ioi2c.o(.text) refers to syd8801_ioi2c.o(.text) for stop
    syd8801_ioi2c.o(.text) refers to syd8801_ioi2c.o(.text) for start
    syd8801_ioi2c.o(.text) refers to syd8801_ioi2c.o(.text) for iic_sendid
    syd8801_ioi2c.o(.text) refers to syd8801_ioi2c.o(.text) for iic_senddata
    syd8801_ioi2c.o(.text) refers to syd8801_ioi2c.o(.text) for iic_receivedata
    syd8801_ioi2c.o(.text) refers to syd8801_ioi2c.o(.text) for stop
    syd8801_adc.o(.text) refers to syd8801_adc.o(.data) for BI_CTRL
    syd8801_adc.o(.text) refers to syd8801_gpio.o(.data) for PIN_CONFIG
    syd8801_adc.o(.text) refers to syd8801_adc.o(.data) for BI_CTRL
    startup_armcm0.o(RESET) refers to startup_armcm0.o(STACK) for __initial_sp
    startup_armcm0.o(RESET) refers to startup_armcm0.o(.text) for Reset_Handler
    startup_armcm0.o(RESET) refers to syd8801_uart.o(.text) for UART0_IRQHandler
    startup_armcm0.o(RESET) refers to syd8801_timer.o(.text) for TIMER0_IRQHandler
    startup_armcm0.o(RESET) refers to syd8801_gpio.o(.text) for GPIO_IRQHandler
    startup_armcm0.o(.text) refers to system_armcm0.o(.text) for SystemInit
    startup_armcm0.o(.text) refers to entry.o(.ARM.Collect$$$$00000000) for __main
    system_armcm0.o(.text) refers to system_armcm0.o(.data) for SystemCoreClock
    system_armcm0.o(.text) refers to system_armcm0.o(.data) for SystemCoreClock
    main.o(.text) refers to memcpya.o(.text) for __aeabi_memcpy
    main.o(.text) refers to main.o(.data) for .data
    main.o(.text) refers to main.o(.bss) for .bss
    main.o(.text) refers to main.o(i.__ARM_common_switch8) for __ARM_common_switch8
    main.o(.text) refers to uread4.o(.text) for __aeabi_uread4
    main.o(.text) refers to uwrite4.o(.text) for __aeabi_uwrite4
    main.o(.text) refers to idiv.o(.text) for __aeabi_idivmod
    main.o(.text) refers to memseta.o(.text) for __aeabi_memset
    entry.o(.ARM.Collect$$$$00000000) refers (Special) to entry10a.o(.ARM.Collect$$$$0000000D) for __rt_final_cpp
    entry.o(.ARM.Collect$$$$00000000) refers (Special) to entry11a.o(.ARM.Collect$$$$0000000F) for __rt_final_exit
    entry.o(.ARM.Collect$$$$00000000) refers (Special) to entry7b.o(.ARM.Collect$$$$00000008) for _main_clock
    entry.o(.ARM.Collect$$$$00000000) refers (Special) to entry8b.o(.ARM.Collect$$$$0000000A) for _main_cpp_init
    entry.o(.ARM.Collect$$$$00000000) refers (Special) to entry9a.o(.ARM.Collect$$$$0000000B) for _main_init
    entry.o(.ARM.Collect$$$$00000000) refers (Special) to entry5.o(.ARM.Collect$$$$00000004) for _main_scatterload
    entry.o(.ARM.Collect$$$$00000000) refers (Special) to entry2.o(.ARM.Collect$$$$00000001) for _main_stk
    idiv.o(.text) refers to uidiv.o(.text) for __aeabi_uidivmod
    printfa.o(i.__0fprintf) refers (Special) to iusefp.o(.text) for __I$use$fp
    printfa.o(i.__0fprintf) refers to printfa.o(i._printf_core) for _printf_core
    printfa.o(i.__0fprintf) refers to fputc.o(i.fputc) for fputc
    printfa.o(i.__0printf) refers (Special) to iusefp.o(.text) for __I$use$fp
    printfa.o(i.__0printf) refers to printfa.o(i._printf_core) for _printf_core
    printfa.o(i.__0printf) refers to fputc.o(i.fputc) for fputc
    printfa.o(i.__0printf) refers to stdout.o(.data) for __stdout
    printfa.o(i.__0snprintf) refers (Special) to iusefp.o(.text) for __I$use$fp
    printfa.o(i.__0snprintf) refers to printfa.o(i._printf_core) for _printf_core
    printfa.o(i.__0snprintf) refers to printfa.o(i._snputc) for _snputc
    printfa.o(i.__0sprintf) refers (Special) to iusefp.o(.text) for __I$use$fp
    printfa.o(i.__0sprintf) refers to printfa.o(i._printf_core) for _printf_core
    printfa.o(i.__0sprintf) refers to printfa.o(i._sputc) for _sputc
    printfa.o(i.__0vfprintf) refers (Special) to iusefp.o(.text) for __I$use$fp
    printfa.o(i.__0vfprintf) refers to printfa.o(i._printf_core) for _printf_core
    printfa.o(i.__0vfprintf) refers to fputc.o(i.fputc) for fputc
    printfa.o(i.__0vprintf) refers (Special) to iusefp.o(.text) for __I$use$fp
    printfa.o(i.__0vprintf) refers to printfa.o(i._printf_core) for _printf_core
    printfa.o(i.__0vprintf) refers to fputc.o(i.fputc) for fputc
    printfa.o(i.__0vprintf) refers to stdout.o(.data) for __stdout
    printfa.o(i.__0vsnprintf) refers (Special) to iusefp.o(.text) for __I$use$fp
    printfa.o(i.__0vsnprintf) refers to printfa.o(i._printf_core) for _printf_core
    printfa.o(i.__0vsnprintf) refers to printfa.o(i._snputc) for _snputc
    printfa.o(i.__0vsprintf) refers (Special) to iusefp.o(.text) for __I$use$fp
    printfa.o(i.__0vsprintf) refers to printfa.o(i._printf_core) for _printf_core
    printfa.o(i.__0vsprintf) refers to printfa.o(i._sputc) for _sputc
    printfa.o(i._fp_digits) refers (Special) to iusefp.o(.text) for __I$use$fp
    printfa.o(i._fp_digits) refers to dmul.o(.text) for __aeabi_dmul
    printfa.o(i._fp_digits) refers to ddiv.o(.text) for __aeabi_ddiv
    printfa.o(i._fp_digits) refers to cdrcmple.o(.text) for __aeabi_cdrcmple
    printfa.o(i._fp_digits) refers to dadd.o(.text) for __aeabi_dadd
    printfa.o(i._fp_digits) refers to dfixul.o(.text) for __aeabi_d2ulz
    printfa.o(i._fp_digits) refers to uldiv.o(.text) for __aeabi_uldivmod
    printfa.o(i._printf_core) refers (Special) to iusefp.o(.text) for __I$use$fp
    printfa.o(i._printf_core) refers to printfa.o(i._printf_pre_padding) for _printf_pre_padding
    printfa.o(i._printf_core) refers to uldiv.o(.text) for __aeabi_uldivmod
    printfa.o(i._printf_core) refers to printfa.o(i._printf_post_padding) for _printf_post_padding
    printfa.o(i._printf_core) refers to printfa.o(i._fp_digits) for _fp_digits
    printfa.o(i._printf_core) refers to uidiv.o(.text) for __aeabi_uidivmod
    printfa.o(i._printf_post_padding) refers (Special) to iusefp.o(.text) for __I$use$fp
    printfa.o(i._printf_pre_padding) refers (Special) to iusefp.o(.text) for __I$use$fp
    printfa.o(i._snputc) refers (Special) to iusefp.o(.text) for __I$use$fp
    printfa.o(i._sputc) refers (Special) to iusefp.o(.text) for __I$use$fp
    dmul.o(.text) refers (Special) to iusefp.o(.text) for __I$use$fp
    dmul.o(.text) refers to depilogue.o(.text) for _double_epilogue
    ddiv.o(.text) refers (Special) to iusefp.o(.text) for __I$use$fp
    ddiv.o(.text) refers to depilogue.o(.text) for _double_round
    ffltui.o(.text) refers (Special) to iusefp.o(.text) for __I$use$fp
    ffltui.o(.text) refers to fepilogue.o(.text) for _float_epilogue
    f2d.o(.text) refers (Special) to iusefp.o(.text) for __I$use$fp
    d2f.o(.text) refers (Special) to iusefp.o(.text) for __I$use$fp
    d2f.o(.text) refers to fepilogue.o(.text) for _float_round
    entry2.o(.ARM.Collect$$$$00000001) refers to entry2.o(.ARM.Collect$$$$00002712) for __lit__00000000
    entry2.o(.ARM.Collect$$$$00002712) refers to startup_armcm0.o(STACK) for __initial_sp
    entry2.o(__vectab_stack_and_reset_area) refers to startup_armcm0.o(STACK) for __initial_sp
    entry2.o(__vectab_stack_and_reset_area) refers to entry.o(.ARM.Collect$$$$00000000) for __main
    entry5.o(.ARM.Collect$$$$00000004) refers to init.o(.text) for __scatterload
    entry9a.o(.ARM.Collect$$$$0000000B) refers to main.o(.text) for main
    entry9b.o(.ARM.Collect$$$$0000000C) refers to main.o(.text) for main
    fputc.o(i.fputc) refers (Special) to iusesemip.o(.text) for __I$use$semihosting$fputc
    fputc.o(i.fputc) refers (Special) to semi.o(.text) for __semihosting_library_function
    uldiv.o(.text) refers to llushr.o(.text) for __aeabi_llsr
    uldiv.o(.text) refers to llshl.o(.text) for __aeabi_llsl
    depilogue.o(.text) refers to depilogue.o(i.__ARM_clz) for __ARM_clz
    depilogue.o(.text) refers to llshl.o(.text) for __aeabi_llsl
    depilogue.o(.text) refers to llushr.o(.text) for __aeabi_llsr
    dadd.o(.text) refers to llshl.o(.text) for __aeabi_llsl
    dadd.o(.text) refers to llsshr.o(.text) for __aeabi_lasr
    dadd.o(.text) refers to depilogue.o(.text) for _double_epilogue
    dfixul.o(.text) refers to llushr.o(.text) for __aeabi_llsr
    dfixul.o(.text) refers to llshl.o(.text) for __aeabi_llsl
    init.o(.text) refers to entry5.o(.ARM.Collect$$$$00000004) for __main_after_scatterload


==============================================================================

Removing Unused input sections from the image.

    Removing main.o(.rev16_text), (4 bytes).
    Removing main.o(.revsh_text), (4 bytes).
    Removing key.o(.rev16_text), (4 bytes).
    Removing key.o(.revsh_text), (4 bytes).
    Removing key.o(.text), (36 bytes).
    Removing led.o(.rev16_text), (4 bytes).
    Removing led.o(.revsh_text), (4 bytes).
    Removing led.o(.text), (18 bytes).
    Removing ota.o(.rev16_text), (4 bytes).
    Removing ota.o(.revsh_text), (4 bytes).
    Removing syd8801_debug.o(.rev16_text), (4 bytes).
    Removing syd8801_debug.o(.revsh_text), (4 bytes).
    Removing syd8801_delay.o(.rev16_text), (4 bytes).
    Removing syd8801_delay.o(.revsh_text), (4 bytes).
    Removing syd8801_delay.o(.text), (32 bytes).
    Removing syd8801_gpio.o(.rev16_text), (4 bytes).
    Removing syd8801_gpio.o(.revsh_text), (4 bytes).
    Removing syd8801_gpio.o(.text), (232 bytes).
    Removing syd8801_gpio.o(.text), (44 bytes).
    Removing syd8801_timer.o(.rev16_text), (4 bytes).
    Removing syd8801_timer.o(.revsh_text), (4 bytes).
    Removing syd8801_timer.o(.text), (128 bytes).
    Removing syd8801_timer.o(.text), (116 bytes).
    Removing syd8801_timer.o(.text), (32 bytes).
    Removing syd8801_timer.o(.text), (116 bytes).
    Removing syd8801_timer.o(.text), (32 bytes).
    Removing syd8801_uart.o(.rev16_text), (4 bytes).
    Removing syd8801_uart.o(.revsh_text), (4 bytes).
    Removing syd8801_uart.o(.text), (12 bytes).
    Removing syd8801_uart.o(.text), (10 bytes).
    Removing syd8801_uart.o(.text), (108 bytes).
    Removing syd8801_uart.o(.text), (44 bytes).
    Removing syd8801_uart.o(.text), (12 bytes).
    Removing syd8801_uart.o(.text), (10 bytes).
    Removing syd8801_uart.o(.text), (28 bytes).
    Removing syd8801_uart.o(.text), (28 bytes).
    Removing syd8801_uart.o(.text), (20 bytes).
    Removing syd8801_ioi2c.o(.rev16_text), (4 bytes).
    Removing syd8801_ioi2c.o(.revsh_text), (4 bytes).
    Removing syd8801_ioi2c.o(.text), (28 bytes).
    Removing syd8801_ioi2c.o(.text), (36 bytes).
    Removing syd8801_ioi2c.o(.text), (36 bytes).
    Removing syd8801_ioi2c.o(.text), (138 bytes).
    Removing syd8801_ioi2c.o(.text), (96 bytes).
    Removing syd8801_ioi2c.o(.text), (110 bytes).
    Removing syd8801_ioi2c.o(.text), (72 bytes).
    Removing syd8801_ioi2c.o(.text), (84 bytes).
    Removing syd8801_adc.o(.rev16_text), (4 bytes).
    Removing syd8801_adc.o(.revsh_text), (4 bytes).
    Removing syd8801_adc.o(.text), (40 bytes).
    Removing startup_armcm0.o(HEAP), (3072 bytes).
    Removing system_armcm0.o(.rev16_text), (4 bytes).
    Removing system_armcm0.o(.revsh_text), (4 bytes).
    Removing system_armcm0.o(.text), (16 bytes).
    Removing main.o(.rev16_text), (4 bytes).
    Removing main.o(.revsh_text), (4 bytes).

56 unused section(s) (total 4890 bytes) removed from the image.

==============================================================================

Image Symbol Table

    Local Symbols

    Symbol Name                              Value     Ov Type        Size  Object(Section)

    ../clib/microlib/division.c              0x00000000   Number         0  idiv.o ABSOLUTE
    ../clib/microlib/division.c              0x00000000   Number         0  uidiv.o ABSOLUTE
    ../clib/microlib/division.c              0x00000000   Number         0  uldiv.o ABSOLUTE
    ../clib/microlib/init/entry.s            0x00000000   Number         0  entry9a.o ABSOLUTE
    ../clib/microlib/init/entry.s            0x00000000   Number         0  entry10a.o ABSOLUTE
    ../clib/microlib/init/entry.s            0x00000000   Number         0  entry.o ABSOLUTE
    ../clib/microlib/init/entry.s            0x00000000   Number         0  entry2.o ABSOLUTE
    ../clib/microlib/init/entry.s            0x00000000   Number         0  entry5.o ABSOLUTE
    ../clib/microlib/init/entry.s            0x00000000   Number         0  entry7a.o ABSOLUTE
    ../clib/microlib/init/entry.s            0x00000000   Number         0  entry9b.o ABSOLUTE
    ../clib/microlib/init/entry.s            0x00000000   Number         0  entry7b.o ABSOLUTE
    ../clib/microlib/init/entry.s            0x00000000   Number         0  entry8a.o ABSOLUTE
    ../clib/microlib/init/entry.s            0x00000000   Number         0  entry8b.o ABSOLUTE
    ../clib/microlib/init/entry.s            0x00000000   Number         0  entry11b.o ABSOLUTE
    ../clib/microlib/init/entry.s            0x00000000   Number         0  entry11a.o ABSOLUTE
    ../clib/microlib/init/entry.s            0x00000000   Number         0  entry10b.o ABSOLUTE
    ../clib/microlib/longlong.c              0x00000000   Number         0  llsshr.o ABSOLUTE
    ../clib/microlib/longlong.c              0x00000000   Number         0  llushr.o ABSOLUTE
    ../clib/microlib/longlong.c              0x00000000   Number         0  llshl.o ABSOLUTE
    ../clib/microlib/printf/printf.c         0x00000000   Number         0  printfa.o ABSOLUTE
    ../clib/microlib/stdio/fputc.c           0x00000000   Number         0  fputc.o ABSOLUTE
    ../clib/microlib/stdio/semi.s            0x00000000   Number         0  semi.o ABSOLUTE
    ../clib/microlib/stdio/streams.c         0x00000000   Number         0  stdout.o ABSOLUTE
    ../clib/microlib/string/memcpy.c         0x00000000   Number         0  memcpya.o ABSOLUTE
    ../clib/microlib/string/memcpy.c         0x00000000   Number         0  memcpyb.o ABSOLUTE
    ../clib/microlib/string/memset.c         0x00000000   Number         0  memseta.o ABSOLUTE
    ../clib/microlib/stubs.s                 0x00000000   Number         0  iusefp.o ABSOLUTE
    ../clib/microlib/stubs.s                 0x00000000   Number         0  iusesemip.o ABSOLUTE
    ../clib/microlib/unhosted.c              0x00000000   Number         0  uread4.o ABSOLUTE
    ../clib/microlib/unhosted.c              0x00000000   Number         0  uwrite4.o ABSOLUTE
    ../fplib/microlib/d2f.c                  0x00000000   Number         0  d2f.o ABSOLUTE
    ../fplib/microlib/f2d.c                  0x00000000   Number         0  f2d.o ABSOLUTE
    ../fplib/microlib/fpadd.c                0x00000000   Number         0  dadd.o ABSOLUTE
    ../fplib/microlib/fpdiv.c                0x00000000   Number         0  ddiv.o ABSOLUTE
    ../fplib/microlib/fpepilogue.c           0x00000000   Number         0  depilogue.o ABSOLUTE
    ../fplib/microlib/fpepilogue.c           0x00000000   Number         0  fepilogue.o ABSOLUTE
    ../fplib/microlib/fpfix.c                0x00000000   Number         0  dfixul.o ABSOLUTE
    ../fplib/microlib/fpflt.c                0x00000000   Number         0  ffltui.o ABSOLUTE
    ../fplib/microlib/fpmul.c                0x00000000   Number         0  dmul.o ABSOLUTE
    Driver\\ota.c                            0x00000000   Number         0  ota.o ABSOLUTE
    Driver\\syd8801_adc.c                    0x00000000   Number         0  syd8801_adc.o ABSOLUTE
    Driver\\syd8801_debug.c                  0x00000000   Number         0  syd8801_debug.o ABSOLUTE
    Driver\\syd8801_delay.c                  0x00000000   Number         0  syd8801_delay.o ABSOLUTE
    Driver\\syd8801_gpio.c                   0x00000000   Number         0  syd8801_gpio.o ABSOLUTE
    Driver\\syd8801_ioi2c.c                  0x00000000   Number         0  syd8801_ioi2c.o ABSOLUTE
    Driver\\syd8801_timer.c                  0x00000000   Number         0  syd8801_timer.o ABSOLUTE
    Driver\\syd8801_uart.c                   0x00000000   Number         0  syd8801_uart.o ABSOLUTE
    Driver\ota.c                             0x00000000   Number         0  ota.o ABSOLUTE
    Driver\syd8801_adc.c                     0x00000000   Number         0  syd8801_adc.o ABSOLUTE
    Driver\syd8801_debug.c                   0x00000000   Number         0  syd8801_debug.o ABSOLUTE
    Driver\syd8801_delay.c                   0x00000000   Number         0  syd8801_delay.o ABSOLUTE
    Driver\syd8801_gpio.c                    0x00000000   Number         0  syd8801_gpio.o ABSOLUTE
    Driver\syd8801_ioi2c.c                   0x00000000   Number         0  syd8801_ioi2c.o ABSOLUTE
    Driver\syd8801_timer.c                   0x00000000   Number         0  syd8801_timer.o ABSOLUTE
    Driver\syd8801_uart.c                    0x00000000   Number         0  syd8801_uart.o ABSOLUTE
    Main\\key.c                              0x00000000   Number         0  key.o ABSOLUTE
    Main\\led.c                              0x00000000   Number         0  led.o ABSOLUTE
    Main\\main.c                             0x00000000   Number         0  main.o ABSOLUTE
    Main\\main.c                             0x00000000   Number         0  main.o ABSOLUTE
    Main\key.c                               0x00000000   Number         0  key.o ABSOLUTE
    Main\led.c                               0x00000000   Number         0  led.o ABSOLUTE
    Main\main.c                              0x00000000   Number         0  main.o ABSOLUTE
    Main\main.c                              0x00000000   Number         0  main.o ABSOLUTE
    RTE\Device\ARMCM0\startup_ARMCM0.s       0x00000000   Number         0  startup_armcm0.o ABSOLUTE
    RTE\Device\ARMCM0\system_ARMCM0.c        0x00000000   Number         0  system_armcm0.o ABSOLUTE
    RTE\\Device\\ARMCM0\\system_ARMCM0.c     0x00000000   Number         0  system_armcm0.o ABSOLUTE
    cdrcmple.s                               0x00000000   Number         0  cdrcmple.o ABSOLUTE
    dc.s                                     0x00000000   Number         0  dc.o ABSOLUTE
    handlers.s                               0x00000000   Number         0  handlers.o ABSOLUTE
    init.s                                   0x00000000   Number         0  init.o ABSOLUTE
    RESET                                    0x00006000   Section      192  startup_armcm0.o(RESET)
    .ARM.Collect$$$$00000000                 0x000060c0   Section        0  entry.o(.ARM.Collect$$$$00000000)
    .ARM.Collect$$$$00000001                 0x000060c0   Section        4  entry2.o(.ARM.Collect$$$$00000001)
    .ARM.Collect$$$$00000004                 0x000060c4   Section        4  entry5.o(.ARM.Collect$$$$00000004)
    .ARM.Collect$$$$00000008                 0x000060c8   Section        0  entry7b.o(.ARM.Collect$$$$00000008)
    .ARM.Collect$$$$0000000A                 0x000060c8   Section        0  entry8b.o(.ARM.Collect$$$$0000000A)
    .ARM.Collect$$$$0000000B                 0x000060c8   Section        8  entry9a.o(.ARM.Collect$$$$0000000B)
    .ARM.Collect$$$$0000000D                 0x000060d0   Section        0  entry10a.o(.ARM.Collect$$$$0000000D)
    .ARM.Collect$$$$0000000F                 0x000060d0   Section        0  entry11a.o(.ARM.Collect$$$$0000000F)
    .ARM.Collect$$$$00002712                 0x000060d0   Section        4  entry2.o(.ARM.Collect$$$$00002712)
    __lit__00000000                          0x000060d0   Data           4  entry2.o(.ARM.Collect$$$$00002712)
    .text                                    0x000060d4   Section        0  main.o(.text)
    setup_adv_data                           0x00006197   Thumb Code    48  main.o(.text)
    ble_gatt_read                            0x000061c7   Thumb Code   362  main.o(.text)
    ble_gatt_write                           0x00006331   Thumb Code    68  main.o(.text)
    gpio_init                                0x000063a5   Thumb Code  1174  main.o(.text)
    ble_init                                 0x000069f3   Thumb Code   184  main.o(.text)
    timer0_adv_callback                      0x00006aab   Thumb Code    96  main.o(.text)
    gpio_int_callback                        0x00006ba5   Thumb Code   124  main.o(.text)
    .text                                    0x00006e7c   Section        0  key.o(.text)
    timer0_callback                          0x00006ed7   Thumb Code   200  key.o(.text)
    .text                                    0x00006fb0   Section        0  led.o(.text)
    .text                                    0x00006fd4   Section        0  ota.o(.text)
    EvtCommandComplete                       0x00006fd5   Thumb Code    46  ota.o(.text)
    CmdFwErase                               0x00007003   Thumb Code    22  ota.o(.text)
    CmdFwWrite                               0x00007019   Thumb Code    38  ota.o(.text)
    CmdFwUpgrade                             0x0000703f   Thumb Code    54  ota.o(.text)
    .text                                    0x000070d4   Section        0  syd8801_debug.o(.text)
    .text                                    0x000071b8   Section        0  syd8801_delay.o(.text)
    .text                                    0x000071d4   Section        0  syd8801_gpio.o(.text)
    .text                                    0x00007508   Section        0  syd8801_timer.o(.text)
    NVIC_EnableIRQ                           0x00007625   Thumb Code    14  syd8801_timer.o(.text)
    NVIC_DisableIRQ                          0x00007633   Thumb Code    16  syd8801_timer.o(.text)
    .text                                    0x00007650   Section        0  syd8801_uart.o(.text)
    NVIC_EnableIRQ                           0x00007775   Thumb Code    14  syd8801_uart.o(.text)
    .text                                    0x00007798   Section        0  syd8801_adc.o(.text)
    .text                                    0x0000787c   Section       28  startup_armcm0.o(.text)
    .text                                    0x00007898   Section        0  system_armcm0.o(.text)
    .text                                    0x000078a8   Section        0  main.o(.text)
    AttGetHdlPrimary                         0x0000799d   Thumb Code   192  main.o(.text)
    AttReadByTypeValRsp                      0x00007a5d   Thumb Code   412  main.o(.text)
    AttReadByTypeReq                         0x00007bf9   Thumb Code   120  main.o(.text)
    AttReadRsp                               0x00007c71   Thumb Code   324  main.o(.text)
    AttReadBlobRsp                           0x00007db5   Thumb Code   306  main.o(.text)
    AttWriteReq                              0x00007ee7   Thumb Code   430  main.o(.text)
    AttWriteCmd                              0x00008095   Thumb Code   336  main.o(.text)
    AttPrepareWriteReq                       0x000081e5   Thumb Code   284  main.o(.text)
    flash_send_byte                          0x0000939f   Thumb Code    24  main.o(.text)
    flash_recv_byte                          0x000093f9   Thumb Code    24  main.o(.text)
    flash_write_status                       0x00009411   Thumb Code   156  main.o(.text)
    lib_ble_gatt_read                        0x00009e23   Thumb Code   118  main.o(.text)
    .text                                    0x00009e98   Section        0  idiv.o(.text)
    .text                                    0x00009ec0   Section        0  memcpya.o(.text)
    .text                                    0x00009ee4   Section        0  memseta.o(.text)
    .text                                    0x00009f08   Section        0  uread4.o(.text)
    .text                                    0x00009f1c   Section        0  uwrite4.o(.text)
    .text                                    0x00009f30   Section        0  dmul.o(.text)
    .text                                    0x0000a000   Section        0  ddiv.o(.text)
    .text                                    0x0000a0f0   Section        0  ffltui.o(.text)
    .text                                    0x0000a0fe   Section        0  f2d.o(.text)
    .text                                    0x0000a126   Section        0  d2f.o(.text)
    .text                                    0x0000a15e   Section        0  uidiv.o(.text)
    .text                                    0x0000a18a   Section        0  uldiv.o(.text)
    .text                                    0x0000a1ea   Section        0  fepilogue.o(.text)
    .text                                    0x0000a1ea   Section        0  iusefp.o(.text)
    .text                                    0x0000a26c   Section        0  depilogue.o(.text)
    .text                                    0x0000a32c   Section        0  dadd.o(.text)
    .text                                    0x0000a490   Section        0  dfixul.o(.text)
    .text                                    0x0000a4d0   Section       40  cdrcmple.o(.text)
    .text                                    0x0000a4f8   Section       36  init.o(.text)
    .text                                    0x0000a51c   Section        0  llshl.o(.text)
    .text                                    0x0000a53c   Section        0  llushr.o(.text)
    .text                                    0x0000a55e   Section        0  llsshr.o(.text)
    i.__0vsprintf                            0x0000a584   Section        0  printfa.o(i.__0vsprintf)
    i.__ARM_clz                              0x0000a5a8   Section        0  depilogue.o(i.__ARM_clz)
    i.__ARM_common_switch8                   0x0000a5d6   Section        0  main.o(i.__ARM_common_switch8)
    i.__scatterload_copy                     0x0000a5f0   Section       14  handlers.o(i.__scatterload_copy)
    i.__scatterload_null                     0x0000a5fe   Section        2  handlers.o(i.__scatterload_null)
    i.__scatterload_zeroinit                 0x0000a600   Section       14  handlers.o(i.__scatterload_zeroinit)
    i._fp_digits                             0x0000a610   Section        0  printfa.o(i._fp_digits)
    _fp_digits                               0x0000a611   Thumb Code   316  printfa.o(i._fp_digits)
    i._printf_core                           0x0000a768   Section        0  printfa.o(i._printf_core)
    _printf_core                             0x0000a769   Thumb Code  1754  printfa.o(i._printf_core)
    i._printf_post_padding                   0x0000ae54   Section        0  printfa.o(i._printf_post_padding)
    _printf_post_padding                     0x0000ae55   Thumb Code    32  printfa.o(i._printf_post_padding)
    i._printf_pre_padding                    0x0000ae74   Section        0  printfa.o(i._printf_pre_padding)
    _printf_pre_padding                      0x0000ae75   Thumb Code    44  printfa.o(i._printf_pre_padding)
    i._sputc                                 0x0000aea0   Section        0  printfa.o(i._sputc)
    _sputc                                   0x0000aea1   Thumb Code    10  printfa.o(i._sputc)
    .data                                    0x20001000   Section       45  main.o(.data)
    g_report                                 0x20001000   Data           4  main.o(.data)
    start_tx                                 0x20001004   Data           1  main.o(.data)
    start_adv                                0x20001005   Data           1  main.o(.data)
    cnt_1s                                   0x20001008   Data           2  main.o(.data)
    adv_times                                0x20001020   Data           4  main.o(.data)
    adv_timer_cnt                            0x20001024   Data           2  main.o(.data)
    PW_CTRL                                  0x20001028   Data           4  main.o(.data)
    j                                        0x2000102c   Data           1  main.o(.data)
    .data                                    0x2000102e   Section        8  key.o(.data)
    time_cnt                                 0x20001030   Data           2  key.o(.data)
    key_cnt                                  0x20001032   Data           2  key.o(.data)
    key_pre                                  0x20001034   Data           2  key.o(.data)
    .data                                    0x20001038   Section        8  ota.o(.data)
    EvtBuf                                   0x20001038   Data           4  ota.o(.data)
    .data                                    0x20001040   Section       20  syd8801_gpio.o(.data)
    gpio_callback                            0x20001050   Data           4  syd8801_gpio.o(.data)
    .data                                    0x20001054   Section        4  syd8801_timer.o(.data)
    .data                                    0x20001058   Section       16  syd8801_uart.o(.data)
    uartrx_callback                          0x20001060   Data           8  syd8801_uart.o(.data)
    .data                                    0x20001068   Section        4  syd8801_adc.o(.data)
    .data                                    0x2000106c   Section        4  system_armcm0.o(.data)
    .data                                    0x20001070   Section       91  main.o(.data)
    fsm_sleep                                0x20001070   Data           1  main.o(.data)
    addr                                     0x20001071   Data           1  main.o(.data)
    addr_en                                  0x20001072   Data           1  main.o(.data)
    save_device_to_flash                     0x20001073   Data           1  main.o(.data)
    profile_data_to_flash                    0x20001074   Data           1  main.o(.data)
    del_bm_to_flash                          0x20001075   Data           1  main.o(.data)
    del_all_bm_to_flash                      0x20001076   Data           1  main.o(.data)
    connection_update                        0x20001077   Data           1  main.o(.data)
    isconnected                              0x20001078   Data           1  main.o(.data)
    lib_Read_Call                            0x20001079   Data           1  main.o(.data)
    lib_ReadRsp                              0x2000107a   Data           1  main.o(.data)
    lib_ReadRspLen                           0x2000107b   Data           1  main.o(.data)
    dump_pkt                                 0x2000107c   Data           1  main.o(.data)
    key_req                                  0x2000107d   Data           1  main.o(.data)
    auto_save_after_conn                     0x2000107e   Data           1  main.o(.data)
    profile_addr                             0x2000107f   Data           1  main.o(.data)
    profile_sz                               0x20001080   Data           1  main.o(.data)
    bond_manager_index                       0x20001081   Data           1  main.o(.data)
    BB_CTRL                                  0x20001084   Data           4  main.o(.data)
    MISC_CTRL                                0x20001088   Data           4  main.o(.data)
    PW_CTRL                                  0x2000108c   Data           4  main.o(.data)
    TIMER_CTRL                               0x20001090   Data           4  main.o(.data)
    pd_cfg                                   0x20001094   Data           4  main.o(.data)
    slp_cfg                                  0x20001098   Data           4  main.o(.data)
    lclink                                   0x2000109c   Data           4  main.o(.data)
    flash_hdr                                0x200010a0   Data           4  main.o(.data)
    txpdu                                    0x200010a4   Data           4  main.o(.data)
    rxbuf                                    0x200010a8   Data           4  main.o(.data)
    g_lib_report                             0x200010b0   Data           4  main.o(.data)
    dly_map                                  0x200010b8   Data           5  main.o(.data)
    g_evt                                    0x200010bd   Data           6  main.o(.data)
    update_params                            0x200010c3   Data           8  main.o(.data)
    .bss                                     0x200010cc   Section       26  main.o(.bss)
    .bss                                     0x200010e6   Section      128  syd8801_debug.o(.bss)
    s_formatBuffer                           0x200010e6   Data         128  syd8801_debug.o(.bss)
    .bss                                     0x20001168   Section       12  syd8801_timer.o(.bss)
    timer0_callback                          0x20001168   Data          12  syd8801_timer.o(.bss)
    .bss                                     0x20001174   Section     4321  main.o(.bss)
    evt                                      0x20001174   Data          26  main.o(.bss)
    peer_bond                                0x2000118e   Data          49  main.o(.bss)
    flash                                    0x200011bf   Data        4096  main.o(.bss)
    profile                                  0x200021bf   Data         128  main.o(.bss)
    lib_ReadRspData                          0x2000223f   Data          22  main.o(.bss)
    STACK                                    0x20002258   Section     1024  startup_armcm0.o(STACK)

    Global Symbols

    Symbol Name                              Value     Ov Type        Size  Object(Section)

    BuildAttributes$$THM_ISAv3M$S$PE$A:L22$X:L11$S22$IEEE1$IW$USESV6$~STKCKD$USESV7$~SHL$OTIME$ROPI$EBA8$MICROLIB$REQ8$PRES8$EABIv2 0x00000000   Number         0  anon$$obj.o ABSOLUTE
    __ARM_use_no_argv                        0x00000000   Number         0  main.o ABSOLUTE
    __cpp_initialize__aeabi_                  - Undefined Weak Reference
    __cxa_finalize                            - Undefined Weak Reference
    __decompress                              - Undefined Weak Reference
    _clock_init                               - Undefined Weak Reference
    _microlib_exit                            - Undefined Weak Reference
    __Vectors_Size                           0x000000c0   Number         0  startup_armcm0.o ABSOLUTE
    __Vectors                                0x00006000   Data           4  startup_armcm0.o(RESET)
    __Vectors_End                            0x000060c0   Data           0  startup_armcm0.o(RESET)
    __main                                   0x000060c1   Thumb Code     0  entry.o(.ARM.Collect$$$$00000000)
    _main_stk                                0x000060c1   Thumb Code     0  entry2.o(.ARM.Collect$$$$00000001)
    _main_scatterload                        0x000060c5   Thumb Code     0  entry5.o(.ARM.Collect$$$$00000004)
    __main_after_scatterload                 0x000060c9   Thumb Code     0  entry5.o(.ARM.Collect$$$$00000004)
    _main_clock                              0x000060c9   Thumb Code     0  entry7b.o(.ARM.Collect$$$$00000008)
    _main_cpp_init                           0x000060c9   Thumb Code     0  entry8b.o(.ARM.Collect$$$$0000000A)
    _main_init                               0x000060c9   Thumb Code     0  entry9a.o(.ARM.Collect$$$$0000000B)
    __rt_final_cpp                           0x000060d1   Thumb Code     0  entry10a.o(.ARM.Collect$$$$0000000D)
    __rt_final_exit                          0x000060d1   Thumb Code     0  entry11a.o(.ARM.Collect$$$$0000000F)
    SystemSleepSYD                           0x000060d5   Thumb Code   194  main.o(.text)
    BLE_SendData                             0x00006375   Thumb Code    48  main.o(.text)
    ble_evt_callback                         0x0000683b   Thumb Code   440  main.o(.text)
    march_state_process                      0x00006b0b   Thumb Code   154  main.o(.text)
    main                                     0x00006c21   Thumb Code   292  main.o(.text)
    key_config                               0x00006e7d   Thumb Code    20  key.o(.text)
    get_key                                  0x00006e91   Thumb Code    70  key.o(.text)
    led_open                                 0x00006fb1   Thumb Code    12  led.o(.text)
    led_close                                0x00006fbd   Thumb Code    12  led.o(.text)
    led_turn                                 0x00006fc9   Thumb Code    12  led.o(.text)
    ota_cmd                                  0x00007075   Thumb Code    50  ota.o(.text)
    ota_rsp                                  0x000070a7   Thumb Code    34  ota.o(.text)
    dbg_init                                 0x000070d5   Thumb Code    14  syd8801_debug.o(.text)
    dbg_printf                               0x000070e3   Thumb Code    78  syd8801_debug.o(.text)
    dbg_hexdump                              0x00007131   Thumb Code   108  syd8801_debug.o(.text)
    delay_us                                 0x000071b9   Thumb Code    26  syd8801_delay.o(.text)
    GPIO_Set_Input                           0x000071d5   Thumb Code   394  syd8801_gpio.o(.text)
    GPIO_Pin_Set                             0x0000735f   Thumb Code    50  syd8801_gpio.o(.text)
    GPIO_Pin_Clear                           0x00007391   Thumb Code    50  syd8801_gpio.o(.text)
    GPIO_Pin_Turn                            0x000073c3   Thumb Code    16  syd8801_gpio.o(.text)
    GPIO_Pin_Read                            0x000073d3   Thumb Code    44  syd8801_gpio.o(.text)
    io_irq_enable                            0x000073ff   Thumb Code   110  syd8801_gpio.o(.text)
    GPIO_IRQHandler                          0x0000746d   Thumb Code   132  syd8801_gpio.o(.text)
    timer_0_enable                           0x00007509   Thumb Code   108  syd8801_timer.o(.text)
    timer_0_disable                          0x00007575   Thumb Code    26  syd8801_timer.o(.text)
    TIMER0_IRQHandler                        0x0000758f   Thumb Code    50  syd8801_timer.o(.text)
    TIMER1_IRQHandler                        0x000075c1   Thumb Code    50  syd8801_timer.o(.text)
    TIMER2_IRQHandler                        0x000075f3   Thumb Code    50  syd8801_timer.o(.text)
    uart_0_init                              0x00007651   Thumb Code   120  syd8801_uart.o(.text)
    uart_0_write                             0x000076c9   Thumb Code    40  syd8801_uart.o(.text)
    UART0_IRQHandler                         0x000076f1   Thumb Code    66  syd8801_uart.o(.text)
    UART1_IRQHandler                         0x00007733   Thumb Code    66  syd8801_uart.o(.text)
    adc_init                                 0x00007799   Thumb Code   110  syd8801_adc.o(.text)
    get_adcval                               0x00007807   Thumb Code    70  syd8801_adc.o(.text)
    adc_open                                 0x0000784d   Thumb Code    36  syd8801_adc.o(.text)
    Reset_Handler                            0x0000787d   Thumb Code     8  startup_armcm0.o(.text)
    NMI_Handler                              0x00007885   Thumb Code     2  startup_armcm0.o(.text)
    HardFault_Handler                        0x00007887   Thumb Code     2  startup_armcm0.o(.text)
    SVC_Handler                              0x00007889   Thumb Code     2  startup_armcm0.o(.text)
    PendSV_Handler                           0x0000788b   Thumb Code     2  startup_armcm0.o(.text)
    SysTick_Handler                          0x0000788d   Thumb Code     2  startup_armcm0.o(.text)
    I2C0_IRQHandler                          0x0000788f   Thumb Code     0  startup_armcm0.o(.text)
    I2C1_IRQHandler                          0x0000788f   Thumb Code     0  startup_armcm0.o(.text)
    LLC_IRQHandler                           0x0000788f   Thumb Code     0  startup_armcm0.o(.text)
    TIMER3_IRQHandler                        0x0000788f   Thumb Code     0  startup_armcm0.o(.text)
    SystemInit                               0x00007899   Thumb Code     8  system_armcm0.o(.text)
    DelayUS                                  0x000078a9   Thumb Code    30  main.o(.text)
    _SetConnectionUpdate                     0x000078c7   Thumb Code    90  main.o(.text)
    LCDisConnect                             0x00007921   Thumb Code   124  main.o(.text)
    Protocol_Hook_Callback                   0x00008301   Thumb Code   270  main.o(.text)
    AttTxPacket                              0x0000840f   Thumb Code    36  main.o(.text)
    ATTCCallback                             0x00008433   Thumb Code    34  main.o(.text)
    LibL2capPacketHandle                     0x00008455   Thumb Code   132  main.o(.text)
    LibLLPacketHandle                        0x000084d9   Thumb Code   322  main.o(.text)
    BBRXFIFORead                             0x0000861b   Thumb Code   120  main.o(.text)
    LibRxPkt_Handler                         0x00008693   Thumb Code   144  main.o(.text)
    libLCTxPkt_Handler                       0x00008723   Thumb Code   224  main.o(.text)
    LL_Evt_Callback                          0x00008803   Thumb Code   210  main.o(.text)
    BleInit                                  0x000088d5   Thumb Code   506  main.o(.text)
    DisConnect                               0x00008acf   Thumb Code    26  main.o(.text)
    StartAdv                                 0x00008ae9   Thumb Code   460  main.o(.text)
    SetDevAddr                               0x00008cb5   Thumb Code    58  main.o(.text)
    GetDevAddr                               0x00008cef   Thumb Code    18  main.o(.text)
    SetLEFeature                             0x00008d01   Thumb Code    12  main.o(.text)
    SetAdvData                               0x00008d0d   Thumb Code    12  main.o(.text)
    SetAdvParams                             0x00008d19   Thumb Code    12  main.o(.text)
    SetSecParams                             0x00008d25   Thumb Code    12  main.o(.text)
    SetAdvAccCode                            0x00008d31   Thumb Code    12  main.o(.text)
    SetConnectionUpdate                      0x00008d3d   Thumb Code    18  main.o(.text)
    GetLinkParameters                        0x00008d4f   Thumb Code    12  main.o(.text)
    SetPasskey                               0x00008d5b   Thumb Code    12  main.o(.text)
    SetGATTReadRsp                           0x00008d67   Thumb Code    86  main.o(.text)
    LIB_Evt_Callback                         0x00008dbd   Thumb Code   162  main.o(.text)
    SetEvtCallback                           0x00008e5f   Thumb Code    56  main.o(.text)
    SetLLEvtCallback                         0x00008e97   Thumb Code    12  main.o(.text)
    GetGATTReportHandle                      0x00008ea3   Thumb Code    12  main.o(.text)
    queryBufEnough                           0x00008eaf   Thumb Code    58  main.o(.text)
    queryBufSpace                            0x00008ee9   Thumb Code    50  main.o(.text)
    CheckFIFOFull                            0x00008f1b   Thumb Code    18  main.o(.text)
    GATTDataSend                             0x00008f2d   Thumb Code    34  main.o(.text)
    LinkWakeup                               0x00008f4f   Thumb Code    86  main.o(.text)
    ConnectionLatencyMode                    0x00008fa5   Thumb Code    20  main.o(.text)
    LPOCaliWaitUS                            0x00008fb9   Thumb Code   172  main.o(.text)
    LPOCalibration                           0x00009065   Thumb Code    82  main.o(.text)
    RCOSCCalibration                         0x000090b7   Thumb Code     6  main.o(.text)
    MCUClockSwitch                           0x000090bd   Thumb Code     6  main.o(.text)
    ClockSwitch                              0x000090c3   Thumb Code    58  main.o(.text)
    GetMCUClock                              0x000090fd   Thumb Code    12  main.o(.text)
    GetClock                                 0x00009109   Thumb Code    12  main.o(.text)
    WakeupConfig                             0x00009115   Thumb Code    42  main.o(.text)
    LLSleep                                  0x0000913f   Thumb Code    12  main.o(.text)
    SecurityReq                              0x0000914b   Thumb Code    46  main.o(.text)
    Rand                                     0x00009179   Thumb Code    10  main.o(.text)
    checkSlpCfg                              0x00009183   Thumb Code     2  main.o(.text)
    PCWaitForEvt                             0x00009185   Thumb Code   498  main.o(.text)
    SystemSleep                              0x00009377   Thumb Code    40  main.o(.text)
    flash_enter_pd                           0x000093b7   Thumb Code    66  main.o(.text)
    flash_release_pd                         0x000094ad   Thumb Code    76  main.o(.text)
    flash_erase                              0x000094f9   Thumb Code   214  main.o(.text)
    _DelBondDeviceByIndex                    0x000095cf   Thumb Code   138  main.o(.text)
    _DelAllBondDevice                        0x00009659   Thumb Code   128  main.o(.text)
    _AddBondDeviceByIndex                    0x000096d9   Thumb Code    86  main.o(.text)
    ble_sched_execute                        0x0000972f   Thumb Code   192  main.o(.text)
    SystemPowerDown                          0x000097ef   Thumb Code   102  main.o(.text)
    SystemReset                              0x00009855   Thumb Code   110  main.o(.text)
    RFSleep                                  0x000098c3   Thumb Code    10  main.o(.text)
    RFWakeup                                 0x000098cd   Thumb Code    36  main.o(.text)
    SetBondManagerIndex                      0x000098f1   Thumb Code    88  main.o(.text)
    GetBondDevice                            0x00009949   Thumb Code    76  main.o(.text)
    AddBondDevice                            0x00009995   Thumb Code    22  main.o(.text)
    DelAllBondDevice                         0x000099ab   Thumb Code     8  main.o(.text)
    DelBondDevice                            0x000099b3   Thumb Code     8  main.o(.text)
    ReadProfileData                          0x000099bb   Thumb Code     4  main.o(.text)
    WriteProfileData                         0x000099bf   Thumb Code   198  main.o(.text)
    ble_flash_erase                          0x00009a85   Thumb Code     8  main.o(.text)
    ble_flash_read                           0x00009a8d   Thumb Code     4  main.o(.text)
    ble_flash_write                          0x00009a91   Thumb Code     4  main.o(.text)
    CodeErase                                0x00009a95   Thumb Code    62  main.o(.text)
    CodeWrite                                0x00009ad3   Thumb Code     4  main.o(.text)
    CodeUpdate                               0x00009ad7   Thumb Code   386  main.o(.text)
    SetATTCCallback                          0x00009c59   Thumb Code     8  main.o(.text)
    ATTC_MTUReq                              0x00009c61   Thumb Code    22  main.o(.text)
    ATTC_FindInfoReq                         0x00009c77   Thumb Code    28  main.o(.text)
    ATTC_FindByTypeValueReq                  0x00009c93   Thumb Code    54  main.o(.text)
    ATTC_ReadByTypeReq                       0x00009cc9   Thumb Code    48  main.o(.text)
    ATTC_ReadReq                             0x00009cf9   Thumb Code    22  main.o(.text)
    ATTC_ReadBlobReq                         0x00009d0f   Thumb Code    28  main.o(.text)
    ATTC_ReadMultipleReq                     0x00009d2b   Thumb Code    30  main.o(.text)
    ATTC_ReadByGroupTypeReq                  0x00009d49   Thumb Code    48  main.o(.text)
    ATTC_WriteReq                            0x00009d79   Thumb Code    44  main.o(.text)
    ATTC_WriteCmdReq                         0x00009da5   Thumb Code    44  main.o(.text)
    ATTC_PrepareWriteReq                     0x00009dd1   Thumb Code    48  main.o(.text)
    ATTC_ExecuteWriteReq                     0x00009e01   Thumb Code    18  main.o(.text)
    ATTC_Confirmation                        0x00009e13   Thumb Code    16  main.o(.text)
    __aeabi_idiv                             0x00009e99   Thumb Code     0  idiv.o(.text)
    __aeabi_idivmod                          0x00009e99   Thumb Code    40  idiv.o(.text)
    __aeabi_memcpy                           0x00009ec1   Thumb Code    36  memcpya.o(.text)
    __aeabi_memcpy4                          0x00009ec1   Thumb Code     0  memcpya.o(.text)
    __aeabi_memcpy8                          0x00009ec1   Thumb Code     0  memcpya.o(.text)
    __aeabi_memset                           0x00009ee5   Thumb Code    14  memseta.o(.text)
    __aeabi_memset4                          0x00009ee5   Thumb Code     0  memseta.o(.text)
    __aeabi_memset8                          0x00009ee5   Thumb Code     0  memseta.o(.text)
    __aeabi_memclr                           0x00009ef3   Thumb Code     4  memseta.o(.text)
    __aeabi_memclr4                          0x00009ef3   Thumb Code     0  memseta.o(.text)
    __aeabi_memclr8                          0x00009ef3   Thumb Code     0  memseta.o(.text)
    _memset$wrapper                          0x00009ef7   Thumb Code    18  memseta.o(.text)
    __aeabi_uread4                           0x00009f09   Thumb Code    20  uread4.o(.text)
    __rt_uread4                              0x00009f09   Thumb Code     0  uread4.o(.text)
    _uread4                                  0x00009f09   Thumb Code     0  uread4.o(.text)
    __aeabi_uwrite4                          0x00009f1d   Thumb Code    18  uwrite4.o(.text)
    __rt_uwrite4                             0x00009f1d   Thumb Code     0  uwrite4.o(.text)
    _uwrite4                                 0x00009f1d   Thumb Code     0  uwrite4.o(.text)
    __aeabi_dmul                             0x00009f31   Thumb Code   202  dmul.o(.text)
    __aeabi_ddiv                             0x0000a001   Thumb Code   234  ddiv.o(.text)
    __aeabi_ui2f                             0x0000a0f1   Thumb Code    14  ffltui.o(.text)
    __aeabi_f2d                              0x0000a0ff   Thumb Code    40  f2d.o(.text)
    __aeabi_d2f                              0x0000a127   Thumb Code    56  d2f.o(.text)
    __aeabi_uidiv                            0x0000a15f   Thumb Code     0  uidiv.o(.text)
    __aeabi_uidivmod                         0x0000a15f   Thumb Code    44  uidiv.o(.text)
    __aeabi_uldivmod                         0x0000a18b   Thumb Code    96  uldiv.o(.text)
    __I$use$fp                               0x0000a1eb   Thumb Code     0  iusefp.o(.text)
    _float_round                             0x0000a1eb   Thumb Code    16  fepilogue.o(.text)
    _float_epilogue                          0x0000a1fb   Thumb Code   114  fepilogue.o(.text)
    _double_round                            0x0000a26d   Thumb Code    26  depilogue.o(.text)
    _double_epilogue                         0x0000a287   Thumb Code   164  depilogue.o(.text)
    __aeabi_dadd                             0x0000a32d   Thumb Code   328  dadd.o(.text)
    __aeabi_dsub                             0x0000a475   Thumb Code    12  dadd.o(.text)
    __aeabi_drsub                            0x0000a481   Thumb Code    12  dadd.o(.text)
    __aeabi_d2ulz                            0x0000a491   Thumb Code    54  dfixul.o(.text)
    __aeabi_cdrcmple                         0x0000a4d1   Thumb Code    38  cdrcmple.o(.text)
    __scatterload                            0x0000a4f9   Thumb Code    28  init.o(.text)
    __scatterload_rt2                        0x0000a4f9   Thumb Code     0  init.o(.text)
    __aeabi_llsl                             0x0000a51d   Thumb Code    32  llshl.o(.text)
    _ll_shift_l                              0x0000a51d   Thumb Code     0  llshl.o(.text)
    __aeabi_llsr                             0x0000a53d   Thumb Code    34  llushr.o(.text)
    _ll_ushift_r                             0x0000a53d   Thumb Code     0  llushr.o(.text)
    __aeabi_lasr                             0x0000a55f   Thumb Code    38  llsshr.o(.text)
    _ll_sshift_r                             0x0000a55f   Thumb Code     0  llsshr.o(.text)
    __0vsprintf                              0x0000a585   Thumb Code    30  printfa.o(i.__0vsprintf)
    __1vsprintf                              0x0000a585   Thumb Code     0  printfa.o(i.__0vsprintf)
    __2vsprintf                              0x0000a585   Thumb Code     0  printfa.o(i.__0vsprintf)
    __c89vsprintf                            0x0000a585   Thumb Code     0  printfa.o(i.__0vsprintf)
    vsprintf                                 0x0000a585   Thumb Code     0  printfa.o(i.__0vsprintf)
    __ARM_clz                                0x0000a5a9   Thumb Code    46  depilogue.o(i.__ARM_clz)
    __ARM_common_switch8                     0x0000a5d7   Thumb Code    26  main.o(i.__ARM_common_switch8)
    __scatterload_copy                       0x0000a5f1   Thumb Code    14  handlers.o(i.__scatterload_copy)
    __scatterload_null                       0x0000a5ff   Thumb Code     2  handlers.o(i.__scatterload_null)
    __scatterload_zeroinit                   0x0000a601   Thumb Code    14  handlers.o(i.__scatterload_zeroinit)
    Region$$Table$$Base                      0x0000aeac   Number         0  anon$$obj.o(Region$$Table)
    Region$$Table$$Limit                     0x0000aecc   Number         0  anon$$obj.o(Region$$Table)
    timer1s_inting                           0x20001006   Data           1  main.o(.data)
    ADV_DATA                                 0x2000100a   Data          16  main.o(.data)
    ADV_DATA_SZ                              0x2000101a   Data           2  main.o(.data)
    SCAN_DATA                                0x2000101c   Data           1  main.o(.data)
    SCAN_DATA_SZ                             0x2000101e   Data           2  main.o(.data)
    key_sta                                  0x2000102e   Data           1  key.o(.data)
    pevt                                     0x2000103c   Data           4  ota.o(.data)
    PIN_CONFIG                               0x20001040   Data           4  syd8801_gpio.o(.data)
    GPO_CTRL                                 0x20001044   Data           4  syd8801_gpio.o(.data)
    GPI_CTRL                                 0x20001048   Data           4  syd8801_gpio.o(.data)
    GPIO_IRQ_CTRL                            0x2000104c   Data           4  syd8801_gpio.o(.data)
    TIMER_CTRL                               0x20001054   Data           4  syd8801_timer.o(.data)
    UART_0_CTRL                              0x20001058   Data           4  syd8801_uart.o(.data)
    UART_1_CTRL                              0x2000105c   Data           4  syd8801_uart.o(.data)
    BI_CTRL                                  0x20001068   Data           4  syd8801_adc.o(.data)
    SystemCoreClock                          0x2000106c   Data           4  system_armcm0.o(.data)
    FLASH_CTRL                               0x200010ac   Data           4  main.o(.data)
    p_attc_callback                          0x200010b4   Data           4  main.o(.data)
    march_state                              0x200010cc   Data          26  main.o(.bss)
    __initial_sp                             0x20002658   Data           0  startup_armcm0.o(STACK)



==============================================================================

Memory Map of the image

  Image Entry point : 0x000060c1

  Load Region LR_IROM1 (Base: 0x00006000, Size: 0x00004f98, Max: 0x00008000, ABSOLUTE)

    Execution Region ER_IROM1 (Base: 0x00006000, Size: 0x00004ecc, Max: 0x00008000, ABSOLUTE)

    Base Addr    Size         Type   Attr      Idx    E Section Name        Object

    0x00006000   0x000000c0   Data   RO          501    RESET               startup_armcm0.o
    0x000060c0   0x00000000   Code   RO          606  * .ARM.Collect$$$$00000000  mc_p.l(entry.o)
    0x000060c0   0x00000004   Code   RO          659    .ARM.Collect$$$$00000001  mc_p.l(entry2.o)
    0x000060c4   0x00000004   Code   RO          662    .ARM.Collect$$$$00000004  mc_p.l(entry5.o)
    0x000060c8   0x00000000   Code   RO          664    .ARM.Collect$$$$00000008  mc_p.l(entry7b.o)
    0x000060c8   0x00000000   Code   RO          666    .ARM.Collect$$$$0000000A  mc_p.l(entry8b.o)
    0x000060c8   0x00000008   Code   RO          667    .ARM.Collect$$$$0000000B  mc_p.l(entry9a.o)
    0x000060d0   0x00000000   Code   RO          669    .ARM.Collect$$$$0000000D  mc_p.l(entry10a.o)
    0x000060d0   0x00000000   Code   RO          671    .ARM.Collect$$$$0000000F  mc_p.l(entry11a.o)
    0x000060d0   0x00000004   Code   RO          660    .ARM.Collect$$$$00002712  mc_p.l(entry2.o)
    0x000060d4   0x00000da8   Code   RO            3    .text               main.o
    0x00006e7c   0x00000134   Code   RO           90    .text               key.o
    0x00006fb0   0x00000024   Code   RO          123    .text               led.o
    0x00006fd4   0x00000100   Code   RO          148    .text               ota.o
    0x000070d4   0x000000e4   Code   RO          171    .text               syd8801_debug.o
    0x000071b8   0x0000001a   Code   RO          205    .text               syd8801_delay.o
    0x000071d2   0x00000002   PAD
    0x000071d4   0x00000334   Code   RO          231    .text               syd8801_gpio.o
    0x00007508   0x00000148   Code   RO          271    .text               syd8801_timer.o
    0x00007650   0x00000148   Code   RO          328    .text               syd8801_uart.o
    0x00007798   0x000000e4   Code   RO          472    .text               syd8801_adc.o
    0x0000787c   0x0000001c   Code   RO          502    .text               startup_armcm0.o
    0x00007898   0x00000010   Code   RO          509    .text               system_armcm0.o
    0x000078a8   0x000025f0   Code   RO          540    .text               syd_8801_lib.lib(main.o)
    0x00009e98   0x00000028   Code   RO          609    .text               mc_p.l(idiv.o)
    0x00009ec0   0x00000024   Code   RO          611    .text               mc_p.l(memcpya.o)
    0x00009ee4   0x00000024   Code   RO          613    .text               mc_p.l(memseta.o)
    0x00009f08   0x00000014   Code   RO          645    .text               mc_p.l(uread4.o)
    0x00009f1c   0x00000012   Code   RO          647    .text               mc_p.l(uwrite4.o)
    0x00009f2e   0x00000002   PAD
    0x00009f30   0x000000d0   Code   RO          649    .text               mf_p.l(dmul.o)
    0x0000a000   0x000000f0   Code   RO          651    .text               mf_p.l(ddiv.o)
    0x0000a0f0   0x0000000e   Code   RO          653    .text               mf_p.l(ffltui.o)
    0x0000a0fe   0x00000028   Code   RO          655    .text               mf_p.l(f2d.o)
    0x0000a126   0x00000038   Code   RO          657    .text               mf_p.l(d2f.o)
    0x0000a15e   0x0000002c   Code   RO          676    .text               mc_p.l(uidiv.o)
    0x0000a18a   0x00000060   Code   RO          678    .text               mc_p.l(uldiv.o)
    0x0000a1ea   0x00000000   Code   RO          680    .text               mc_p.l(iusefp.o)
    0x0000a1ea   0x00000082   Code   RO          681    .text               mf_p.l(fepilogue.o)
    0x0000a26c   0x000000be   Code   RO          683    .text               mf_p.l(depilogue.o)
    0x0000a32a   0x00000002   PAD
    0x0000a32c   0x00000164   Code   RO          687    .text               mf_p.l(dadd.o)
    0x0000a490   0x00000040   Code   RO          689    .text               mf_p.l(dfixul.o)
    0x0000a4d0   0x00000028   Code   RO          691    .text               mf_p.l(cdrcmple.o)
    0x0000a4f8   0x00000024   Code   RO          693    .text               mc_p.l(init.o)
    0x0000a51c   0x00000020   Code   RO          696    .text               mc_p.l(llshl.o)
    0x0000a53c   0x00000022   Code   RO          698    .text               mc_p.l(llushr.o)
    0x0000a55e   0x00000026   Code   RO          700    .text               mc_p.l(llsshr.o)
    0x0000a584   0x00000024   Code   RO          624    i.__0vsprintf       mc_p.l(printfa.o)
    0x0000a5a8   0x0000002e   Code   RO          685    i.__ARM_clz         mf_p.l(depilogue.o)
    0x0000a5d6   0x0000001a   Code   RO          560    i.__ARM_common_switch8  syd_8801_lib.lib(main.o)
    0x0000a5f0   0x0000000e   Code   RO          704    i.__scatterload_copy  mc_p.l(handlers.o)
    0x0000a5fe   0x00000002   Code   RO          705    i.__scatterload_null  mc_p.l(handlers.o)
    0x0000a600   0x0000000e   Code   RO          706    i.__scatterload_zeroinit  mc_p.l(handlers.o)
    0x0000a60e   0x00000002   PAD
    0x0000a610   0x00000158   Code   RO          625    i._fp_digits        mc_p.l(printfa.o)
    0x0000a768   0x000006ec   Code   RO          626    i._printf_core      mc_p.l(printfa.o)
    0x0000ae54   0x00000020   Code   RO          627    i._printf_post_padding  mc_p.l(printfa.o)
    0x0000ae74   0x0000002c   Code   RO          628    i._printf_pre_padding  mc_p.l(printfa.o)
    0x0000aea0   0x0000000a   Code   RO          630    i._sputc            mc_p.l(printfa.o)
    0x0000aeaa   0x00000002   PAD
    0x0000aeac   0x00000020   Data   RO          703    Region$$Table       anon$$obj.o


    Execution Region RW_IRAM1 (Base: 0x20001000, Size: 0x00001658, Max: 0x00002000, ABSOLUTE)

    Base Addr    Size         Type   Attr      Idx    E Section Name        Object

    0x20001000   0x0000002d   Data   RW            5    .data               main.o
    0x2000102d   0x00000001   PAD
    0x2000102e   0x00000008   Data   RW           92    .data               key.o
    0x20001036   0x00000002   PAD
    0x20001038   0x00000008   Data   RW          149    .data               ota.o
    0x20001040   0x00000014   Data   RW          233    .data               syd8801_gpio.o
    0x20001054   0x00000004   Data   RW          278    .data               syd8801_timer.o
    0x20001058   0x00000010   Data   RW          338    .data               syd8801_uart.o
    0x20001068   0x00000004   Data   RW          474    .data               syd8801_adc.o
    0x2000106c   0x00000004   Data   RW          510    .data               system_armcm0.o
    0x20001070   0x0000005b   Data   RW          542    .data               syd_8801_lib.lib(main.o)
    0x200010cb   0x00000001   PAD
    0x200010cc   0x0000001a   Zero   RW            4    .bss                main.o
    0x200010e6   0x00000080   Zero   RW          172    .bss                syd8801_debug.o
    0x20001166   0x00000002   PAD
    0x20001168   0x0000000c   Zero   RW          277    .bss                syd8801_timer.o
    0x20001174   0x000010e1   Zero   RW          541    .bss                syd_8801_lib.lib(main.o)
    0x20002255   0x00000003   PAD
    0x20002258   0x00000400   Zero   RW          499    STACK               startup_armcm0.o


==============================================================================

Image component sizes


      Code (inc. data)   RO Data    RW Data    ZI Data      Debug   Object Name

       308         18          0          8          0       1099   key.o
        36          0          0          0          0        750   led.o
      3496        468          0         45         26      28513   main.o
       256         12          0          8          0       2017   ota.o
        28          8        192          0       1024        600   startup_armcm0.o
       228         12          0          4          0       1273   syd8801_adc.o
       228         28          0          0        128       2286   syd8801_debug.o
        26          0          0          0          0        467   syd8801_delay.o
       820         24          0         20          0       8612   syd8801_gpio.o
       328         14          0          4         12       1932   syd8801_timer.o
       328         22          0         16          0       1851   syd8801_uart.o
        16          8          0          4          0        635   system_armcm0.o

    ----------------------------------------------------------------------
      6100        614        224        112       1192      50035   Object Totals
         0          0         32          0          0          0   (incl. Generated)
         2          0          0          3          2          0   (incl. Padding)

    ----------------------------------------------------------------------

      Code (inc. data)   RO Data    RW Data    ZI Data      Debug   Library Member Name

         0          0          0          0          0          0   entry.o
         0          0          0          0          0          0   entry10a.o
         0          0          0          0          0          0   entry11a.o
         8          4          0          0          0          0   entry2.o
         4          0          0          0          0          0   entry5.o
         0          0          0          0          0          0   entry7b.o
         0          0          0          0          0          0   entry8b.o
         8          4          0          0          0          0   entry9a.o
        30          0          0          0          0          0   handlers.o
        40          0          0          0          0         72   idiv.o
        36          8          0          0          0         68   init.o
         0          0          0          0          0          0   iusefp.o
        32          0          0          0          0         68   llshl.o
        38          0          0          0          0         68   llsshr.o
        34          0          0          0          0         68   llushr.o
        36          0          0          0          0         60   memcpya.o
        36          0          0          0          0        100   memseta.o
      2238         96          0          0          0        460   printfa.o
        44          0          0          0          0         72   uidiv.o
        96          0          0          0          0         84   uldiv.o
        20          0          0          0          0         60   uread4.o
        18          0          0          0          0         60   uwrite4.o
        40          2          0          0          0         68   cdrcmple.o
        56          0          0          0          0         68   d2f.o
       356          4          0          0          0        140   dadd.o
       240          6          0          0          0         84   ddiv.o
       236          0          0          0          0        216   depilogue.o
        64         10          0          0          0         68   dfixul.o
       208          6          0          0          0         88   dmul.o
        40          0          0          0          0         60   f2d.o
       130          0          0          0          0        144   fepilogue.o
        14          0          0          0          0         68   ffltui.o
      9738        438          0         91       4321      98681   main.o

    ----------------------------------------------------------------------
     13848        578          0         92       4324     100925   Library Totals
         8          0          0          1          3          0   (incl. Padding)

    ----------------------------------------------------------------------

      Code (inc. data)   RO Data    RW Data    ZI Data      Debug   Library Name

      2718        112          0          0          0       1240   mc_p.l
      1384         28          0          0          0       1004   mf_p.l
      9738        438          0         91       4321      98681   syd_8801_lib.lib

    ----------------------------------------------------------------------
     13848        578          0         92       4324     100925   Library Totals

    ----------------------------------------------------------------------

==============================================================================


      Code (inc. data)   RO Data    RW Data    ZI Data      Debug   

     19948       1192        224        204       5516     149256   Grand Totals
     19948       1192        224        204       5516     149256   ELF Image Totals
     19948       1192        224        204          0          0   ROM Totals

==============================================================================

    Total RO  Size (Code + RO Data)                20172 (  19.70kB)
    Total RW  Size (RW Data + ZI Data)              5720 (   5.59kB)
    Total ROM Size (Code + RO Data + RW Data)      20376 (  19.90kB)

==============================================================================

